Archive member included because of file (symbol)

D:\usr\github\clone\GR-SAKURA-MRUBY-CAR\gcctestb\gcctestb\gr_mruby\mruby-1.1.0\build\grsakura\lib\libmruby.a(load.o)
                              D:\usr\github\clone\GR-SAKURA-MRUBY-CAR\gcctestb\gcctestb\Config1\rbcall.o (mrb_read_irep)
D:\usr\github\clone\GR-SAKURA-MRUBY-CAR\gcctestb\gcctestb\gr_mruby\mruby-1.1.0\build\grsakura\lib\libmruby.a(proc.o)
                              D:\usr\github\clone\GR-SAKURA-MRUBY-CAR\gcctestb\gcctestb\Config1\rbcall.o (mrb_proc_new)
D:\usr\github\clone\GR-SAKURA-MRUBY-CAR\gcctestb\gcctestb\gr_mruby\mruby-1.1.0\build\grsakura\lib\libmruby.a(state.o)
                              D:\usr\github\clone\GR-SAKURA-MRUBY-CAR\gcctestb\gcctestb\Config1\rbcall.o (mrb_open)
D:\usr\github\clone\GR-SAKURA-MRUBY-CAR\gcctestb\gcctestb\gr_mruby\mruby-1.1.0\build\grsakura\lib\libmruby.a(string.o)
                              D:\usr\github\clone\GR-SAKURA-MRUBY-CAR\gcctestb\gcctestb\gr_mruby\mruby-1.1.0\build\grsakura\lib\libmruby.a(load.o) (mrb_str_new)
D:\usr\github\clone\GR-SAKURA-MRUBY-CAR\gcctestb\gcctestb\gr_mruby\mruby-1.1.0\build\grsakura\lib\libmruby.a(symbol.o)
                              D:\usr\github\clone\GR-SAKURA-MRUBY-CAR\gcctestb\gcctestb\gr_mruby\mruby-1.1.0\build\grsakura\lib\libmruby.a(load.o) (mrb_intern)
D:\usr\github\clone\GR-SAKURA-MRUBY-CAR\gcctestb\gcctestb\gr_mruby\mruby-1.1.0\build\grsakura\lib\libmruby.a(variable.o)
                              D:\usr\github\clone\GR-SAKURA-MRUBY-CAR\gcctestb\gcctestb\gr_mruby\mruby-1.1.0\build\grsakura\lib\libmruby.a(state.o) (mrb_gc_free_gv)
D:\usr\github\clone\GR-SAKURA-MRUBY-CAR\gcctestb\gcctestb\gr_mruby\mruby-1.1.0\build\grsakura\lib\libmruby.a(vm.o)
                              D:\usr\github\clone\GR-SAKURA-MRUBY-CAR\gcctestb\gcctestb\Config1\rbcall.o (mrb_run)
D:\usr\github\clone\GR-SAKURA-MRUBY-CAR\gcctestb\gcctestb\gr_mruby\mruby-1.1.0\build\grsakura\lib\libmruby.a(ssp-thread.o)
                              D:\usr\github\clone\GR-SAKURA-MRUBY-CAR\gcctestb\gcctestb\Config1\kernel_cfg.o (mrb_ssp_thread_call)
D:\usr\github\clone\GR-SAKURA-MRUBY-CAR\gcctestb\gcctestb\gr_mruby\mruby-1.1.0\build\grsakura\lib\libmruby.a(ssp-alarm.o)
                              D:\usr\github\clone\GR-SAKURA-MRUBY-CAR\gcctestb\gcctestb\Config1\kernel_cfg.o (mrb_ssp_alarm_call)
D:\usr\github\clone\GR-SAKURA-MRUBY-CAR\gcctestb\gcctestb\gr_mruby\mruby-1.1.0\build\grsakura\lib\libmruby.a(ssp-cyclic.o)
                              D:\usr\github\clone\GR-SAKURA-MRUBY-CAR\gcctestb\gcctestb\Config1\kernel_cfg.o (mrb_ssp_cyclic_call)
D:\usr\github\clone\GR-SAKURA-MRUBY-CAR\gcctestb\gcctestb\gr_mruby\mruby-1.1.0\build\grsakura\lib\libmruby.a(gem_init.o)
                              D:\usr\github\clone\GR-SAKURA-MRUBY-CAR\gcctestb\gcctestb\gr_mruby\mruby-1.1.0\build\grsakura\lib\libmruby.a(state.o) (mrb_init_mrbgems)
D:\usr\github\clone\GR-SAKURA-MRUBY-CAR\gcctestb\gcctestb\gr_mruby\mruby-1.1.0\build\grsakura\lib\libmruby.a(array.o)
                              D:\usr\github\clone\GR-SAKURA-MRUBY-CAR\gcctestb\gcctestb\gr_mruby\mruby-1.1.0\build\grsakura\lib\libmruby.a(string.o) (mrb_ary_pop)
D:\usr\github\clone\GR-SAKURA-MRUBY-CAR\gcctestb\gcctestb\gr_mruby\mruby-1.1.0\build\grsakura\lib\libmruby.a(class.o)
                              D:\usr\github\clone\GR-SAKURA-MRUBY-CAR\gcctestb\gcctestb\gr_mruby\mruby-1.1.0\build\grsakura\lib\libmruby.a(variable.o) (mrb_class_outer_module)
D:\usr\github\clone\GR-SAKURA-MRUBY-CAR\gcctestb\gcctestb\gr_mruby\mruby-1.1.0\build\grsakura\lib\libmruby.a(codegen.o)
                              D:\usr\github\clone\GR-SAKURA-MRUBY-CAR\gcctestb\gcctestb\gr_mruby\mruby-1.1.0\build\grsakura\lib\libmruby.a(load.o) (mrb_codedump_all)
D:\usr\github\clone\GR-SAKURA-MRUBY-CAR\gcctestb\gcctestb\gr_mruby\mruby-1.1.0\build\grsakura\lib\libmruby.a(crc.o)
                              D:\usr\github\clone\GR-SAKURA-MRUBY-CAR\gcctestb\gcctestb\gr_mruby\mruby-1.1.0\build\grsakura\lib\libmruby.a(load.o) (calc_crc_16_ccitt)
D:\usr\github\clone\GR-SAKURA-MRUBY-CAR\gcctestb\gcctestb\gr_mruby\mruby-1.1.0\build\grsakura\lib\libmruby.a(debug.o)
                              D:\usr\github\clone\GR-SAKURA-MRUBY-CAR\gcctestb\gcctestb\gr_mruby\mruby-1.1.0\build\grsakura\lib\libmruby.a(codegen.o) (mrb_debug_get_filename)
D:\usr\github\clone\GR-SAKURA-MRUBY-CAR\gcctestb\gcctestb\gr_mruby\mruby-1.1.0\build\grsakura\lib\libmruby.a(error.o)
                              D:\usr\github\clone\GR-SAKURA-MRUBY-CAR\gcctestb\gcctestb\gr_mruby\mruby-1.1.0\build\grsakura\lib\libmruby.a(load.o) (mrb_exc_new_str)
D:\usr\github\clone\GR-SAKURA-MRUBY-CAR\gcctestb\gcctestb\gr_mruby\mruby-1.1.0\build\grsakura\lib\libmruby.a(etc.o)
                              D:\usr\github\clone\GR-SAKURA-MRUBY-CAR\gcctestb\gcctestb\gr_mruby\mruby-1.1.0\build\grsakura\lib\libmruby.a(class.o) (mrb_data_get_ptr)
D:\usr\github\clone\GR-SAKURA-MRUBY-CAR\gcctestb\gcctestb\gr_mruby\mruby-1.1.0\build\grsakura\lib\libmruby.a(gc.o)
[...]
Memory Configuration

Name             Origin             Length             Attributes
*default*        0x00000000         0xffffffff

Linker script and memory map


.fvectors       0xffffff80       0x80
 *(.fvectors)
 .fvectors      0xffffff80       0x80 D:\usr\github\clone\GR-SAKURA-MRUBY-CAR\gcctestb\gcctestb\Config1\vector_table.o
                0xffffff80                HardwareVectors

.text           0xfff00000    0x35788
 *(.text)
 .text          0xfff00000        0x0 D:\usr\github\clone\GR-SAKURA-MRUBY-CAR\gcctestb\gcctestb\Config1\reset_program.o
 .text          0xfff00000       0xa6 D:\usr\github\clone\GR-SAKURA-MRUBY-CAR\gcctestb\gcctestb\Config1\crt0.o
                0xfff00000                PowerON_Reset
                0xfff0005b                rx_run_preinit_array
                0xfff0006b                rx_run_init_array
                0xfff0007d                rx_run_fini_array
 .text          0xfff000a6        0xf D:\usr\github\clone\GR-SAKURA-MRUBY-CAR\gcctestb\gcctestb\gr_common\lib\libg.a(lib_a-memchr.o)
                0xfff000a6                memchr
 .text          0xfff000b5        0x7 D:\usr\github\clone\GR-SAKURA-MRUBY-CAR\gcctestb\gcctestb\gr_common\lib\libg.a(lib_a-memcpy.o)
                0xfff000b5                memcpy
 .text          0xfff000bc       0x17 D:\usr\github\clone\GR-SAKURA-MRUBY-CAR\gcctestb\gcctestb\gr_common\lib\libg.a(lib_a-memmove.o)
                0xfff000bc                memmove
 .text          0xfff000d3        0x7 D:\usr\github\clone\GR-SAKURA-MRUBY-CAR\gcctestb\gcctestb\gr_common\lib\libg.a(lib_a-memset.o)
                0xfff000d3                memset
 .text          0xfff000da       0x10 D:\usr\github\clone\GR-SAKURA-MRUBY-CAR\gcctestb\gcctestb\gr_common\lib\libg.a(lib_a-strlen.o)
                0xfff000da                strlen
 .text          0xfff000ea        0xc D:\usr\github\clone\GR-SAKURA-MRUBY-CAR\gcctestb\gcctestb\gr_common\lib\libg.a(lib_a-strncmp.o)
                0xfff000ea                strncmp
 .text          0xfff000f6       0x15 D:\usr\github\clone\GR-SAKURA-MRUBY-CAR\gcctestb\gcctestb\gr_common\lib\libg.a(lib_a-strncpy.o)
                0xfff000f6                strncpy
 .text          0xfff0010b        0xf D:\usr\github\clone\GR-SAKURA-MRUBY-CAR\gcctestb\gcctestb\gr_common\lib\libg.a(lib_a-strcmp.o)
                0xfff0010b                strcmp
 *(.text.*)
 .text.unlikely
                0xfff0011a       0x1c D:\usr\github\clone\GR-SAKURA-MRUBY-CAR\gcctestb\gcctestb\gr_mruby\mruby-1.1.0\build\grsakura\lib\libmruby.a(symbol.o)
 .text.unlikely
                0xfff00136       0xaa D:\usr\github\clone\GR-SAKURA-MRUBY-CAR\gcctestb\gcctestb\gr_mruby\mruby-1.1.0\build\grsakura\lib\libmruby.a(vm.o)
 .text.unlikely
                0xfff001e0       0x20 D:\usr\github\clone\GR-SAKURA-MRUBY-CAR\gcctestb\gcctestb\gr_mruby\mruby-1.1.0\build\grsakura\lib\libmruby.a(codegen.o)
 .text.unlikely
                0xfff00200       0x2e D:\usr\github\clone\GR-SAKURA-MRUBY-CAR\gcctestb\gcctestb\gr_mruby\mruby-1.1.0\build\grsakura\lib\libmruby.a(numeric.o)
 *fill*         0xfff0022e        0x2 00
 .text.unlikely
                0xfff00230       0x2c D:\usr\github\clone\GR-SAKURA-MRUBY-CAR\gcctestb\gcctestb\gr_mruby\mruby-1.1.0\build\grsakura\lib\libmruby.a(object.o)
 .text.unlikely
                0xfff0025c       0x28 D:\usr\github\clone\GR-SAKURA-MRUBY-CAR\gcctestb\gcctestb\gr_mruby\mruby-1.1.0\build\grsakura\lib\libmruby.a(y.tab.o)
 .text.unlikely
                0xfff00284       0x3c D:\usr\github\clone\GR-SAKURA-MRUBY-CAR\gcctestb\gcctestb\gr_mruby\mruby-1.1.0\build\grsakura\lib\libmruby.a(math.o)
 .text.asinhf   0xfff002c0       0xd6 D:\usr\github\clone\GR-SAKURA-MRUBY-CAR\gcctestb\gcctestb\gr_common\lib\libm.a(lib_a-sf_asinh.o)
                0xfff002c0                asinhf
 .text.asinh    0xfff00396        0x4 D:\usr\github\clone\GR-SAKURA-MRUBY-CAR\gcctestb\gcctestb\gr_common\lib\libm.a(lib_a-sf_asinh.o)
                0xfff00396                asinh
 .text.atanf    0xfff0039a      0x190 D:\usr\github\clone\GR-SAKURA-MRUBY-CAR\gcctestb\gcctestb\gr_common\lib\libm.a(lib_a-sf_atan.o)
                0xfff0039a                atanf
 .text.atan     0xfff0052a        0x4 D:\usr\github\clone\GR-SAKURA-MRUBY-CAR\gcctestb\gcctestb\gr_common\lib\libm.a(lib_a-sf_atan.o)
                0xfff0052a                atan
 .text.cbrtf    0xfff0052e       0x82 D:\usr\github\clone\GR-SAKURA-MRUBY-CAR\gcctestb\gcctestb\gr_common\lib\libm.a(lib_a-sf_cbrt.o)
                0xfff0052e                cbrtf
 .text.cbrt     0xfff005b0        0x4 D:\usr\github\clone\GR-SAKURA-MRUBY-CAR\gcctestb\gcctestb\gr_common\lib\libm.a(lib_a-sf_cbrt.o)
                0xfff005b0                cbrt
 .text.ceilf    0xfff005b4       0x7c D:\usr\github\clone\GR-SAKURA-MRUBY-CAR\gcctestb\gcctestb\gr_common\lib\libm.a(lib_a-sf_ceil.o)
                0xfff005b4                ceilf
 .text.ceil     0xfff00630        0x4 D:\usr\github\clone\GR-SAKURA-MRUBY-CAR\gcctestb\gcctestb\gr_common\lib\libm.a(lib_a-sf_ceil.o)
                0xfff00630                ceil
 .text.cosf     0xfff00634       0x5c D:\usr\github\clone\GR-SAKURA-MRUBY-CAR\gcctestb\gcctestb\gr_common\lib\libm.a(lib_a-sf_cos.o)
                0xfff00634                cosf
 .text.cos      0xfff00690        0x4 D:\usr\github\clone\GR-SAKURA-MRUBY-CAR\gcctestb\gcctestb\gr_common\lib\libm.a(lib_a-sf_cos.o)
                0xfff00690                cos
 .text.erff     0xfff00694      0x362 D:\usr\github\clone\GR-SAKURA-MRUBY-CAR\gcctestb\gcctestb\gr_common\lib\libm.a(lib_a-sf_erf.o)
                0xfff00694                erff
 .text.erfcf    0xfff009f6      0x37e D:\usr\github\clone\GR-SAKURA-MRUBY-CAR\gcctestb\gcctestb\gr_common\lib\libm.a(lib_a-sf_erf.o)
                0xfff009f6                erfcf
 .text.erf      0xfff00d74        0x4 D:\usr\github\clone\GR-SAKURA-MRUBY-CAR\gcctestb\gcctestb\gr_common\lib\libm.a(lib_a-sf_erf.o)
                0xfff00d74                erf
 .text.erfc     0xfff00d78        0x4 D:\usr\github\clone\GR-SAKURA-MRUBY-CAR\gcctestb\gcctestb\gr_common\lib\libm.a(lib_a-sf_erf.o)
                0xfff00d78                erfc
 .text.fabsf    0xfff00d7c        0x7 D:\usr\github\clone\GR-SAKURA-MRUBY-CAR\gcctestb\gcctestb\gr_common\lib\libm.a(lib_a-sf_fabs.o)
                0xfff00d7c                fabsf
 .text.fabs     0xfff00d83        0x7 D:\usr\github\clone\GR-SAKURA-MRUBY-CAR\gcctestb\gcctestb\gr_common\lib\libm.a(lib_a-sf_fabs.o)
                0xfff00d83                fabs
 .text.floorf   0xfff00d8a       0x78 D:\usr\github\clone\GR-SAKURA-MRUBY-CAR\gcctestb\gcctestb\gr_common\lib\libm.a(lib_a-sf_floor.o)
                0xfff00d8a                floorf
 .text.floor    0xfff00e02        0x4 D:\usr\github\clone\GR-SAKURA-MRUBY-CAR\gcctestb\gcctestb\gr_common\lib\libm.a(lib_a-sf_floor.o)
                0xfff00e02                floor
 .text.__fpclassifyf
                0xfff00e06       0x5c D:\usr\github\clone\GR-SAKURA-MRUBY-CAR\gcctestb\gcctestb\gr_common\lib\libm.a(lib_a-sf_fpclassify.o)
                0xfff00e06                __fpclassifyf
 .text.frexpf   0xfff00e62       0x4e D:\usr\github\clone\GR-SAKURA-MRUBY-CAR\gcctestb\gcctestb\gr_common\lib\libm.a(lib_a-sf_frexp.o)
                0xfff00e62                frexpf
 .text.frexp    0xfff00eb0        0x4 D:\usr\github\clone\GR-SAKURA-MRUBY-CAR\gcctestb\gcctestb\gr_common\lib\libm.a(lib_a-sf_frexp.o)
                0xfff00eb0                frexp
 .text.ldexpf   0xfff00eb4       0x42 D:\usr\github\clone\GR-SAKURA-MRUBY-CAR\gcctestb\gcctestb\gr_common\lib\libm.a(lib_a-sf_ldexp.o)
                0xfff00eb4                ldexpf
 .text.ldexp    0xfff00ef6        0x4 D:\usr\github\clone\GR-SAKURA-MRUBY-CAR\gcctestb\gcctestb\gr_common\lib\libm.a(lib_a-sf_ldexp.o)
                0xfff00ef6                ldexp
 .text.log1pf   0xfff00efa      0x226 D:\usr\github\clone\GR-SAKURA-MRUBY-CAR\gcctestb\gcctestb\gr_common\lib\libm.a(lib_a-sf_log1p.o)
                0xfff00efa                log1pf
 .text.log1p    0xfff01120        0x4 D:\usr\github\clone\GR-SAKURA-MRUBY-CAR\gcctestb\gcctestb\gr_common\lib\libm.a(lib_a-sf_log1p.o)
                0xfff01120                log1p
 .text.scalbnf  0xfff01124       0xc0 D:\usr\github\clone\GR-SAKURA-MRUBY-CAR\gcctestb\gcctestb\gr_common\lib\libm.a(lib_a-sf_scalbn.o)
                0xfff01124                scalbnf
 .text.scalbn   0xfff011e4        0x4 D:\usr\github\clone\GR-SAKURA-MRUBY-CAR\gcctestb\gcctestb\gr_common\lib\libm.a(lib_a-sf_scalbn.o)
                0xfff011e4                scalbn
 .text.sinf     0xfff011e8       0x62 D:\usr\github\clone\GR-SAKURA-MRUBY-CAR\gcctestb\gcctestb\gr_common\lib\libm.a(lib_a-sf_sin.o)
                0xfff011e8                sinf
 .text.sin      0xfff0124a        0x4 D:\usr\github\clone\GR-SAKURA-MRUBY-CAR\gcctestb\gcctestb\gr_common\lib\libm.a(lib_a-sf_sin.o)
                0xfff0124a                sin
 .text.tanhf    0xfff0124e       0xbc D:\usr\github\clone\GR-SAKURA-MRUBY-CAR\gcctestb\gcctestb\gr_common\lib\libm.a(lib_a-sf_tanh.o)
                0xfff0124e                tanhf
 .text.tanh     0xfff0130a        0x4 D:\usr\github\clone\GR-SAKURA-MRUBY-CAR\gcctestb\gcctestb\gr_common\lib\libm.a(lib_a-sf_tanh.o)
                0xfff0130a                tanh
 .text.tanf     0xfff0130e       0x40 D:\usr\github\clone\GR-SAKURA-MRUBY-CAR\gcctestb\gcctestb\gr_common\lib\libm.a(lib_a-sf_tan.o)
                0xfff0130e                tanf
 .text.tan      0xfff0134e        0x4 D:\usr\github\clone\GR-SAKURA-MRUBY-CAR\gcctestb\gcctestb\gr_common\lib\libm.a(lib_a-sf_tan.o)
                0xfff0134e                tan
 .text.__signbitf
                0xfff01352        0x7 D:\usr\github\clone\GR-SAKURA-MRUBY-CAR\gcctestb\gcctestb\gr_common\lib\libm.a(lib_a-s_signbit.o)
                0xfff01352                __signbitf
 .text.__signbitd
                0xfff01359        0x3 D:\usr\github\clone\GR-SAKURA-MRUBY-CAR\gcctestb\gcctestb\gr_common\lib\libm.a(lib_a-s_signbit.o)
                0xfff01359                __signbitd
 .text.acoshf   0xfff0135c       0x76 D:\usr\github\clone\GR-SAKURA-MRUBY-CAR\gcctestb\gcctestb\gr_common\lib\libm.a(lib_a-wf_acosh.o)
                0xfff0135c                acoshf
 .text.acosh    0xfff013d2        0x4 D:\usr\github\clone\GR-SAKURA-MRUBY-CAR\gcctestb\gcctestb\gr_common\lib\libm.a(lib_a-wf_acosh.o)
                0xfff013d2                acosh
 .text.acosf    0xfff013d6       0x82 D:\usr\github\clone\GR-SAKURA-MRUBY-CAR\gcctestb\gcctestb\gr_common\lib\libm.a(lib_a-wf_acos.o)
                0xfff013d6                acosf
 .text.acos     0xfff01458        0x4 D:\usr\github\clone\GR-SAKURA-MRUBY-CAR\gcctestb\gcctestb\gr_common\lib\libm.a(lib_a-wf_acos.o)
                0xfff01458                acos
 .text.asinf    0xfff0145c       0x82 D:\usr\github\clone\GR-SAKURA-MRUBY-CAR\gcctestb\gcctestb\gr_common\lib\libm.a(lib_a-wf_asin.o)
                0xfff0145c                asinf
 .text.asin     0xfff014de        0x4 D:\usr\github\clone\GR-SAKURA-MRUBY-CAR\gcctestb\gcctestb\gr_common\lib\libm.a(lib_a-wf_asin.o)
                0xfff014de                asin
 .text.atan2f   0xfff014e2        0x4 D:\usr\github\clone\GR-SAKURA-MRUBY-CAR\gcctestb\gcctestb\gr_common\lib\libm.a(lib_a-wf_atan2.o)
                0xfff014e2                atan2f
 .text.atan2    0xfff014e6        0x4 D:\usr\github\clone\GR-SAKURA-MRUBY-CAR\gcctestb\gcctestb\gr_common\lib\libm.a(lib_a-wf_atan2.o)
                0xfff014e6                atan2
 .text.atanhf   0xfff014ea       0xa0 D:\usr\github\clone\GR-SAKURA-MRUBY-CAR\gcctestb\gcctestb\gr_common\lib\libm.a(lib_a-wf_atanh.o)
                0xfff014ea                atanhf
 .text.atanh    0xfff0158a        0x4 D:\usr\github\clone\GR-SAKURA-MRUBY-CAR\gcctestb\gcctestb\gr_common\lib\libm.a(lib_a-wf_atanh.o)
                0xfff0158a                atanh
 .text.coshf    0xfff0158e       0x8a D:\usr\github\clone\GR-SAKURA-MRUBY-CAR\gcctestb\gcctestb\gr_common\lib\libm.a(lib_a-wf_cosh.o)
                0xfff0158e                coshf
 .text.cosh     0xfff01618        0x4 D:\usr\github\clone\GR-SAKURA-MRUBY-CAR\gcctestb\gcctestb\gr_common\lib\libm.a(lib_a-wf_cosh.o)
                0xfff01618                cosh
 .text.expf     0xfff0161c       0xa6 D:\usr\github\clone\GR-SAKURA-MRUBY-CAR\gcctestb\gcctestb\gr_common\lib\libm.a(lib_a-wf_exp.o)
                0xfff0161c                expf
 .text.exp      0xfff016c2        0x4 D:\usr\github\clone\GR-SAKURA-MRUBY-CAR\gcctestb\gcctestb\gr_common\lib\libm.a(lib_a-wf_exp.o)
                0xfff016c2                exp
 .text.fmodf    0xfff016c6       0x8c D:\usr\github\clone\GR-SAKURA-MRUBY-CAR\gcctestb\gcctestb\gr_common\lib\libm.a(lib_a-wf_fmod.o)
                0xfff016c6                fmodf
 .text.fmod     0xfff01752        0x4 D:\usr\github\clone\GR-SAKURA-MRUBY-CAR\gcctestb\gcctestb\gr_common\lib\libm.a(lib_a-wf_fmod.o)
                0xfff01752                fmod
 .text.hypotf   0xfff01756       0x8e D:\usr\github\clone\GR-SAKURA-MRUBY-CAR\gcctestb\gcctestb\gr_common\lib\libm.a(lib_a-wf_hypot.o)
                0xfff01756                hypotf
 .text.hypot    0xfff017e4        0x4 D:\usr\github\clone\GR-SAKURA-MRUBY-CAR\gcctestb\gcctestb\gr_common\lib\libm.a(lib_a-wf_hypot.o)
                0xfff017e4                hypot
 .text.log10f   0xfff017e8       0xb4 D:\usr\github\clone\GR-SAKURA-MRUBY-CAR\gcctestb\gcctestb\gr_common\lib\libm.a(lib_a-wf_log10.o)
                0xfff017e8                log10f
 .text.log10    0xfff0189c        0x4 D:\usr\github\clone\GR-SAKURA-MRUBY-CAR\gcctestb\gcctestb\gr_common\lib\libm.a(lib_a-wf_log10.o)
                0xfff0189c                log10
 .text.logf     0xfff018a0       0xb4 D:\usr\github\clone\GR-SAKURA-MRUBY-CAR\gcctestb\gcctestb\gr_common\lib\libm.a(lib_a-wf_log.o)
                0xfff018a0                logf
 .text.log      0xfff01954        0x4 D:\usr\github\clone\GR-SAKURA-MRUBY-CAR\gcctestb\gcctestb\gr_common\lib\libm.a(lib_a-wf_log.o)
                0xfff01954                log
 .text.powf     0xfff01958      0x214 D:\usr\github\clone\GR-SAKURA-MRUBY-CAR\gcctestb\gcctestb\gr_common\lib\libm.a(lib_a-wf_pow.o)
                0xfff01958                powf
 .text.pow      0xfff01b6c        0x4 D:\usr\github\clone\GR-SAKURA-MRUBY-CAR\gcctestb\gcctestb\gr_common\lib\libm.a(lib_a-wf_pow.o)
                0xfff01b6c                pow
 .text.sinhf    0xfff01b70       0xa2 D:\usr\github\clone\GR-SAKURA-MRUBY-CAR\gcctestb\gcctestb\gr_common\lib\libm.a(lib_a-wf_sinh.o)
                0xfff01b70                sinhf
 .text.sinh     0xfff01c12        0x4 D:\usr\github\clone\GR-SAKURA-MRUBY-CAR\gcctestb\gcctestb\gr_common\lib\libm.a(lib_a-wf_sinh.o)
                0xfff01c12                sinh
 .text.sqrtf    0xfff01c16       0x7e D:\usr\github\clone\GR-SAKURA-MRUBY-CAR\gcctestb\gcctestb\gr_common\lib\libm.a(lib_a-wf_sqrt.o)
                0xfff01c16                sqrtf
 .text.sqrt     0xfff01c94        0x4 D:\usr\github\clone\GR-SAKURA-MRUBY-CAR\gcctestb\gcctestb\gr_common\lib\libm.a(lib_a-wf_sqrt.o)
                0xfff01c94                sqrt
 .text.__ieee754_acoshf
                0xfff01c98       0x96 D:\usr\github\clone\GR-SAKURA-MRUBY-CAR\gcctestb\gcctestb\gr_common\lib\libm.a(lib_a-ef_acosh.o)
                0xfff01c98                __ieee754_acoshf
 .text.__ieee754_acosf
                0xfff01d2e      0x22a D:\usr\github\clone\GR-SAKURA-MRUBY-CAR\gcctestb\gcctestb\gr_common\lib\libm.a(lib_a-ef_acos.o)
                0xfff01d2e                __ieee754_acosf
 .text.__ieee754_asinf
                0xfff01f58      0x1d4 D:\usr\github\clone\GR-SAKURA-MRUBY-CAR\gcctestb\gcctestb\gr_common\lib\libm.a(lib_a-ef_asin.o)
                0xfff01f58                __ieee754_asinf
 .text.__ieee754_atan2f
                0xfff0212c      0x14c D:\usr\github\clone\GR-SAKURA-MRUBY-CAR\gcctestb\gcctestb\gr_common\lib\libm.a(lib_a-ef_atan2.o)
                0xfff0212c                __ieee754_atan2f
 .text.__ieee754_atanhf
                0xfff02278       0x80 D:\usr\github\clone\GR-SAKURA-MRUBY-CAR\gcctestb\gcctestb\gr_common\lib\libm.a(lib_a-ef_atanh.o)
                0xfff02278                __ieee754_atanhf
 .text.__ieee754_coshf
                0xfff022f8       0xc8 D:\usr\github\clone\GR-SAKURA-MRUBY-CAR\gcctestb\gcctestb\gr_common\lib\libm.a(lib_a-ef_cosh.o)
                0xfff022f8                __ieee754_coshf
 .text.__ieee754_expf
                0xfff023c0      0x176 D:\usr\github\clone\GR-SAKURA-MRUBY-CAR\gcctestb\gcctestb\gr_common\lib\libm.a(lib_a-ef_exp.o)
                0xfff023c0                __ieee754_expf
 .text.__ieee754_fmodf
                0xfff02536      0x10e D:\usr\github\clone\GR-SAKURA-MRUBY-CAR\gcctestb\gcctestb\gr_common\lib\libm.a(lib_a-ef_fmod.o)
                0xfff02536                __ieee754_fmodf
 .text.__ieee754_hypotf
                0xfff02644      0x126 D:\usr\github\clone\GR-SAKURA-MRUBY-CAR\gcctestb\gcctestb\gr_common\lib\libm.a(lib_a-ef_hypot.o)
                0xfff02644                __ieee754_hypotf
 .text.__ieee754_log10f
                0xfff0276a       0x94 D:\usr\github\clone\GR-SAKURA-MRUBY-CAR\gcctestb\gcctestb\gr_common\lib\libm.a(lib_a-ef_log10.o)
                0xfff0276a                __ieee754_log10f
 .text.__ieee754_logf
                0xfff027fe      0x1e4 D:\usr\github\clone\GR-SAKURA-MRUBY-CAR\gcctestb\gcctestb\gr_common\lib\libm.a(lib_a-ef_log.o)
                0xfff027fe                __ieee754_logf
 .text.__ieee754_powf
                0xfff029e2      0x4e8 D:\usr\github\clone\GR-SAKURA-MRUBY-CAR\gcctestb\gcctestb\gr_common\lib\libm.a(lib_a-ef_pow.o)
                0xfff029e2                __ieee754_powf
 .text.__ieee754_rem_pio2f
                0xfff02eca      0x254 D:\usr\github\clone\GR-SAKURA-MRUBY-CAR\gcctestb\gcctestb\gr_common\lib\libm.a(lib_a-ef_rem_pio2.o)
                0xfff02eca                __ieee754_rem_pio2f
 .text.__ieee754_sinhf
                0xfff0311e       0xdc D:\usr\github\clone\GR-SAKURA-MRUBY-CAR\gcctestb\gcctestb\gr_common\lib\libm.a(lib_a-ef_sinh.o)
                0xfff0311e                __ieee754_sinhf
 .text.__ieee754_sqrtf
                0xfff031fa       0xa4 D:\usr\github\clone\GR-SAKURA-MRUBY-CAR\gcctestb\gcctestb\gr_common\lib\libm.a(lib_a-ef_sqrt.o)
                0xfff031fa                __ieee754_sqrtf
 .text.__kernel_cosf
                0xfff0329e       0xc0 D:\usr\github\clone\GR-SAKURA-MRUBY-CAR\gcctestb\gcctestb\gr_common\lib\libm.a(lib_a-kf_cos.o)
                0xfff0329e                __kernel_cosf
 .text.__kernel_rem_pio2f
                0xfff0335e      0x4ec D:\usr\github\clone\GR-SAKURA-MRUBY-CAR\gcctestb\gcctestb\gr_common\lib\libm.a(lib_a-kf_rem_pio2.o)
                0xfff0335e                __kernel_rem_pio2f
 .text.__kernel_sinf
                0xfff0384a       0x8a D:\usr\github\clone\GR-SAKURA-MRUBY-CAR\gcctestb\gcctestb\gr_common\lib\libm.a(lib_a-kf_sin.o)
                0xfff0384a                __kernel_sinf
 .text.__kernel_tanf
                0xfff038d4      0x18e D:\usr\github\clone\GR-SAKURA-MRUBY-CAR\gcctestb\gcctestb\gr_common\lib\libm.a(lib_a-kf_tan.o)
                0xfff038d4                __kernel_tanf
 .text.copysignf
                0xfff03a62        0xf D:\usr\github\clone\GR-SAKURA-MRUBY-CAR\gcctestb\gcctestb\gr_common\lib\libm.a(lib_a-sf_copysign.o)
                0xfff03a62                copysignf
 .text.copysign
                0xfff03a71        0x4 D:\usr\github\clone\GR-SAKURA-MRUBY-CAR\gcctestb\gcctestb\gr_common\lib\libm.a(lib_a-sf_copysign.o)
                0xfff03a71                copysign
 *fill*         0xfff03a75        0x1 00
 .text.expm1f   0xfff03a76      0x21c D:\usr\github\clone\GR-SAKURA-MRUBY-CAR\gcctestb\gcctestb\gr_common\lib\libm.a(lib_a-sf_expm1.o)
                0xfff03a76                expm1f
 .text.expm1    0xfff03c92        0x4 D:\usr\github\clone\GR-SAKURA-MRUBY-CAR\gcctestb\gcctestb\gr_common\lib\libm.a(lib_a-sf_expm1.o)
                0xfff03c92                expm1
 .text.finitef  0xfff03c96       0x10 D:\usr\github\clone\GR-SAKURA-MRUBY-CAR\gcctestb\gcctestb\gr_common\lib\libm.a(lib_a-sf_finite.o)
                0xfff03c96                finitef
 .text.finite   0xfff03ca6       0x10 D:\usr\github\clone\GR-SAKURA-MRUBY-CAR\gcctestb\gcctestb\gr_common\lib\libm.a(lib_a-sf_finite.o)
                0xfff03ca6                finite
 .text.nanf     0xfff03cb6        0x7 D:\usr\github\clone\GR-SAKURA-MRUBY-CAR\gcctestb\gcctestb\gr_common\lib\libm.a(lib_a-sf_nan.o)
                0xfff03cb6                nanf
 .text.nan      0xfff03cbd        0x7 D:\usr\github\clone\GR-SAKURA-MRUBY-CAR\gcctestb\gcctestb\gr_common\lib\libm.a(lib_a-sf_nan.o)
                0xfff03cbd                nan
 .text.rintf    0xfff03cc4       0xa2 D:\usr\github\clone\GR-SAKURA-MRUBY-CAR\gcctestb\gcctestb\gr_common\lib\libm.a(lib_a-sf_rint.o)
                0xfff03cc4                rintf
 .text.rint     0xfff03d66        0x4 D:\usr\github\clone\GR-SAKURA-MRUBY-CAR\gcctestb\gcctestb\gr_common\lib\libm.a(lib_a-sf_rint.o)
                0xfff03d66                rint
 .text.matherr  0xfff03d6a        0x3 D:\usr\github\clone\GR-SAKURA-MRUBY-CAR\gcctestb\gcctestb\gr_common\lib\libm.a(lib_a-s_matherr.o)
                0xfff03d6a                matherr
 .text.atoi     0xfff03d6d        0x8 D:\usr\github\clone\GR-SAKURA-MRUBY-CAR\gcctestb\gcctestb\gr_common\lib\libg.a(lib_a-atoi.o)
                0xfff03d6d                atoi
 .text._atoi_r  0xfff03d75        0x8 D:\usr\github\clone\GR-SAKURA-MRUBY-CAR\gcctestb\gcctestb\gr_common\lib\libg.a(lib_a-atoi.o)
                0xfff03d75                _atoi_r
 .text.__errno  0xfff03d7d        0x9 D:\usr\github\clone\GR-SAKURA-MRUBY-CAR\gcctestb\gcctestb\gr_common\lib\libg.a(lib_a-errno.o)
                0xfff03d7d                __errno
 .text.exit     0xfff03d86       0x20 D:\usr\github\clone\GR-SAKURA-MRUBY-CAR\gcctestb\gcctestb\gr_common\lib\libg.a(lib_a-exit.o)
                0xfff03d86                exit
 .text._fgetc_r
                0xfff03da6       0x36 D:\usr\github\clone\GR-SAKURA-MRUBY-CAR\gcctestb\gcctestb\gr_common\lib\libg.a(lib_a-fgetc.o)
                0xfff03da6                _fgetc_r
 .text.fgetc    0xfff03ddc        0xe D:\usr\github\clone\GR-SAKURA-MRUBY-CAR\gcctestb\gcctestb\gr_common\lib\libg.a(lib_a-fgetc.o)
                0xfff03ddc                fgetc
 .text.__fp_lock
                0xfff03dea        0x3 D:\usr\github\clone\GR-SAKURA-MRUBY-CAR\gcctestb\gcctestb\gr_common\lib\libg.a(lib_a-findfp.o)
 .text.__fp_unlock
                0xfff03ded        0x3 D:\usr\github\clone\GR-SAKURA-MRUBY-CAR\gcctestb\gcctestb\gr_common\lib\libg.a(lib_a-findfp.o)
 .text._cleanup_r
                0xfff03df0        0xa D:\usr\github\clone\GR-SAKURA-MRUBY-CAR\gcctestb\gcctestb\gr_common\lib\libg.a(lib_a-findfp.o)
                0xfff03df0                _cleanup_r
 .text.std.isra.0
                0xfff03dfa       0x49 D:\usr\github\clone\GR-SAKURA-MRUBY-CAR\gcctestb\gcctestb\gr_common\lib\libg.a(lib_a-findfp.o)
 *fill*         0xfff03e43        0x1 00
 .text.__sfmoreglue
                0xfff03e44       0x2e D:\usr\github\clone\GR-SAKURA-MRUBY-CAR\gcctestb\gcctestb\gr_common\lib\libg.a(lib_a-findfp.o)
                0xfff03e44                __sfmoreglue
 .text._cleanup
                0xfff03e72        0xc D:\usr\github\clone\GR-SAKURA-MRUBY-CAR\gcctestb\gcctestb\gr_common\lib\libg.a(lib_a-findfp.o)
                0xfff03e72                _cleanup
 .text.__sinit  0xfff03e7e       0x46 D:\usr\github\clone\GR-SAKURA-MRUBY-CAR\gcctestb\gcctestb\gr_common\lib\libg.a(lib_a-findfp.o)
                0xfff03e7e                __sinit
 .text.__sfp    0xfff03ec4       0x8e D:\usr\github\clone\GR-SAKURA-MRUBY-CAR\gcctestb\gcctestb\gr_common\lib\libg.a(lib_a-findfp.o)
                0xfff03ec4                __sfp
 .text.__sfp_lock_acquire
                0xfff03f52        0x1 D:\usr\github\clone\GR-SAKURA-MRUBY-CAR\gcctestb\gcctestb\gr_common\lib\libg.a(lib_a-findfp.o)
                0xfff03f52                __sfp_lock_acquire
 .text.__sfp_lock_release
                0xfff03f53        0x1 D:\usr\github\clone\GR-SAKURA-MRUBY-CAR\gcctestb\gcctestb\gr_common\lib\libg.a(lib_a-findfp.o)
                0xfff03f53                __sfp_lock_release
 .text.__sinit_lock_acquire
                0xfff03f54        0x1 D:\usr\github\clone\GR-SAKURA-MRUBY-CAR\gcctestb\gcctestb\gr_common\lib\libg.a(lib_a-findfp.o)
                0xfff03f54                __sinit_lock_acquire
 .text.__sinit_lock_release
                0xfff03f55        0x1 D:\usr\github\clone\GR-SAKURA-MRUBY-CAR\gcctestb\gcctestb\gr_common\lib\libg.a(lib_a-findfp.o)
                0xfff03f55                __sinit_lock_release
 .text.__fp_lock_all
                0xfff03f56       0x12 D:\usr\github\clone\GR-SAKURA-MRUBY-CAR\gcctestb\gcctestb\gr_common\lib\libg.a(lib_a-findfp.o)
                0xfff03f56                __fp_lock_all
 .text.__fp_unlock_all
                0xfff03f68       0x12 D:\usr\github\clone\GR-SAKURA-MRUBY-CAR\gcctestb\gcctestb\gr_common\lib\libg.a(lib_a-findfp.o)
                0xfff03f68                __fp_unlock_all
 .text._fprintf_r
                0xfff03f7a        0xf D:\usr\github\clone\GR-SAKURA-MRUBY-CAR\gcctestb\gcctestb\gr_common\lib\libg.a(lib_a-fprintf.o)
                0xfff03f7a                _fprintf_r
 .text.fprintf  0xfff03f89       0x19 D:\usr\github\clone\GR-SAKURA-MRUBY-CAR\gcctestb\gcctestb\gr_common\lib\libg.a(lib_a-fprintf.o)
                0xfff03f89                fprintf
 .text._fputc_r
                0xfff03fa2       0x26 D:\usr\github\clone\GR-SAKURA-MRUBY-CAR\gcctestb\gcctestb\gr_common\lib\libg.a(lib_a-fputc.o)
                0xfff03fa2                _fputc_r
 .text.fputc    0xfff03fc8       0x12 D:\usr\github\clone\GR-SAKURA-MRUBY-CAR\gcctestb\gcctestb\gr_common\lib\libg.a(lib_a-fputc.o)
                0xfff03fc8                fputc
 .text._fread_r
                0xfff03fda       0xa6 D:\usr\github\clone\GR-SAKURA-MRUBY-CAR\gcctestb\gcctestb\gr_common\lib\libg.a(lib_a-fread.o)
                0xfff03fda                _fread_r
 .text.fread    0xfff04080       0x1e D:\usr\github\clone\GR-SAKURA-MRUBY-CAR\gcctestb\gcctestb\gr_common\lib\libg.a(lib_a-fread.o)
                0xfff04080                fread
 .text._fwalk   0xfff0409e       0x44 D:\usr\github\clone\GR-SAKURA-MRUBY-CAR\gcctestb\gcctestb\gr_common\lib\libg.a(lib_a-fwalk.o)
                0xfff0409e                _fwalk
 .text._fwalk_reent
                0xfff040e2       0x48 D:\usr\github\clone\GR-SAKURA-MRUBY-CAR\gcctestb\gcctestb\gr_common\lib\libg.a(lib_a-fwalk.o)
                0xfff040e2                _fwalk_reent
 .text._fwrite_r
                0xfff0412a       0x64 D:\usr\github\clone\GR-SAKURA-MRUBY-CAR\gcctestb\gcctestb\gr_common\lib\libg.a(lib_a-fwrite.o)
                0xfff0412a                _fwrite_r
 .text.fwrite   0xfff0418e       0x1e D:\usr\github\clone\GR-SAKURA-MRUBY-CAR\gcctestb\gcctestb\gr_common\lib\libg.a(lib_a-fwrite.o)
                0xfff0418e                fwrite
 .text.malloc   0xfff041ac        0xe D:\usr\github\clone\GR-SAKURA-MRUBY-CAR\gcctestb\gcctestb\gr_common\lib\libg.a(lib_a-malloc.o)
                0xfff041ac                malloc
 .text.free     0xfff041ba        0xe D:\usr\github\clone\GR-SAKURA-MRUBY-CAR\gcctestb\gcctestb\gr_common\lib\libg.a(lib_a-malloc.o)
                0xfff041ba                free
 .text._malloc_r
                0xfff041c8      0x490 D:\usr\github\clone\GR-SAKURA-MRUBY-CAR\gcctestb\gcctestb\gr_common\lib\libg.a(lib_a-mallocr.o)
                0xfff041c8                _malloc_r
 .text.memcmp   0xfff04658       0x18 D:\usr\github\clone\GR-SAKURA-MRUBY-CAR\gcctestb\gcctestb\gr_common\lib\libg.a(lib_a-memcmp.o)
                0xfff04658                memcmp
 .text.__malloc_lock
                0xfff04670        0x1 D:\usr\github\clone\GR-SAKURA-MRUBY-CAR\gcctestb\gcctestb\gr_common\lib\libg.a(lib_a-mlock.o)
                0xfff04670                __malloc_lock
 .text.__malloc_unlock
                0xfff04671        0x1 D:\usr\github\clone\GR-SAKURA-MRUBY-CAR\gcctestb\gcctestb\gr_common\lib\libg.a(lib_a-mlock.o)
                0xfff04671                __malloc_unlock
 .text._printf_r
                0xfff04672       0x11 D:\usr\github\clone\GR-SAKURA-MRUBY-CAR\gcctestb\gcctestb\gr_common\lib\libg.a(lib_a-printf.o)
                0xfff04672                _printf_r
 .text.printf   0xfff04683       0x19 D:\usr\github\clone\GR-SAKURA-MRUBY-CAR\gcctestb\gcctestb\gr_common\lib\libg.a(lib_a-printf.o)
                0xfff04683                printf
 .text._putc_r  0xfff0469c       0x58 D:\usr\github\clone\GR-SAKURA-MRUBY-CAR\gcctestb\gcctestb\gr_common\lib\libg.a(lib_a-putc.o)
                0xfff0469c                _putc_r
 .text.putc     0xfff046f4       0x12 D:\usr\github\clone\GR-SAKURA-MRUBY-CAR\gcctestb\gcctestb\gr_common\lib\libg.a(lib_a-putc.o)
                0xfff046f4                putc
 .text._puts_r  0xfff04706       0x66 D:\usr\github\clone\GR-SAKURA-MRUBY-CAR\gcctestb\gcctestb\gr_common\lib\libg.a(lib_a-puts.o)
                0xfff04706                _puts_r
 .text.puts     0xfff0476c        0xe D:\usr\github\clone\GR-SAKURA-MRUBY-CAR\gcctestb\gcctestb\gr_common\lib\libg.a(lib_a-puts.o)
                0xfff0476c                puts
 .text.realloc  0xfff0477a       0x12 D:\usr\github\clone\GR-SAKURA-MRUBY-CAR\gcctestb\gcctestb\gr_common\lib\libg.a(lib_a-realloc.o)
                0xfff0477a                realloc
 .text._realloc_r
                0xfff0478c      0x378 D:\usr\github\clone\GR-SAKURA-MRUBY-CAR\gcctestb\gcctestb\gr_common\lib\libg.a(lib_a-reallocr.o)
                0xfff0478c                _realloc_r
 .text.lflush   0xfff04b04        0xf D:\usr\github\clone\GR-SAKURA-MRUBY-CAR\gcctestb\gcctestb\gr_common\lib\libg.a(lib_a-refill.o)
 *fill*         0xfff04b13        0x1 00
 .text.__srefill_r
                0xfff04b14      0x118 D:\usr\github\clone\GR-SAKURA-MRUBY-CAR\gcctestb\gcctestb\gr_common\lib\libg.a(lib_a-refill.o)
                0xfff04b14                __srefill_r
 .text.__srget_r
                0xfff04c2c       0x38 D:\usr\github\clone\GR-SAKURA-MRUBY-CAR\gcctestb\gcctestb\gr_common\lib\libg.a(lib_a-rget.o)
                0xfff04c2c                __srget_r
 .text.__srget  0xfff04c64        0xe D:\usr\github\clone\GR-SAKURA-MRUBY-CAR\gcctestb\gcctestb\gr_common\lib\libg.a(lib_a-rget.o)
                0xfff04c64                __srget
 .text._sbrk_r  0xfff04c72       0x22 D:\usr\github\clone\GR-SAKURA-MRUBY-CAR\gcctestb\gcctestb\gr_common\lib\libg.a(lib_a-sbrkr.o)
                0xfff04c72                _sbrk_r
 .text._snprintf_r
                0xfff04c94       0x56 D:\usr\github\clone\GR-SAKURA-MRUBY-CAR\gcctestb\gcctestb\gr_common\lib\libg.a(lib_a-snprintf.o)
                0xfff04c94                _snprintf_r
 .text.snprintf
                0xfff04cea       0x5e D:\usr\github\clone\GR-SAKURA-MRUBY-CAR\gcctestb\gcctestb\gr_common\lib\libg.a(lib_a-snprintf.o)
                0xfff04cea                snprintf
 .text.__sread  0xfff04d48       0x26 D:\usr\github\clone\GR-SAKURA-MRUBY-CAR\gcctestb\gcctestb\gr_common\lib\libg.a(lib_a-stdio.o)
                0xfff04d48                __sread
 .text.__seofread
                0xfff04d6e        0x3 D:\usr\github\clone\GR-SAKURA-MRUBY-CAR\gcctestb\gcctestb\gr_common\lib\libg.a(lib_a-stdio.o)
                0xfff04d6e                __seofread
 *fill*         0xfff04d71        0x1 00
 .text.__swrite
                0xfff04d72       0x36 D:\usr\github\clone\GR-SAKURA-MRUBY-CAR\gcctestb\gcctestb\gr_common\lib\libg.a(lib_a-stdio.o)
                0xfff04d72                __swrite
 .text.__sseek  0xfff04da8       0x28 D:\usr\github\clone\GR-SAKURA-MRUBY-CAR\gcctestb\gcctestb\gr_common\lib\libg.a(lib_a-stdio.o)
                0xfff04da8                __sseek
 .text.__sclose
                0xfff04dd0        0x6 D:\usr\github\clone\GR-SAKURA-MRUBY-CAR\gcctestb\gcctestb\gr_common\lib\libg.a(lib_a-stdio.o)
                0xfff04dd0                __sclose
 .text.strchr   0xfff04dd6       0x1a D:\usr\github\clone\GR-SAKURA-MRUBY-CAR\gcctestb\gcctestb\gr_common\lib\libg.a(lib_a-strchr.o)
                0xfff04dd6                strchr
 .text.match    0xfff04df0       0x2c D:\usr\github\clone\GR-SAKURA-MRUBY-CAR\gcctestb\gcctestb\gr_common\lib\libg.a(lib_a-strtod.o)
 .text._strtod_r
                0xfff04e1c      0x8a8 D:\usr\github\clone\GR-SAKURA-MRUBY-CAR\gcctestb\gcctestb\gr_common\lib\libg.a(lib_a-strtod.o)
                0xfff04e1c                _strtod_r
 .text.strtod   0xfff056c4       0x12 D:\usr\github\clone\GR-SAKURA-MRUBY-CAR\gcctestb\gcctestb\gr_common\lib\libg.a(lib_a-strtod.o)
                0xfff056c4                strtod
 .text.strtof   0xfff056d6       0x28 D:\usr\github\clone\GR-SAKURA-MRUBY-CAR\gcctestb\gcctestb\gr_common\lib\libg.a(lib_a-strtod.o)
                0xfff056d6                strtof
 .text._strtol_r
                0xfff056fe       0xf6 D:\usr\github\clone\GR-SAKURA-MRUBY-CAR\gcctestb\gcctestb\gr_common\lib\libg.a(lib_a-strtol.o)
                0xfff056fe                _strtol_r
 .text.strtol   0xfff057f4       0x16 D:\usr\github\clone\GR-SAKURA-MRUBY-CAR\gcctestb\gcctestb\gr_common\lib\libg.a(lib_a-strtol.o)
                0xfff057f4                strtol
 .text._svfprintf_r
                0xfff0580a      0xfee D:\usr\github\clone\GR-SAKURA-MRUBY-CAR\gcctestb\gcctestb\gr_common\lib\libg.a(lib_a-svfprintf.o)
                0xfff0580a                _svfprintf_r
 .text._vfprintf_r
                0xfff067f8     0x1152 D:\usr\github\clone\GR-SAKURA-MRUBY-CAR\gcctestb\gcctestb\gr_common\lib\libg.a(lib_a-vfprintf.o)
                0xfff067f8                _vfprintf_r
 .text.vfprintf
                0xfff0794a       0x16 D:\usr\github\clone\GR-SAKURA-MRUBY-CAR\gcctestb\gcctestb\gr_common\lib\libg.a(lib_a-vfprintf.o)
                0xfff0794a                vfprintf
 .text._vsnprintf_r
                0xfff07960       0x50 D:\usr\github\clone\GR-SAKURA-MRUBY-CAR\gcctestb\gcctestb\gr_common\lib\libg.a(lib_a-vsnprintf.o)
                0xfff07960                _vsnprintf_r
 .text.vsnprintf
                0xfff079b0       0x1e D:\usr\github\clone\GR-SAKURA-MRUBY-CAR\gcctestb\gcctestb\gr_common\lib\libg.a(lib_a-vsnprintf.o)
                0xfff079b0                vsnprintf
 .text.__swbuf_r
                0xfff079ce       0xaa D:\usr\github\clone\GR-SAKURA-MRUBY-CAR\gcctestb\gcctestb\gr_common\lib\libg.a(lib_a-wbuf.o)
                0xfff079ce                __swbuf_r
 .text.__swbuf  0xfff07a78       0x12 D:\usr\github\clone\GR-SAKURA-MRUBY-CAR\gcctestb\gcctestb\gr_common\lib\libg.a(lib_a-wbuf.o)
                0xfff07a78                __swbuf
 .text._write_r
                0xfff07a8a       0x26 D:\usr\github\clone\GR-SAKURA-MRUBY-CAR\gcctestb\gcctestb\gr_common\lib\libg.a(lib_a-writer.o)
                0xfff07a8a                _write_r
 .text.__swsetup_r
                0xfff07ab0       0xce D:\usr\github\clone\GR-SAKURA-MRUBY-CAR\gcctestb\gcctestb\gr_common\lib\libg.a(lib_a-wsetup.o)
                0xfff07ab0                __swsetup_r
 .text.__call_exitprocs
                0xfff07b7e       0xc2 D:\usr\github\clone\GR-SAKURA-MRUBY-CAR\gcctestb\gcctestb\gr_common\lib\libg.a(lib_a-__call_atexit.o)
                0xfff07b7e                __call_exitprocs
 .text._close_r
                0xfff07c40       0x22 D:\usr\github\clone\GR-SAKURA-MRUBY-CAR\gcctestb\gcctestb\gr_common\lib\libg.a(lib_a-closer.o)
                0xfff07c40                _close_r
 .text.quorem   0xfff07c62      0x11a D:\usr\github\clone\GR-SAKURA-MRUBY-CAR\gcctestb\gcctestb\gr_common\lib\libg.a(lib_a-dtoa.o)
 .text._dtoa_r  0xfff07d7c      0x98c D:\usr\github\clone\GR-SAKURA-MRUBY-CAR\gcctestb\gcctestb\gr_common\lib\libg.a(lib_a-dtoa.o)
                0xfff07d7c                _dtoa_r
 .text._fclose_r
                0xfff08708       0x8a D:\usr\github\clone\GR-SAKURA-MRUBY-CAR\gcctestb\gcctestb\gr_common\lib\libg.a(lib_a-fclose.o)
                0xfff08708                _fclose_r
 .text.fclose   0xfff08792        0xe D:\usr\github\clone\GR-SAKURA-MRUBY-CAR\gcctestb\gcctestb\gr_common\lib\libg.a(lib_a-fclose.o)
                0xfff08792                fclose
 .text.__sflush_r
                0xfff087a0      0x142 D:\usr\github\clone\GR-SAKURA-MRUBY-CAR\gcctestb\gcctestb\gr_common\lib\libg.a(lib_a-fflush.o)
                0xfff087a0                __sflush_r
 .text._fflush_r
                0xfff088e2       0x2c D:\usr\github\clone\GR-SAKURA-MRUBY-CAR\gcctestb\gcctestb\gr_common\lib\libg.a(lib_a-fflush.o)
                0xfff088e2                _fflush_r
 .text.fflush   0xfff0890e       0x23 D:\usr\github\clone\GR-SAKURA-MRUBY-CAR\gcctestb\gcctestb\gr_common\lib\libg.a(lib_a-fflush.o)
                0xfff0890e                fflush
 *fill*         0xfff08931        0x1 00
 .text._malloc_trim_r
                0xfff08932       0xa4 D:\usr\github\clone\GR-SAKURA-MRUBY-CAR\gcctestb\gcctestb\gr_common\lib\libg.a(lib_a-freer.o)
                0xfff08932                _malloc_trim_r
 .text._free_r  0xfff089d6      0x19e D:\usr\github\clone\GR-SAKURA-MRUBY-CAR\gcctestb\gcctestb\gr_common\lib\libg.a(lib_a-freer.o)
                0xfff089d6                _free_r
 .text.__sfvwrite_r
                0xfff08b74      0x296 D:\usr\github\clone\GR-SAKURA-MRUBY-CAR\gcctestb\gcctestb\gr_common\lib\libg.a(lib_a-fvwrite.o)
                0xfff08b74                __sfvwrite_r
 .text.L_shift  0xfff08e0a       0x24 D:\usr\github\clone\GR-SAKURA-MRUBY-CAR\gcctestb\gcctestb\gr_common\lib\libg.a(lib_a-gdtoa-hexnan.o)
 .text.__hexnan
                0xfff08e2e      0x120 D:\usr\github\clone\GR-SAKURA-MRUBY-CAR\gcctestb\gcctestb\gr_common\lib\libg.a(lib_a-gdtoa-hexnan.o)
                0xfff08e2e                __hexnan
 .text._setlocale_r
                0xfff08f4e       0x4a D:\usr\github\clone\GR-SAKURA-MRUBY-CAR\gcctestb\gcctestb\gr_common\lib\libg.a(lib_a-locale.o)
                0xfff08f4e                _setlocale_r
 .text.__locale_charset
                0xfff08f98        0x7 D:\usr\github\clone\GR-SAKURA-MRUBY-CAR\gcctestb\gcctestb\gr_common\lib\libg.a(lib_a-locale.o)
                0xfff08f98                __locale_charset
 .text.__locale_mb_cur_max
                0xfff08f9f        0x9 D:\usr\github\clone\GR-SAKURA-MRUBY-CAR\gcctestb\gcctestb\gr_common\lib\libg.a(lib_a-locale.o)
                0xfff08f9f                __locale_mb_cur_max
 .text.__locale_msgcharset
                0xfff08fa8        0x7 D:\usr\github\clone\GR-SAKURA-MRUBY-CAR\gcctestb\gcctestb\gr_common\lib\libg.a(lib_a-locale.o)
                0xfff08fa8                __locale_msgcharset
 .text.__locale_cjk_lang
                0xfff08faf        0x3 D:\usr\github\clone\GR-SAKURA-MRUBY-CAR\gcctestb\gcctestb\gr_common\lib\libg.a(lib_a-locale.o)
                0xfff08faf                __locale_cjk_lang
 .text._localeconv_r
                0xfff08fb2        0x7 D:\usr\github\clone\GR-SAKURA-MRUBY-CAR\gcctestb\gcctestb\gr_common\lib\libg.a(lib_a-locale.o)
                0xfff08fb2                _localeconv_r
 .text.setlocale
                0xfff08fb9       0x12 D:\usr\github\clone\GR-SAKURA-MRUBY-CAR\gcctestb\gcctestb\gr_common\lib\libg.a(lib_a-locale.o)
                0xfff08fb9                setlocale
 .text.localeconv
                0xfff08fcb        0x7 D:\usr\github\clone\GR-SAKURA-MRUBY-CAR\gcctestb\gcctestb\gr_common\lib\libg.a(lib_a-locale.o)
                0xfff08fcb                localeconv
 .text._lseek_r
                0xfff08fd2       0x26 D:\usr\github\clone\GR-SAKURA-MRUBY-CAR\gcctestb\gcctestb\gr_common\lib\libg.a(lib_a-lseekr.o)
                0xfff08fd2                _lseek_r
 .text.__smakebuf_r
                0xfff08ff8       0xd6 D:\usr\github\clone\GR-SAKURA-MRUBY-CAR\gcctestb\gcctestb\gr_common\lib\libg.a(lib_a-makebuf.o)
                0xfff08ff8                __smakebuf_r
 .text._Balloc  0xfff090ce       0x54 D:\usr\github\clone\GR-SAKURA-MRUBY-CAR\gcctestb\gcctestb\gr_common\lib\libg.a(lib_a-mprec.o)
                0xfff090ce                _Balloc
 .text._Bfree   0xfff09122       0x1a D:\usr\github\clone\GR-SAKURA-MRUBY-CAR\gcctestb\gcctestb\gr_common\lib\libg.a(lib_a-mprec.o)
                0xfff09122                _Bfree
 .text.__multadd
                0xfff0913c       0x7c D:\usr\github\clone\GR-SAKURA-MRUBY-CAR\gcctestb\gcctestb\gr_common\lib\libg.a(lib_a-mprec.o)
                0xfff0913c                __multadd
 .text.__s2b    0xfff091b8       0x80 D:\usr\github\clone\GR-SAKURA-MRUBY-CAR\gcctestb\gcctestb\gr_common\lib\libg.a(lib_a-mprec.o)
                0xfff091b8                __s2b
 .text.__hi0bits
                0xfff09238       0x4a D:\usr\github\clone\GR-SAKURA-MRUBY-CAR\gcctestb\gcctestb\gr_common\lib\libg.a(lib_a-mprec.o)
                0xfff09238                __hi0bits
 .text.__lo0bits
                0xfff09282       0x66 D:\usr\github\clone\GR-SAKURA-MRUBY-CAR\gcctestb\gcctestb\gr_common\lib\libg.a(lib_a-mprec.o)
                0xfff09282                __lo0bits
 .text.__i2b    0xfff092e8       0x12 D:\usr\github\clone\GR-SAKURA-MRUBY-CAR\gcctestb\gcctestb\gr_common\lib\libg.a(lib_a-mprec.o)
                0xfff092e8                __i2b
 .text.__multiply
                0xfff092fa      0x11a D:\usr\github\clone\GR-SAKURA-MRUBY-CAR\gcctestb\gcctestb\gr_common\lib\libg.a(lib_a-mprec.o)
                0xfff092fa                __multiply
 .text.__pow5mult
                0xfff09414       0x88 D:\usr\github\clone\GR-SAKURA-MRUBY-CAR\gcctestb\gcctestb\gr_common\lib\libg.a(lib_a-mprec.o)
                0xfff09414                __pow5mult
 .text.__lshift
                0xfff0949c       0x9e D:\usr\github\clone\GR-SAKURA-MRUBY-CAR\gcctestb\gcctestb\gr_common\lib\libg.a(lib_a-mprec.o)
                0xfff0949c                __lshift
 .text.__mcmp   0xfff0953a       0x2c D:\usr\github\clone\GR-SAKURA-MRUBY-CAR\gcctestb\gcctestb\gr_common\lib\libg.a(lib_a-mprec.o)
                0xfff0953a                __mcmp
 .text.__mdiff  0xfff09566       0xd4 D:\usr\github\clone\GR-SAKURA-MRUBY-CAR\gcctestb\gcctestb\gr_common\lib\libg.a(lib_a-mprec.o)
                0xfff09566                __mdiff
 .text.__ulp    0xfff0963a       0x27 D:\usr\github\clone\GR-SAKURA-MRUBY-CAR\gcctestb\gcctestb\gr_common\lib\libg.a(lib_a-mprec.o)
                0xfff0963a                __ulp
 *fill*         0xfff09661        0x1 00
 .text.__b2d    0xfff09662       0x6a D:\usr\github\clone\GR-SAKURA-MRUBY-CAR\gcctestb\gcctestb\gr_common\lib\libg.a(lib_a-mprec.o)
                0xfff09662                __b2d
 .text.__d2b    0xfff096cc       0x6a D:\usr\github\clone\GR-SAKURA-MRUBY-CAR\gcctestb\gcctestb\gr_common\lib\libg.a(lib_a-mprec.o)
                0xfff096cc                __d2b
 .text.__ratio  0xfff09736       0x42 D:\usr\github\clone\GR-SAKURA-MRUBY-CAR\gcctestb\gcctestb\gr_common\lib\libg.a(lib_a-mprec.o)
                0xfff09736                __ratio
 .text._mprec_log10
                0xfff09778       0x24 D:\usr\github\clone\GR-SAKURA-MRUBY-CAR\gcctestb\gcctestb\gr_common\lib\libg.a(lib_a-mprec.o)
                0xfff09778                _mprec_log10
 .text.__copybits
                0xfff0979c       0x32 D:\usr\github\clone\GR-SAKURA-MRUBY-CAR\gcctestb\gcctestb\gr_common\lib\libg.a(lib_a-mprec.o)
                0xfff0979c                __copybits
 .text.__any_on
                0xfff097ce       0x40 D:\usr\github\clone\GR-SAKURA-MRUBY-CAR\gcctestb\gcctestb\gr_common\lib\libg.a(lib_a-mprec.o)
                0xfff097ce                __any_on
 .text._read_r  0xfff0980e       0x26 D:\usr\github\clone\GR-SAKURA-MRUBY-CAR\gcctestb\gcctestb\gr_common\lib\libg.a(lib_a-readr.o)
                0xfff0980e                _read_r
 .text.cleanup_glue
                0xfff09834       0x1a D:\usr\github\clone\GR-SAKURA-MRUBY-CAR\gcctestb\gcctestb\gr_common\lib\libg.a(lib_a-reent.o)
                0xfff09834                cleanup_glue
 .text._reclaim_reent
                0xfff0984e       0xa0 D:\usr\github\clone\GR-SAKURA-MRUBY-CAR\gcctestb\gcctestb\gr_common\lib\libg.a(lib_a-reent.o)
                0xfff0984e                _reclaim_reent
 .text._wrapup_reent
                0xfff098ee       0x40 D:\usr\github\clone\GR-SAKURA-MRUBY-CAR\gcctestb\gcctestb\gr_common\lib\libg.a(lib_a-reent.o)
                0xfff098ee                _wrapup_reent
 .text.__ssprint_r
                0xfff0992e       0xfe D:\usr\github\clone\GR-SAKURA-MRUBY-CAR\gcctestb\gcctestb\gr_common\lib\libg.a(lib_a-svfiprintf.o)
                0xfff0992e                __ssprint_r
 .text._svfiprintf_r
                0xfff09a2c      0x8da D:\usr\github\clone\GR-SAKURA-MRUBY-CAR\gcctestb\gcctestb\gr_common\lib\libg.a(lib_a-svfiprintf.o)
                0xfff09a2c                _svfiprintf_r
 .text.__sprint_r
                0xfff0a306       0x6c D:\usr\github\clone\GR-SAKURA-MRUBY-CAR\gcctestb\gcctestb\gr_common\lib\libg.a(lib_a-vfiprintf.o)
                0xfff0a306                __sprint_r
 .text._vfiprintf_r
                0xfff0a372      0x9e0 D:\usr\github\clone\GR-SAKURA-MRUBY-CAR\gcctestb\gcctestb\gr_common\lib\libg.a(lib_a-vfiprintf.o)
                0xfff0a372                _vfiprintf_r
 .text.vfiprintf
                0xfff0ad52       0x16 D:\usr\github\clone\GR-SAKURA-MRUBY-CAR\gcctestb\gcctestb\gr_common\lib\libg.a(lib_a-vfiprintf.o)
                0xfff0ad52                vfiprintf
 .text._calloc_r
                0xfff0ad68       0x66 D:\usr\github\clone\GR-SAKURA-MRUBY-CAR\gcctestb\gcctestb\gr_common\lib\libg.a(lib_a-callocr.o)
                0xfff0ad68                _calloc_r
 .text._fputwc_r
                0xfff0adce       0xc6 D:\usr\github\clone\GR-SAKURA-MRUBY-CAR\gcctestb\gcctestb\gr_common\lib\libg.a(lib_a-fputwc.o)
                0xfff0adce                _fputwc_r
 .text.fputwc   0xfff0ae94       0x28 D:\usr\github\clone\GR-SAKURA-MRUBY-CAR\gcctestb\gcctestb\gr_common\lib\libg.a(lib_a-fputwc.o)
                0xfff0ae94                fputwc
 .text._fstat_r
                0xfff0aebc       0x24 D:\usr\github\clone\GR-SAKURA-MRUBY-CAR\gcctestb\gcctestb\gr_common\lib\libg.a(lib_a-fstatr.o)
                0xfff0aebc                _fstat_r
 .text.rshift   0xfff0aee0       0x70 D:\usr\github\clone\GR-SAKURA-MRUBY-CAR\gcctestb\gcctestb\gr_common\lib\libg.a(lib_a-gdtoa-gethex.o)
 .text.htinit.constprop.0
                0xfff0af50       0x1a D:\usr\github\clone\GR-SAKURA-MRUBY-CAR\gcctestb\gcctestb\gr_common\lib\libg.a(lib_a-gdtoa-gethex.o)
 .text.__hexdig_init
                0xfff0af6a       0x2d D:\usr\github\clone\GR-SAKURA-MRUBY-CAR\gcctestb\gcctestb\gr_common\lib\libg.a(lib_a-gdtoa-gethex.o)
                0xfff0af6a                __hexdig_init
 *fill*         0xfff0af97        0x1 00
 .text.__gethex
                0xfff0af98      0x47e D:\usr\github\clone\GR-SAKURA-MRUBY-CAR\gcctestb\gcctestb\gr_common\lib\libg.a(lib_a-gdtoa-gethex.o)
                0xfff0af98                __gethex
 .text._isatty_r
                0xfff0b416       0x22 D:\usr\github\clone\GR-SAKURA-MRUBY-CAR\gcctestb\gcctestb\gr_common\lib\libg.a(lib_a-isattyr.o)
                0xfff0b416                _isatty_r
 .text._wcrtomb_r
                0xfff0b438       0x4c D:\usr\github\clone\GR-SAKURA-MRUBY-CAR\gcctestb\gcctestb\gr_common\lib\libg.a(lib_a-wcrtomb.o)
                0xfff0b438                _wcrtomb_r
 .text.wcrtomb  0xfff0b484       0x16 D:\usr\github\clone\GR-SAKURA-MRUBY-CAR\gcctestb\gcctestb\gr_common\lib\libg.a(lib_a-wcrtomb.o)
                0xfff0b484                wcrtomb
 .text.__ascii_wctomb
                0xfff0b49a       0x1c D:\usr\github\clone\GR-SAKURA-MRUBY-CAR\gcctestb\gcctestb\gr_common\lib\libg.a(lib_a-wctomb_r.o)
                0xfff0b49a                __ascii_wctomb
 .text._wctomb_r
                0xfff0b4b6       0x29 D:\usr\github\clone\GR-SAKURA-MRUBY-CAR\gcctestb\gcctestb\gr_common\lib\libg.a(lib_a-wctomb_r.o)
                0xfff0b4b6                _wctomb_r
 *(P)
 P              0xfff0b4df        0x0 D:\usr\github\clone\GR-SAKURA-MRUBY-CAR\gcctestb\gcctestb\Config1\vector_table.o
 *fill*         0xfff0b4df        0x1 00
 P              0xfff0b4e0       0xb4 D:\usr\github\clone\GR-SAKURA-MRUBY-CAR\gcctestb\gcctestb\Config1\time_manage.o
                0xfff0b557                get_tim
 P              0xfff0b594      0x2d0 D:\usr\github\clone\GR-SAKURA-MRUBY-CAR\gcctestb\gcctestb\Config1\time_event.o
                0xfff0b699                _kernel_initialize_time_event
                0xfff0b6d1                _kernel_time_event_enqueue
                0xfff0b780                _kernel_time_event_dequeue
                0xfff0b79f                _kernel_signal_time
 P              0xfff0b864      0x16e D:\usr\github\clone\GR-SAKURA-MRUBY-CAR\gcctestb\gcctestb\Config1\task_manage.o
                0xfff0b8db                act_tsk
                0xfff0b957                iact_tsk
 P              0xfff0b9d2      0x610 D:\usr\github\clone\GR-SAKURA-MRUBY-CAR\gcctestb\gcctestb\Config1\task.o
                0xfff0ba1f                get_ipri_self
                0xfff0ba4f                get_ipri
                0xfff0bb4c                _kernel_search_schedtsk
                0xfff0bb5e                _kernel_test_dormant
                0xfff0bb7e                _kernel_initialize_task
                0xfff0bbf4                make_ctx
                0xfff0bcb6                _kernel_make_active
                0xfff0bcf3                _kernel_run_task
                0xfff0bcff                dispatch
                0xfff0bd33                _kernel_dispatcher
                0xfff0bd60                wai_tsk
                0xfff0bdb8                go_tsk
                0xfff0be33                isig_tim
                0xfff0bea8                dly_tsk
                0xfff0bf1f                _kernel_handler
 *fill*         0xfff0bfe2        0x2 00
 P              0xfff0bfe4       0xc0 D:\usr\github\clone\GR-SAKURA-MRUBY-CAR\gcctestb\gcctestb\Config1\target_support.o
                0xfff0bfe4                hardware_init_hook
                0xfff0c0a0                software_init_hook
 P              0xfff0c0a4       0x2f D:\usr\github\clone\GR-SAKURA-MRUBY-CAR\gcctestb\gcctestb\Config1\startup.o
                0xfff0c0a4                sta_ker
 P              0xfff0c0d3       0x2f D:\usr\github\clone\GR-SAKURA-MRUBY-CAR\gcctestb\gcctestb\Config1\sbrk.o
                0xfff0c0d3                _sbrk
                0xfff0c0d3                sbrk
 P              0xfff0c102      0x354 D:\usr\github\clone\GR-SAKURA-MRUBY-CAR\gcctestb\gcctestb\Config1\rx63nsci0.o
                0xfff0c125                CPU_UartInitialize
                0xfff0c1fb                CPU_UartPutch
                0xfff0c23b                CPU_UartPuts
                0xfff0c27f                CPU_UartGetch
                0xfff0c2bc                CPU_UartGetch_t
                0xfff0c331                CPU_UartRead
                0xfff0c3b5                CPU_UartGets
                0xfff0c407                write
 P              0xfff0c456        0x0 D:\usr\github\clone\GR-SAKURA-MRUBY-CAR\gcctestb\gcctestb\Config1\reset_program.o
 P              0xfff0c456       0xb4 D:\usr\github\clone\GR-SAKURA-MRUBY-CAR\gcctestb\gcctestb\Config1\rbcall.o
                0xfff0c456                mruby_call
 P              0xfff0c50a        0x0 D:\usr\github\clone\GR-SAKURA-MRUBY-CAR\gcctestb\gcctestb\Config1\rb_main.o
 P              0xfff0c50a      0x118 D:\usr\github\clone\GR-SAKURA-MRUBY-CAR\gcctestb\gcctestb\Config1\mrb_read.o
                0xfff0c50a                read_mrb
                0xfff0c542                mrb_read_ui
 *fill*         0xfff0c622        0x2 00
 P              0xfff0c624       0x44 D:\usr\github\clone\GR-SAKURA-MRUBY-CAR\gcctestb\gcctestb\Config1\lowlbl.o
                0xfff0c624                charput
                0xfff0c624                putchar
                0xfff0c641                stack
                0xfff0c641                romdatacopysize
                0xfff0c641                vectors
                0xfff0c641                bsssize
                0xfff0c641                romdatastart
                0xfff0c641                datastart
                0xfff0c641                charget
                0xfff0c641                bssstart
                0xfff0c664                open
                0xfff0c664                isatty
                0xfff0c664                read
                0xfff0c664                fstat
                0xfff0c664                close
                0xfff0c664                lseek
 P              0xfff0c668       0x17 D:\usr\github\clone\GR-SAKURA-MRUBY-CAR\gcctestb\gcctestb\Config1\kernel_cfg.o
                0xfff0c668                _kernel_initialize_object
 P              0xfff0c67f      0x612 D:\usr\github\clone\GR-SAKURA-MRUBY-CAR\gcctestb\gcctestb\Config1\interrupt_handlers.o
                0xfff0c67f                Excep_SuperVisorInst
                0xfff0c687                Excep_UndefinedInst
                0xfff0c68f                Excep_FloatingPoint
                0xfff0c697                NonMaskableInterrupt
                0xfff0c69f                Dummy
                0xfff0c6a7                Excep_BRK
                0xfff0c6af                Excep_BUSERR
                0xfff0c6b7                Excep_FCUIF_FIFEERR
                0xfff0c6bf                Excep_FCUIF_FRDYI
                0xfff0c6c7                Excep_ICU_SWINT
                0xfff0c6cf                Excep_CMT0_CMI0
                0xfff0c6e1                Excep_CMT1_CMI1
                0xfff0c6e9                Excep_CMT2_CMI2
                0xfff0c6f1                Excep_CMT3_CMI3
                0xfff0c6f9                Excep_ETHER_EINT
                0xfff0c701                Excep_USB0_D0FIFO0
                0xfff0c709                Excep_USB0_D1FIFO0
                0xfff0c711                Excep_USB0_USBI0
                0xfff0c719                Excep_USB1_D0FIFO1
                0xfff0c721                Excep_USB1_D1FIFO1
                0xfff0c729                Excep_USB1_USBI1
                0xfff0c731                Excep_RSPI0_SPRI0
                0xfff0c739                Excep_RSPI0_SPTI0
                0xfff0c741                Excep_RSPI0_SPII0
                0xfff0c749                Excep_RSPI1_SPRI1
                0xfff0c751                Excep_RSPI1_SPTI1
                0xfff0c759                Excep_RSPI1_SPII1
                0xfff0c761                Excep_RSPI2_SPRI2
                0xfff0c769                Excep_RSPI2_SPTI2
                0xfff0c771                Excep_RSPI2_SPII2
                0xfff0c779                Excep_CAN0_RXF0
                0xfff0c781                Excep_CAN0_TXF0
                0xfff0c789                Excep_CAN0_RXM0
                0xfff0c791                Excep_CAN0_TXM0
                0xfff0c799                Excep_CAN1_RXF1
                0xfff0c7a1                Excep_CAN1_TXF1
                0xfff0c7a9                Excep_CAN1_RXM1
                0xfff0c7b1                Excep_CAN1_TXM1
                0xfff0c7b9                Excep_CAN2_RXF2
                0xfff0c7c1                Excep_CAN2_TXF2
                0xfff0c7c9                Excep_CAN2_RXM2
                0xfff0c7d1                Excep_CAN2_TXM2
                0xfff0c7d9                Excep_RTC_CUP
                0xfff0c7e1                Excep_IRQ0
                0xfff0c7e9                Excep_IRQ1
                0xfff0c7f1                Excep_IRQ2
                0xfff0c7f9                Excep_IRQ3
                0xfff0c801                Excep_IRQ4
                0xfff0c809                Excep_IRQ5
                0xfff0c811                Excep_IRQ6
                0xfff0c819                Excep_IRQ7
                0xfff0c821                Excep_IRQ8
                0xfff0c829                Excep_IRQ9
                0xfff0c831                Excep_IRQ10
                0xfff0c839                Excep_IRQ11
                0xfff0c841                Excep_IRQ12
                0xfff0c849                Excep_IRQ13
                0xfff0c851                Excep_IRQ14
                0xfff0c859                Excep_IRQ15
                0xfff0c861                Excep_USB_USBR0
                0xfff0c869                Excep_USB_USBR1
                0xfff0c871                Excep_RTC_ALM
                0xfff0c879                Excep_RTC_SLEEP
                0xfff0c881                Excep_ADA0_ADI0
                0xfff0c889                Excep_S12AD0_S12ADI0
                0xfff0c891                Excep_GROUP_E0
                0xfff0c899                Excep_GROUP_E1
                0xfff0c8a1                Excep_GROUP_E2
                0xfff0c8a9                Excep_GROUP_E3
                0xfff0c8b1                Excep_GROUP_E4
                0xfff0c8b9                Excep_GROUP_E5
                0xfff0c8c1                Excep_GROUP_E6
                0xfff0c8c9                Excep_GROUP_L0
                0xfff0c8d1                Excep_SCIX_SCIX0
                0xfff0c8d9                Excep_SCIX_SCIX1
                0xfff0c8e1                Excep_SCIX_SCIX2
                0xfff0c8e9                Excep_SCIX_SCIX3
                0xfff0c8f1                Excep_TPU0_TGIA0
                0xfff0c8f9                Excep_TPU0_TGIB0
                0xfff0c901                Excep_TPU0_TGIC0
                0xfff0c909                Excep_TPU0_TGID0
                0xfff0c911                Excep_TPU1_TGIA1
                0xfff0c919                Excep_TPU1_TGIB1
                0xfff0c921                Excep_TPU2_TGIA2
                0xfff0c929                Excep_TPU2_TGIB2
                0xfff0c931                Excep_TPU3_TGIA3
                0xfff0c939                Excep_TPU3_TGIB3
                0xfff0c941                Excep_TPU3_TGIC3
                0xfff0c949                Excep_TPU3_TGID3
                0xfff0c951                Excep_TPU4_TGIA4
                0xfff0c959                Excep_TPU4_TGIB4
                0xfff0c961                Excep_TPU5_TGIA5
                0xfff0c969                Excep_TPU5_TGIB5
                0xfff0c971                Excep_TPU6_TGIA6
                0xfff0c979                Excep_TPU6_TGIB6
                0xfff0c981                Excep_TPU6_TGIC6
                0xfff0c989                Excep_TPU6_TGID6
                0xfff0c991                Excep_TPU6_TGIE6
                0xfff0c999                Excep_TPU6_TGIF6
                0xfff0c9a1                Excep_TPU7_TGIA7
                0xfff0c9a9                Excep_TPU7_TGIB7
                0xfff0c9b1                Excep_TPU8_TGIA8
                0xfff0c9b9                Excep_TPU8_TGIB8
                0xfff0c9c1                Excep_TPU9_TGIA9
                0xfff0c9c9                Excep_TPU9_TGIB9
                0xfff0c9d1                Excep_TPU9_TGIC9
                0xfff0c9d9                Excep_TPU9_TGID9
                0xfff0c9e1                Excep_TPU10_TGIA10
                0xfff0c9e9                Excep_TPU10_TGIB10
                0xfff0c9f1                Excep_TPU10_TGIC10
                0xfff0c9f9                Excep_TPU10_TGID10
                0xfff0ca01                Excep_TPU10_TGIV10
                0xfff0ca09                Excep_MTU5_TGIU5
                0xfff0ca11                Excep_MTU5_TGIV5
                0xfff0ca19                Excep_MTU5_TGIW5
                0xfff0ca21                Excep_TPU11_TGIA11
                0xfff0ca29                Excep_TPU11_TGIB11
                0xfff0ca31                Excep_POE2_OEI1
                0xfff0ca39                Excep_POE2_OEI2
                0xfff0ca41                Excep_TMR0_CMIA0
                0xfff0ca49                Excep_TMR0_CMIB0
                0xfff0ca51                Excep_TMR0_OVI0
                0xfff0ca59                Excep_TMR1_CMIA1
                0xfff0ca61                Excep_TMR1_CMIB1
                0xfff0ca69                Excep_TMR1_OVI1
                0xfff0ca71                Excep_TMR2_CMIA2
                0xfff0ca79                Excep_TMR2_CMIB2
                0xfff0ca81                Excep_TMR2_OVI2
                0xfff0ca89                Excep_TMR3_CMIA3
                0xfff0ca91                Excep_TMR3_CMIB3
                0xfff0ca99                Excep_TMR3_OVI3
                0xfff0caa1                Excep_RIIC0_EEI0
                0xfff0caa9                Excep_RIIC0_RXI0
                0xfff0cab1                Excep_RIIC0_TXI0
                0xfff0cab9                Excep_RIIC0_TEI0
                0xfff0cac1                Excep_RIIC1_EEI0
                0xfff0cac9                Excep_RIIC1_RXI0
                0xfff0cad1                Excep_RIIC1_TXI0
                0xfff0cad9                Excep_RIIC1_TEI0
                0xfff0cae1                Excep_RIIC2_EEI0
                0xfff0cae9                Excep_RIIC2_RXI0
                0xfff0caf1                Excep_RIIC2_TXI0
                0xfff0caf9                Excep_RIIC2_TEI0
                0xfff0cb01                Excep_RIIC3_EEI0
                0xfff0cb09                Excep_RIIC3_RXI0
                0xfff0cb11                Excep_RIIC3_TXI0
                0xfff0cb19                Excep_RIIC3_TEI0
                0xfff0cb21                Excep_DMACA_DMAC0
                0xfff0cb29                Excep_DMACA_DMAC1
                0xfff0cb31                Excep_DMACA_DMAC2
                0xfff0cb39                Excep_DMACA_DMAC3
                0xfff0cb41                Excep_EXDMAC_DMAC0
                0xfff0cb49                Excep_EXDMAC_DMAC1
                0xfff0cb51                Excep_SCI0_RXI0
                0xfff0cb59                Excep_SCI0_TXI0
                0xfff0cb61                Excep_SCI0_TEI0
                0xfff0cb69                Excep_SCI1_RXI1
                0xfff0cb71                Excep_SCI1_TXI1
                0xfff0cb79                Excep_SCI1_TEI1
                0xfff0cb81                Excep_SCI2_RXI2
                0xfff0cb89                Excep_SCI2_TXI2
                0xfff0cb91                Excep_SCI2_TEI2
                0xfff0cb99                Excep_SCI3_RXI3
                0xfff0cba1                Excep_SCI3_TXI3
                0xfff0cba9                Excep_SCI3_TEI3
                0xfff0cbb1                Excep_SCI4_RXI4
                0xfff0cbb9                Excep_SCI4_TXI4
                0xfff0cbc1                Excep_SCI4_TEI4
                0xfff0cbc9                Excep_SCI5_RXI5
                0xfff0cbd1                Excep_SCI5_TXI5
                0xfff0cbd9                Excep_SCI5_TEI5
                0xfff0cbe1                Excep_SCI6_RXI6
                0xfff0cbe9                Excep_SCI6_TXI6
                0xfff0cbf1                Excep_SCI6_TEI6
                0xfff0cbf9                Excep_SCI7_RXI7
                0xfff0cc01                Excep_SCI7_TXI7
                0xfff0cc09                Excep_SCI7_TEI7
                0xfff0cc11                Excep_SCI8_RXI8
                0xfff0cc19                Excep_SCI8_TXI8
                0xfff0cc21                Excep_SCI8_TEI8
                0xfff0cc29                Excep_SCI9_RXI9
                0xfff0cc31                Excep_SCI9_TXI9
                0xfff0cc39                Excep_SCI9_TEI9
                0xfff0cc41                Excep_SCI10_RXI10
                0xfff0cc49                Excep_SCI10_TXI10
                0xfff0cc51                Excep_SCI10_TEI10
                0xfff0cc59                Excep_SCI11_RXI11
                0xfff0cc61                Excep_SCI11_TXI11
                0xfff0cc69                Excep_SCI11_TEI11
                0xfff0cc71                Excep_SCI12_RXI12
                0xfff0cc79                Excep_SCI12_TXI12
                0xfff0cc81                Excep_SCI12_TEI12
                0xfff0cc89                Excep_IEBUS_IEBINT
 P              0xfff0cc91       0x51 D:\usr\github\clone\GR-SAKURA-MRUBY-CAR\gcctestb\gcctestb\Config1\hardware_setup.o
                0xfff0cc91                HardwareSetup
 P              0xfff0cce2       0x7e D:\usr\github\clone\GR-SAKURA-MRUBY-CAR\gcctestb\gcctestb\Config1\gcctestb.o
                0xfff0cce2                main
                0xfff0cd1b                task2
                0xfff0cd27                CMI0
 P              0xfff0cd60      0x39a D:\usr\github\clone\GR-SAKURA-MRUBY-CAR\gcctestb\gcctestb\Config1\cyclic.o
                0xfff0cdd7                _kernel_initialize_cyclic
                0xfff0ce6e                sta_cyc
                0xfff0cf4b                stp_cyc
                0xfff0cfe7                istp_cyc
                0xfff0d083                _kernel_call_cychdr
 P              0xfff0d0fa        0x0 D:\usr\github\clone\GR-SAKURA-MRUBY-CAR\gcctestb\gcctestb\Config1\crt0.o
 P              0xfff0d0fa      0x3b0 D:\usr\github\clone\GR-SAKURA-MRUBY-CAR\gcctestb\gcctestb\Config1\alarm.o
                0xfff0d171                _kernel_initialize_alarm
                0xfff0d185                sta_alm
                0xfff0d24f                ista_alm
                0xfff0d319                stp_alm
                0xfff0d3b7                istp_alm
                0xfff0d455                _kernel_call_almhdr
 *fill*         0xfff0d4aa        0x2 00
 P              0xfff0d4ac      0xb38 D:\usr\github\clone\GR-SAKURA-MRUBY-CAR\gcctestb\gcctestb\gr_mruby\mruby-1.1.0\build\grsakura\lib\libmruby.a(load.o)
                0xfff0dbfd                read_irep
                0xfff0de8f                mrb_read_irep
                0xfff0de95                mrb_load_irep_cxt
                0xfff0dee0                mrb_load_irep
                0xfff0dee7                mrb_read_irep_file
                0xfff0df7d                mrb_load_irep_file_cxt
                0xfff0dfdd                mrb_load_irep_file
 P              0xfff0dfe4      0x504 D:\usr\github\clone\GR-SAKURA-MRUBY-CAR\gcctestb\gcctestb\gr_mruby\mruby-1.1.0\build\grsakura\lib\libmruby.a(proc.o)
                0xfff0e1fd                mrb_proc_new
                0xfff0e25a                mrb_closure_new
                0xfff0e295                mrb_proc_new_cfunc
                0xfff0e2b2                mrb_proc_new_cfunc_with_env
                0xfff0e31f                mrb_closure_new_cfunc
                0xfff0e325                mrb_proc_cfunc_env_get
                0xfff0e3b7                mrb_proc_copy
                0xfff0e3eb                mrb_proc_cfunc_p
                0xfff0e3f2                mrb_proc_call_cfunc
                0xfff0e3fc                mrb_proc_iseq
                0xfff0e403                mrb_init_proc
 P              0xfff0e4e8      0x3d4 D:\usr\github\clone\GR-SAKURA-MRUBY-CAR\gcctestb\gcctestb\gr_mruby\mruby-1.1.0\build\grsakura\lib\libmruby.a(state.o)
                0xfff0e4f5                mrb_default_allocf
                0xfff0e510                mrb_open_core
                0xfff0e575                mrb_alloca
                0xfff0e58c                mrb_open_allocf
                0xfff0e5a9                mrb_open
                0xfff0e5b5                mrb_irep_incref
                0xfff0e5be                mrb_irep_free
                0xfff0e688                mrb_irep_decref
                0xfff0e697                mrb_str_pool
                0xfff0e760                mrb_free_context
                0xfff0e793                mrb_close
                0xfff0e80c                mrb_add_irep
                0xfff0e823                mrb_top_self
                0xfff0e87b                mrb_state_atexit
 P              0xfff0e8bc     0x3418 D:\usr\github\clone\GR-SAKURA-MRUBY-CAR\gcctestb\gcctestb\gr_mruby\mruby-1.1.0\build\grsakura\lib\libmruby.a(string.o)
                0xfff0ebcf                mrb_str_intern
                0xfff0f071                mrb_str_strlen
                0xfff0f0d7                mrb_str_modify
                0xfff0f785                mrb_str_resize
                0xfff0f850                mrb_str_buf_new
                0xfff0f8bc                mrb_str_new
                0xfff0f8c2                mrb_str_new_cstr
                0xfff0f8ee                mrb_str_new_static
                0xfff0f938                mrb_gc_free_str
                0xfff0f983                mrb_str_to_cstr
                0xfff0fa2b                mrb_str_plus
                0xfff0fb6a                mrb_str_cmp
                0xfff0fd2a                mrb_str_equal
                0xfff0fde9                mrb_str_to_str
                0xfff0feb3                mrb_str_concat
                0xfff1000f                mrb_string_value_ptr
                0xfff10021                mrb_noregexp
                0xfff104f1                mrb_regexp_check
                0xfff1050f                mrb_str_dup
                0xfff10677                mrb_str_substr
                0xfff1084b                mrb_str_hash
                0xfff1088f                mrb_obj_as_string
                0xfff108c6                mrb_ptr_to_str
                0xfff10954                mrb_string_type
                0xfff1096c                mrb_check_string_type
                0xfff10c90                mrb_cstr_to_inum
                0xfff10fe4                mrb_string_value_cstr
                0xfff1102e                mrb_str_to_inum
                0xfff1111f                mrb_cstr_to_dbl
                0xfff11308                mrb_str_to_dbl
                0xfff113b1                mrb_str_dump
                0xfff115cf                mrb_str_cat
                0xfff117b7                mrb_str_inspect
                0xfff118da                mrb_str_cat_cstr
                0xfff118fe                mrb_str_cat_str
                0xfff1192a                mrb_str_append
                0xfff11953                mrb_init_string
 P              0xfff11cd4      0xb64 D:\usr\github\clone\GR-SAKURA-MRUBY-CAR\gcctestb\gcctestb\gr_mruby\mruby-1.1.0\build\grsakura\lib\libmruby.a(symbol.o)
                0xfff11f67                kh_alloc_n2s
                0xfff11fa3                kh_init_n2s_size
                0xfff11ff5                kh_init_n2s
                0xfff11ffb                kh_destroy_n2s
                0xfff12018                kh_clear_n2s
                0xfff12043                kh_get_n2s
                0xfff1210a                kh_put_n2s
                0xfff12399                kh_resize_n2s
                0xfff12430                kh_del_n2s
                0xfff12451                kh_copy_n2s
                0xfff124b1                mrb_intern
                0xfff124b6                mrb_intern_static
                0xfff124bb                mrb_intern_cstr
                0xfff124d7                mrb_intern_str
                0xfff124f8                mrb_check_intern
                0xfff12530                mrb_check_intern_cstr
                0xfff1254b                mrb_check_intern_str
                0xfff1256e                mrb_sym2name_len
                0xfff126b5                mrb_free_symtbl
                0xfff1270b                mrb_init_symtbl
                0xfff12719                mrb_sym2str
                0xfff1273c                mrb_sym2name
                0xfff12795                mrb_init_symbol
 P              0xfff12838     0x10bc D:\usr\github\clone\GR-SAKURA-MRUBY-CAR\gcctestb\gcctestb\gr_mruby\mruby-1.1.0\build\grsakura\lib\libmruby.a(variable.o)
                0xfff12b05                kh_alloc_iv
                0xfff12b47                kh_init_iv_size
                0xfff12b99                kh_init_iv
                0xfff12b9f                kh_destroy_iv
                0xfff12bbc                kh_clear_iv
                0xfff12be7                kh_get_iv
                0xfff12de8                kh_put_iv
                0xfff12f28                kh_resize_iv
                0xfff12fd0                kh_del_iv
                0xfff12ff1                kh_copy_iv
                0xfff13069                mrb_gc_mark_gv
                0xfff1307b                mrb_gc_free_gv
                0xfff13085                mrb_gc_mark_iv
                0xfff13097                mrb_gc_mark_iv_size
                0xfff1309f                mrb_gc_free_iv
                0xfff130a9                mrb_vm_special_get
                0xfff130ae                mrb_vm_special_set
                0xfff130af                mrb_obj_iv_get
                0xfff130d0                mrb_iv_get
                0xfff130ed                mrb_obj_iv_set
                0xfff1314d                mrb_obj_iv_ifnone
                0xfff131a0                mrb_iv_set
                0xfff131dc                mrb_obj_iv_defined
                0xfff131eb                mrb_iv_defined
                0xfff13207                mrb_iv_p
                0xfff1326e                mrb_iv_check
                0xfff1329c                mrb_iv_copy
                0xfff132d3                mrb_obj_iv_inspect
                0xfff13386                mrb_iv_remove
                0xfff133b8                mrb_vm_iv_get
                0xfff133ca                mrb_vm_iv_set
                0xfff133e5                mrb_obj_instance_variables
                0xfff13423                mrb_mod_class_variables
                0xfff13463                mrb_mod_cv_get
                0xfff134c3                mrb_cv_get
                0xfff134ca                mrb_mod_cv_set
                0xfff1355a                mrb_cv_set
                0xfff13568                mrb_mod_cv_defined
                0xfff135ac                mrb_cv_defined
                0xfff135b2                mrb_vm_cv_get
                0xfff135cf                mrb_vm_cv_set
                0xfff135ff                mrb_const_get
                0xfff13618                mrb_vm_const_get
                0xfff13698                mrb_const_set
                0xfff136c4                mrb_vm_const_set
                0xfff136f4                mrb_const_remove
                0xfff13715                mrb_define_const
                0xfff13740                mrb_define_global_const
                0xfff13754                mrb_mod_constants
                0xfff137bb                mrb_gv_get
                0xfff137e2                mrb_gv_set
                0xfff13814                mrb_gv_remove
                0xfff13824                mrb_f_global_variables
                0xfff1388e                mrb_const_defined
                0xfff13895                mrb_const_defined_at
                0xfff1389c                mrb_attr_get
                0xfff138a1                mrb_class_sym
 P              0xfff138f4     0x36fc D:\usr\github\clone\GR-SAKURA-MRUBY-CAR\gcctestb\gcctestb\gr_mruby\mruby-1.1.0\build\grsakura\lib\libmruby.a(vm.o)
                0xfff13ac2                mrb_run
                0xfff13b61                mrb_context_run
                0xfff1666e                mrb_yield_with_class
                0xfff167ea                mrb_yield
                0xfff16811                mrb_yield_argv
                0xfff168e0                mrb_obj_instance_eval
                0xfff16972                mrb_mod_module_eval
                0xfff169c9                mrb_funcall_with_block
                0xfff16da0                mrb_f_send
                0xfff16eeb                mrb_funcall_argv
                0xfff16f0c                mrb_funcall
                0xfff16f81                mrb_toplevel_run_keep
                0xfff16fe6                mrb_toplevel_run
 P              0xfff16ff0      0x294 D:\usr\github\clone\GR-SAKURA-MRUBY-CAR\gcctestb\gcctestb\gr_mruby\mruby-1.1.0\build\grsakura\lib\libmruby.a(ssp-thread.o)
                0xfff1712c                mrb_ssp_thread_call
                0xfff17224                mrb_mruby_ssp_thread_gem_init
                0xfff17282                mrb_mruby_ssp_thread_gem_final
 P              0xfff17284      0x2c0 D:\usr\github\clone\GR-SAKURA-MRUBY-CAR\gcctestb\gcctestb\gr_mruby\mruby-1.1.0\build\grsakura\lib\libmruby.a(ssp-alarm.o)
                0xfff17401                mrb_ssp_alarm_call
                0xfff174ca                mrb_mruby_ssp_alarm_gem_init
                0xfff17541                mrb_mruby_ssp_alarm_gem_final
 P              0xfff17544      0x264 D:\usr\github\clone\GR-SAKURA-MRUBY-CAR\gcctestb\gcctestb\gr_mruby\mruby-1.1.0\build\grsakura\lib\libmruby.a(ssp-cyclic.o)
                0xfff1766a                mrb_ssp_cyclic_call
                0xfff17732                mrb_mruby_ssp_cyclic_gem_init
                0xfff177a5                mrb_mruby_ssp_cyclic_gem_final
 P              0xfff177a8       0x8c D:\usr\github\clone\GR-SAKURA-MRUBY-CAR\gcctestb\gcctestb\gr_mruby\mruby-1.1.0\build\grsakura\lib\libmruby.a(gem_init.o)
                0xfff177e8                mrb_init_mrbgems
 P              0xfff17834     0x1694 D:\usr\github\clone\GR-SAKURA-MRUBY-CAR\gcctestb\gcctestb\gr_mruby\mruby-1.1.0\build\grsakura\lib\libmruby.a(array.o)
                0xfff17834                mrb_ary_pop
                0xfff17b24                mrb_ary_shift
                0xfff17c20                mrb_ary_new_capa
                0xfff17cef                mrb_ary_new
                0xfff17d92                mrb_ary_new_from_values
                0xfff17f0a                mrb_assoc_new
                0xfff17f36                mrb_ary_ref
                0xfff1803b                mrb_ary_decref
                0xfff1838d                mrb_ary_concat
                0xfff1839d                mrb_ary_splice
                0xfff18534                mrb_ary_set
                0xfff186d4                mrb_ary_unshift
                0xfff187a2                mrb_ary_push
                0xfff189e5                mrb_ary_replace
                0xfff18a75                mrb_ary_resize
                0xfff18ac5                mrb_ary_modify
                0xfff18ad8                mrb_ary_clear
                0xfff18b1d                mrb_ary_splat
                0xfff18b75                mrb_check_array_type
                0xfff18b8c                mrb_ary_entry
                0xfff18bbc                mrb_ary_join
                0xfff18c2c                mrb_init_array
 P              0xfff18ec8     0x2ad0 D:\usr\github\clone\GR-SAKURA-MRUBY-CAR\gcctestb\gcctestb\gr_mruby\mruby-1.1.0\build\grsakura\lib\libmruby.a(class.o)
                0xfff191ef                kh_alloc_mt
                0xfff1922f                kh_init_mt_size
                0xfff19281                kh_init_mt
                0xfff192c8                kh_destroy_mt
                0xfff192e5                kh_clear_mt
                0xfff1930f                kh_get_mt
                0xfff19384                kh_put_mt
                0xfff194a2                kh_resize_mt
                0xfff19544                kh_del_mt
                0xfff19565                kh_copy_mt
                0xfff195d1                mrb_gc_mark_mt
                0xfff1962b                mrb_gc_mark_mt_size
                0xfff19633                mrb_gc_free_mt
                0xfff19639                mrb_class_outer_module
                0xfff19658                mrb_class_defined
                0xfff19684                mrb_class_get_under
                0xfff1969b                mrb_class_get
                0xfff197d3                mrb_module_get_under
                0xfff197ea                mrb_module_get
                0xfff197f2                mrb_define_method_raw
                0xfff19837                mrb_define_method_id
                0xfff1986c                mrb_define_method
                0xfff19895                mrb_define_method_vm
                0xfff198db                mrb_get_args
                0xfff1a5b7                mrb_instance_new
                0xfff1a6a1                mrb_include_module
                0xfff1a79b                mrb_singleton_class
                0xfff1a87a                mrb_define_singleton_method
                0xfff1a8ad                mrb_define_class_method
                0xfff1a8b5                mrb_define_module_function
                0xfff1a8e0                mrb_method_search_vm
                0xfff1a926                mrb_method_search
                0xfff1a998                mrb_mod_module_function
                0xfff1aa37                mrb_obj_new
                0xfff1aa6e                mrb_obj_respond_to
                0xfff1ab8a                mrb_respond_to
                0xfff1acbe                mrb_class_path
                0xfff1af22                mrb_class_real
                0xfff1af37                mrb_class_name
                0xfff1af9c                mrb_class_new
                0xfff1b143                mrb_define_class_under
                0xfff1b170                mrb_vm_define_class
                0xfff1b218                mrb_define_class_id
                0xfff1b25b                mrb_define_class
                0xfff1b275                mrb_module_new
                0xfff1b2ca                mrb_define_module_under
                0xfff1b2f3                mrb_vm_define_module
                0xfff1b2f9                mrb_define_module
                0xfff1b30b                mrb_define_module_id
                0xfff1b30f                mrb_obj_class
                0xfff1b35a                mrb_obj_classname
                0xfff1b36c                mrb_alias_method
                0xfff1b3c4                mrb_define_alias
                0xfff1b3ec                mrb_undef_method
                0xfff1b403                mrb_undef_class_method
                0xfff1b41b                mrb_init_class
 P              0xfff1b998     0x861c D:\usr\github\clone\GR-SAKURA-MRUBY-CAR\gcctestb\gcctestb\gr_mruby\mruby-1.1.0\build\grsakura\lib\libmruby.a(codegen.o)
                0xfff23f12                mrb_codedump_all
                0xfff23f17                mrb_generate_code
 P              0xfff23fb4       0x38 D:\usr\github\clone\GR-SAKURA-MRUBY-CAR\gcctestb\gcctestb\gr_mruby\mruby-1.1.0\build\grsakura\lib\libmruby.a(crc.o)
                0xfff23fb4                calc_crc_16_ccitt
 P              0xfff23fec      0x310 D:\usr\github\clone\GR-SAKURA-MRUBY-CAR\gcctestb\gcctestb\gr_mruby\mruby-1.1.0\build\grsakura\lib\libmruby.a(debug.o)
                0xfff23fec                mrb_debug_get_filename
                0xfff2405f                mrb_debug_get_line
                0xfff2412a                mrb_debug_info_alloc
                0xfff24142                mrb_debug_info_append_file
                0xfff242a2                mrb_debug_info_free
 P              0xfff242fc      0xa68 D:\usr\github\clone\GR-SAKURA-MRUBY-CAR\gcctestb\gcctestb\gr_mruby\mruby-1.1.0\build\grsakura\lib\libmruby.a(error.o)
                0xfff24614                mrb_exc_new
                0xfff24637                mrb_exc_new_str
                0xfff2465e                mrb_exc_raise
                0xfff2477c                mrb_raise
                0xfff247a0                mrb_vformat
                0xfff248bb                mrb_format
                0xfff248ca                mrb_raisef
                0xfff248f6                mrb_name_error
                0xfff24939                mrb_warn
                0xfff24997                mrb_bug
                0xfff249f0                mrb_make_exception
                0xfff24b41                mrb_sys_fail
                0xfff24bcc                mrb_no_method_error
                0xfff24c35                mrb_init_exception
 P              0xfff24d64      0x26c D:\usr\github\clone\GR-SAKURA-MRUBY-CAR\gcctestb\gcctestb\gr_mruby\mruby-1.1.0\build\grsakura\lib\libmruby.a(etc.o)
                0xfff24d64                mrb_data_object_alloc
                0xfff24d7d                mrb_data_check_type
                0xfff24e4c                mrb_data_check_get_ptr
                0xfff24e5c                mrb_data_get_ptr
                0xfff24e69                mrb_obj_to_sym
                0xfff24ece                mrb_float_id
                0xfff24ef8                mrb_obj_id
                0xfff24f8b                mrb_regexp_p
 P              0xfff24fd0      0xf30 D:\usr\github\clone\GR-SAKURA-MRUBY-CAR\gcctestb\gcctestb\gr_mruby\mruby-1.1.0\build\grsakura\lib\libmruby.a(gc.o)
                0xfff259a4                mrb_free
                0xfff259ae                mrb_free_heap
                0xfff259fb                mrb_gc_mark
                0xfff25a1b                mrb_incremental_gc
                0xfff25ac8                mrb_full_gc
                0xfff25b33                mrb_realloc_simple
                0xfff25b6b                mrb_malloc_simple
                0xfff25b73                mrb_realloc
                0xfff25bef                mrb_gc_protect
                0xfff25bf6                mrb_malloc
                0xfff25bfe                mrb_calloc
                0xfff25c8d                mrb_obj_alloc
                0xfff25d1b                mrb_init_heap
                0xfff25d3f                mrb_garbage_collect
                0xfff25d43                mrb_gc_arena_save
                0xfff25d46                mrb_gc_arena_restore
                0xfff25d86                mrb_field_write_barrier
                0xfff25dca                mrb_write_barrier
                0xfff25de7                mrb_objspace_each_objects
                0xfff25e1f                mrb_init_gc
 P              0xfff25f00     0x1368 D:\usr\github\clone\GR-SAKURA-MRUBY-CAR\gcctestb\gcctestb\gr_mruby\mruby-1.1.0\build\grsakura\lib\libmruby.a(hash.o)
                0xfff25f00                mrb_hash_clear
                0xfff25f3b                mrb_hash_empty_p
                0xfff25ffe                mrb_hash_keys
                0xfff261ee                kh_alloc_ht
                0xfff26233                kh_init_ht_size
                0xfff26285                kh_init_ht
                0xfff2628b                kh_destroy_ht
                0xfff262a8                kh_clear_ht
                0xfff262d3                kh_get_ht
                0xfff264d8                kh_put_ht
                0xfff26857                kh_resize_ht
                0xfff26915                kh_del_ht
                0xfff26936                kh_copy_ht
                0xfff269c5                mrb_gc_mark_hash
                0xfff26a3d                mrb_gc_mark_hash_size
                0xfff26a47                mrb_gc_free_hash
                0xfff26a51                mrb_hash_new_capa
                0xfff26a82                mrb_hash_new
                0xfff26a89                mrb_hash_get
                0xfff26b54                mrb_hash_fetch
                0xfff26b94                mrb_check_hash_type
                0xfff26bab                mrb_hash_tbl
                0xfff26d28                mrb_hash_set
                0xfff26e58                mrb_hash_delete_key
                0xfff27027                mrb_init_hash
 P              0xfff27268       0xd8 D:\usr\github\clone\GR-SAKURA-MRUBY-CAR\gcctestb\gcctestb\gr_mruby\mruby-1.1.0\build\grsakura\lib\libmruby.a(init.o)
                0xfff27268                mrb_init_core
 P              0xfff27340     0x14f4 D:\usr\github\clone\GR-SAKURA-MRUBY-CAR\gcctestb\gcctestb\gr_mruby\mruby-1.1.0\build\grsakura\lib\libmruby.a(kernel.o)
                0xfff27882                mrb_obj_hash
                0xfff279ea                mrb_f_raise
                0xfff27b07                mrb_obj_dup
                0xfff27bf0                mrb_obj_clone
                0xfff27c4d                mrb_obj_inspect
                0xfff27ca2                mrb_obj_is_instance_of
                0xfff27ceb                kh_alloc_st
                0xfff27d27                kh_init_st_size
                0xfff27d79                kh_init_st
                0xfff27d7f                kh_destroy_st
                0xfff27d9c                kh_clear_st
                0xfff27dc7                kh_get_st
                0xfff27e3c                kh_put_st
                0xfff28110                kh_resize_st
                0xfff281a4                kh_del_st
                0xfff281c5                kh_copy_st
                0xfff28225                mrb_class_instance_method_list
                0xfff283e4                mrb_init_kernel
 P              0xfff28834     0x1384 D:\usr\github\clone\GR-SAKURA-MRUBY-CAR\gcctestb\gcctestb\gr_mruby\mruby-1.1.0\build\grsakura\lib\libmruby.a(numeric.o)
                0xfff29135                mrb_to_flo
                0xfff29454                mrb_num_div
                0xfff29480                mrb_fixnum_mul
                0xfff2953d                mrb_flo_to_fixnum
                0xfff295c2                mrb_fixnum_plus
                0xfff29646                mrb_fixnum_minus
                0xfff296c2                mrb_fixnum_to_str
                0xfff297a6                mrb_init_numeric
 P              0xfff29bb8      0x964 D:\usr\github\clone\GR-SAKURA-MRUBY-CAR\gcctestb\gcctestb\gr_mruby\mruby-1.1.0\build\grsakura\lib\libmruby.a(object.o)
                0xfff29c83                mrb_obj_eq
                0xfff29cc7                mrb_obj_equal
                0xfff29cd3                mrb_equal
                0xfff29d21                mrb_init_object
                0xfff29ef3                mrb_check_type
                0xfff2a007                mrb_any_to_s
                0xfff2a08a                mrb_obj_is_kind_of
                0xfff2a136                mrb_inspect
                0xfff2a1e3                mrb_check_convert_type
                0xfff2a224                mrb_convert_type
                0xfff2a29a                mrb_Float
                0xfff2a307                mrb_check_to_integer
                0xfff2a3cf                mrb_convert_to_integer
                0xfff2a4bb                mrb_Integer
                0xfff2a4c2                mrb_to_int
                0xfff2a4cc                mrb_eql
 P              0xfff2a51c      0x16c D:\usr\github\clone\GR-SAKURA-MRUBY-CAR\gcctestb\gcctestb\gr_mruby\mruby-1.1.0\build\grsakura\lib\libmruby.a(pool.o)
                0xfff2a51c                mrb_pool_open
                0xfff2a533                mrb_pool_close
                0xfff2a565                mrb_pool_alloc
                0xfff2a5e2                mrb_pool_can_realloc
                0xfff2a615                mrb_pool_realloc
 P              0xfff2a688      0x1b8 D:\usr\github\clone\GR-SAKURA-MRUBY-CAR\gcctestb\gcctestb\gr_mruby\mruby-1.1.0\build\grsakura\lib\libmruby.a(print.o)
                0xfff2a6cb                mrb_p
                0xfff2a72a                mrb_print_error
                0xfff2a7c4                mrb_show_version
                0xfff2a801                mrb_show_copyright
 P              0xfff2a840      0x8b8 D:\usr\github\clone\GR-SAKURA-MRUBY-CAR\gcctestb\gcctestb\gr_mruby\mruby-1.1.0\build\grsakura\lib\libmruby.a(range.o)
                0xfff2a840                mrb_range_beg
                0xfff2a849                mrb_range_end
                0xfff2a853                mrb_range_excl
                0xfff2a85d                mrb_range_include
                0xfff2a913                mrb_range_eq
                0xfff2ad83                mrb_range_initialize
                0xfff2add9                mrb_range_new
                0xfff2ae3c                mrb_range_beg_len
                0xfff2ae5d                mrb_get_values_at
                0xfff2af9a                mrb_init_range
 P              0xfff2b0f8       0xb0 D:\usr\github\clone\GR-SAKURA-MRUBY-CAR\gcctestb\gcctestb\gr_mruby\mruby-1.1.0\build\grsakura\lib\libmruby.a(version.o)
                0xfff2b0f8                mrb_init_version
 P              0xfff2b1a8     0x8a7c D:\usr\github\clone\GR-SAKURA-MRUBY-CAR\gcctestb\gcctestb\gr_mruby\mruby-1.1.0\build\grsakura\lib\libmruby.a(y.tab.o)
                0xfff2d31d                mrb_parser_new
                0xfff2d361                mrb_parser_free
                0xfff2d367                mrbc_context_new
                0xfff2d370                mrbc_context_free
                0xfff2d386                mrbc_filename
                0xfff2d3bb                mrbc_partial_hook
                0xfff2d3c0                mrb_parser_set_filename
                0xfff2d4d8                mrb_parser_get_filename
                0xfff2d4f3                mrb_parser_dump
                0xfff2e533                mrb_parser_parse
                0xfff33b52                mrb_parse_nstring
                0xfff33b79                mrb_load_nstring_cxt
                0xfff33b90                mrb_load_string_cxt
                0xfff33baf                mrb_load_string
                0xfff33bb6                mrb_load_nstring
                0xfff33bbd                mrb_parse_string
                0xfff33bdd                mrb_parse_file
                0xfff33c01                mrb_load_file_cxt
                0xfff33c18                mrb_load_file
                0xfff33c1f                yydebug
 P              0xfff33c24        0xc D:\usr\github\clone\GR-SAKURA-MRUBY-CAR\gcctestb\gcctestb\gr_mruby\mruby-1.1.0\build\grsakura\lib\libmruby.a(mrblib.o)
                0xfff33c24                mrb_init_mrblib
 P              0xfff33c30       0x20 D:\usr\github\clone\GR-SAKURA-MRUBY-CAR\gcctestb\gcctestb\gr_mruby\mruby-1.1.0\build\grsakura\lib\libmruby.a(gem_init.o)
                0xfff33c30                GENERATED_TMP_mrb_mruby_math_gem_init
                0xfff33c4a                GENERATED_TMP_mrb_mruby_math_gem_final
 P              0xfff33c50       0x20 D:\usr\github\clone\GR-SAKURA-MRUBY-CAR\gcctestb\gcctestb\gr_mruby\mruby-1.1.0\build\grsakura\lib\libmruby.a(gem_init.o)
                0xfff33c50                GENERATED_TMP_mrb_mruby_ssp_delay_gem_init
                0xfff33c6a                GENERATED_TMP_mrb_mruby_ssp_delay_gem_final