Archive member included because of file (symbol)

D:\usr\github\clone\GR-SAKURA-MRUBY-CAR\gcctestb\gcctestb\gr_mruby\mruby-1.1.0\build\grsakura\lib\libmruby.a(class.o)
                              D:\usr\github\clone\GR-SAKURA-MRUBY-CAR\gcctestb\gcctestb\Config1\rbcall.o (mrb_get_args)
D:\usr\github\clone\GR-SAKURA-MRUBY-CAR\gcctestb\gcctestb\gr_mruby\mruby-1.1.0\build\grsakura\lib\libmruby.a(error.o)
                              D:\usr\github\clone\GR-SAKURA-MRUBY-CAR\gcctestb\gcctestb\gr_mruby\mruby-1.1.0\build\grsakura\lib\libmruby.a(class.o) (mrb_raise)
D:\usr\github\clone\GR-SAKURA-MRUBY-CAR\gcctestb\gcctestb\gr_mruby\mruby-1.1.0\build\grsakura\lib\libmruby.a(etc.o)
                              D:\usr\github\clone\GR-SAKURA-MRUBY-CAR\gcctestb\gcctestb\gr_mruby\mruby-1.1.0\build\grsakura\lib\libmruby.a(class.o) (mrb_data_get_ptr)
D:\usr\github\clone\GR-SAKURA-MRUBY-CAR\gcctestb\gcctestb\gr_mruby\mruby-1.1.0\build\grsakura\lib\libmruby.a(gc.o)
                              D:\usr\github\clone\GR-SAKURA-MRUBY-CAR\gcctestb\gcctestb\gr_mruby\mruby-1.1.0\build\grsakura\lib\libmruby.a(class.o) (mrb_free)
D:\usr\github\clone\GR-SAKURA-MRUBY-CAR\gcctestb\gcctestb\gr_mruby\mruby-1.1.0\build\grsakura\lib\libmruby.a(hash.o)
                              D:\usr\github\clone\GR-SAKURA-MRUBY-CAR\gcctestb\gcctestb\gr_mruby\mruby-1.1.0\build\grsakura\lib\libmruby.a(gc.o) (mrb_gc_mark_hash)
D:\usr\github\clone\GR-SAKURA-MRUBY-CAR\gcctestb\gcctestb\gr_mruby\mruby-1.1.0\build\grsakura\lib\libmruby.a(kernel.o)
                              D:\usr\github\clone\GR-SAKURA-MRUBY-CAR\gcctestb\gcctestb\gr_mruby\mruby-1.1.0\build\grsakura\lib\libmruby.a(error.o) (mrb_obj_clone)
D:\usr\github\clone\GR-SAKURA-MRUBY-CAR\gcctestb\gcctestb\gr_mruby\mruby-1.1.0\build\grsakura\lib\libmruby.a(load.o)
                              D:\usr\github\clone\GR-SAKURA-MRUBY-CAR\gcctestb\gcctestb\Config1\rbcall.o (mrb_read_irep)
D:\usr\github\clone\GR-SAKURA-MRUBY-CAR\gcctestb\gcctestb\gr_mruby\mruby-1.1.0\build\grsakura\lib\libmruby.a(numeric.o)
                              D:\usr\github\clone\GR-SAKURA-MRUBY-CAR\gcctestb\gcctestb\gr_mruby\mruby-1.1.0\build\grsakura\lib\libmruby.a(class.o) (mrb_to_flo)
D:\usr\github\clone\GR-SAKURA-MRUBY-CAR\gcctestb\gcctestb\gr_mruby\mruby-1.1.0\build\grsakura\lib\libmruby.a(object.o)
                              D:\usr\github\clone\GR-SAKURA-MRUBY-CAR\gcctestb\gcctestb\gr_mruby\mruby-1.1.0\build\grsakura\lib\libmruby.a(error.o) (mrb_obj_equal)
D:\usr\github\clone\GR-SAKURA-MRUBY-CAR\gcctestb\gcctestb\gr_mruby\mruby-1.1.0\build\grsakura\lib\libmruby.a(print.o)
                              D:\usr\github\clone\GR-SAKURA-MRUBY-CAR\gcctestb\gcctestb\gr_mruby\mruby-1.1.0\build\grsakura\lib\libmruby.a(error.o) (mrb_p)
D:\usr\github\clone\GR-SAKURA-MRUBY-CAR\gcctestb\gcctestb\gr_mruby\mruby-1.1.0\build\grsakura\lib\libmruby.a(proc.o)
                              D:\usr\github\clone\GR-SAKURA-MRUBY-CAR\gcctestb\gcctestb\Config1\rbcall.o (mrb_proc_new)
D:\usr\github\clone\GR-SAKURA-MRUBY-CAR\gcctestb\gcctestb\gr_mruby\mruby-1.1.0\build\grsakura\lib\libmruby.a(state.o)
                              D:\usr\github\clone\GR-SAKURA-MRUBY-CAR\gcctestb\gcctestb\Config1\rbcall.o (mrb_open)
D:\usr\github\clone\GR-SAKURA-MRUBY-CAR\gcctestb\gcctestb\gr_mruby\mruby-1.1.0\build\grsakura\lib\libmruby.a(string.o)
                              D:\usr\github\clone\GR-SAKURA-MRUBY-CAR\gcctestb\gcctestb\gr_mruby\mruby-1.1.0\build\grsakura\lib\libmruby.a(etc.o) (mrb_str_intern)
D:\usr\github\clone\GR-SAKURA-MRUBY-CAR\gcctestb\gcctestb\gr_mruby\mruby-1.1.0\build\grsakura\lib\libmruby.a(symbol.o)
                              D:\usr\github\clone\GR-SAKURA-MRUBY-CAR\gcctestb\gcctestb\gr_mruby\mruby-1.1.0\build\grsakura\lib\libmruby.a(load.o) (mrb_intern)
D:\usr\github\clone\GR-SAKURA-MRUBY-CAR\gcctestb\gcctestb\gr_mruby\mruby-1.1.0\build\grsakura\lib\libmruby.a(variable.o)
                              D:\usr\github\clone\GR-SAKURA-MRUBY-CAR\gcctestb\gcctestb\gr_mruby\mruby-1.1.0\build\grsakura\lib\libmruby.a(gc.o) (mrb_gc_mark_gv)
D:\usr\github\clone\GR-SAKURA-MRUBY-CAR\gcctestb\gcctestb\gr_mruby\mruby-1.1.0\build\grsakura\lib\libmruby.a(vm.o)
                              D:\usr\github\clone\GR-SAKURA-MRUBY-CAR\gcctestb\gcctestb\Config1\task_manage.o (mrb_ci_cp)
D:\usr\github\clone\GR-SAKURA-MRUBY-CAR\gcctestb\gcctestb\gr_mruby\mruby-1.1.0\build\grsakura\lib\libmruby.a(ssp-thread.o)
                              D:\usr\github\clone\GR-SAKURA-MRUBY-CAR\gcctestb\gcctestb\Config1\kernel_cfg.o (mrb_ssp_thread_call)
D:\usr\github\clone\GR-SAKURA-MRUBY-CAR\gcctestb\gcctestb\gr_mruby\mruby-1.1.0\build\grsakura\lib\libmruby.a(ssp-alarm.o)
                              D:\usr\github\clone\GR-SAKURA-MRUBY-CAR\gcctestb\gcctestb\Config1\kernel_cfg.o (mrb_ssp_alarm_call)
D:\usr\github\clone\GR-SAKURA-MRUBY-CAR\gcctestb\gcctestb\gr_mruby\mruby-1.1.0\build\grsakura\lib\libmruby.a(ssp-cyclic.o)
[...]
Memory Configuration

Name             Origin             Length             Attributes
*default*        0x00000000         0xffffffff

Linker script and memory map


.fvectors       0xffffff80       0x80
 *(.fvectors)
 .fvectors      0xffffff80       0x80 D:\usr\github\clone\GR-SAKURA-MRUBY-CAR\gcctestb\gcctestb\Config1\vector_table.o
                0xffffff80                HardwareVectors

.text           0xfff00000    0x359d0
 *(.text)
 .text          0xfff00000        0x0 D:\usr\github\clone\GR-SAKURA-MRUBY-CAR\gcctestb\gcctestb\Config1\reset_program.o
 .text          0xfff00000       0xa6 D:\usr\github\clone\GR-SAKURA-MRUBY-CAR\gcctestb\gcctestb\Config1\crt0.o
                0xfff00000                PowerON_Reset
                0xfff0005b                rx_run_preinit_array
                0xfff0006b                rx_run_init_array
                0xfff0007d                rx_run_fini_array
 .text          0xfff000a6        0xf D:\usr\github\clone\GR-SAKURA-MRUBY-CAR\gcctestb\gcctestb\gr_common\lib\libg.a(lib_a-memchr.o)
                0xfff000a6                memchr
 .text          0xfff000b5        0x7 D:\usr\github\clone\GR-SAKURA-MRUBY-CAR\gcctestb\gcctestb\gr_common\lib\libg.a(lib_a-memcpy.o)
                0xfff000b5                memcpy
 .text          0xfff000bc       0x17 D:\usr\github\clone\GR-SAKURA-MRUBY-CAR\gcctestb\gcctestb\gr_common\lib\libg.a(lib_a-memmove.o)
                0xfff000bc                memmove
 .text          0xfff000d3        0x7 D:\usr\github\clone\GR-SAKURA-MRUBY-CAR\gcctestb\gcctestb\gr_common\lib\libg.a(lib_a-memset.o)
                0xfff000d3                memset
 .text          0xfff000da       0x10 D:\usr\github\clone\GR-SAKURA-MRUBY-CAR\gcctestb\gcctestb\gr_common\lib\libg.a(lib_a-strlen.o)
                0xfff000da                strlen
 .text          0xfff000ea        0xc D:\usr\github\clone\GR-SAKURA-MRUBY-CAR\gcctestb\gcctestb\gr_common\lib\libg.a(lib_a-strncmp.o)
                0xfff000ea                strncmp
 .text          0xfff000f6       0x15 D:\usr\github\clone\GR-SAKURA-MRUBY-CAR\gcctestb\gcctestb\gr_common\lib\libg.a(lib_a-strncpy.o)
                0xfff000f6                strncpy
 .text          0xfff0010b        0xf D:\usr\github\clone\GR-SAKURA-MRUBY-CAR\gcctestb\gcctestb\gr_common\lib\libg.a(lib_a-strcmp.o)
                0xfff0010b                strcmp
 *(.text.*)
 .text.unlikely
                0xfff0011a       0x2e D:\usr\github\clone\GR-SAKURA-MRUBY-CAR\gcctestb\gcctestb\gr_mruby\mruby-1.1.0\build\grsakura\lib\libmruby.a(numeric.o)
 .text.unlikely
                0xfff00148       0x2c D:\usr\github\clone\GR-SAKURA-MRUBY-CAR\gcctestb\gcctestb\gr_mruby\mruby-1.1.0\build\grsakura\lib\libmruby.a(object.o)
 .text.unlikely
                0xfff00174       0x1c D:\usr\github\clone\GR-SAKURA-MRUBY-CAR\gcctestb\gcctestb\gr_mruby\mruby-1.1.0\build\grsakura\lib\libmruby.a(symbol.o)
 .text.unlikely
                0xfff00190       0xaa D:\usr\github\clone\GR-SAKURA-MRUBY-CAR\gcctestb\gcctestb\gr_mruby\mruby-1.1.0\build\grsakura\lib\libmruby.a(vm.o)
 .text.unlikely
                0xfff0023a       0x20 D:\usr\github\clone\GR-SAKURA-MRUBY-CAR\gcctestb\gcctestb\gr_mruby\mruby-1.1.0\build\grsakura\lib\libmruby.a(codegen.o)
 *fill*         0xfff0025a        0x2 00
 .text.unlikely
                0xfff0025c       0x28 D:\usr\github\clone\GR-SAKURA-MRUBY-CAR\gcctestb\gcctestb\gr_mruby\mruby-1.1.0\build\grsakura\lib\libmruby.a(y.tab.o)
 .text.unlikely
                0xfff00284       0x3c D:\usr\github\clone\GR-SAKURA-MRUBY-CAR\gcctestb\gcctestb\gr_mruby\mruby-1.1.0\build\grsakura\lib\libmruby.a(math.o)
 .text.asinhf   0xfff002c0       0xd6 D:\usr\github\clone\GR-SAKURA-MRUBY-CAR\gcctestb\gcctestb\gr_common\lib\libm.a(lib_a-sf_asinh.o)
                0xfff002c0                asinhf
 .text.asinh    0xfff00396        0x4 D:\usr\github\clone\GR-SAKURA-MRUBY-CAR\gcctestb\gcctestb\gr_common\lib\libm.a(lib_a-sf_asinh.o)
                0xfff00396                asinh
 .text.atanf    0xfff0039a      0x190 D:\usr\github\clone\GR-SAKURA-MRUBY-CAR\gcctestb\gcctestb\gr_common\lib\libm.a(lib_a-sf_atan.o)
                0xfff0039a                atanf
 .text.atan     0xfff0052a        0x4 D:\usr\github\clone\GR-SAKURA-MRUBY-CAR\gcctestb\gcctestb\gr_common\lib\libm.a(lib_a-sf_atan.o)
                0xfff0052a                atan
 .text.cbrtf    0xfff0052e       0x82 D:\usr\github\clone\GR-SAKURA-MRUBY-CAR\gcctestb\gcctestb\gr_common\lib\libm.a(lib_a-sf_cbrt.o)
                0xfff0052e                cbrtf
 .text.cbrt     0xfff005b0        0x4 D:\usr\github\clone\GR-SAKURA-MRUBY-CAR\gcctestb\gcctestb\gr_common\lib\libm.a(lib_a-sf_cbrt.o)
                0xfff005b0                cbrt
 .text.ceilf    0xfff005b4       0x7c D:\usr\github\clone\GR-SAKURA-MRUBY-CAR\gcctestb\gcctestb\gr_common\lib\libm.a(lib_a-sf_ceil.o)
                0xfff005b4                ceilf
 .text.ceil     0xfff00630        0x4 D:\usr\github\clone\GR-SAKURA-MRUBY-CAR\gcctestb\gcctestb\gr_common\lib\libm.a(lib_a-sf_ceil.o)
                0xfff00630                ceil
 .text.cosf     0xfff00634       0x5c D:\usr\github\clone\GR-SAKURA-MRUBY-CAR\gcctestb\gcctestb\gr_common\lib\libm.a(lib_a-sf_cos.o)
                0xfff00634                cosf
 .text.cos      0xfff00690        0x4 D:\usr\github\clone\GR-SAKURA-MRUBY-CAR\gcctestb\gcctestb\gr_common\lib\libm.a(lib_a-sf_cos.o)
                0xfff00690                cos
 .text.erff     0xfff00694      0x362 D:\usr\github\clone\GR-SAKURA-MRUBY-CAR\gcctestb\gcctestb\gr_common\lib\libm.a(lib_a-sf_erf.o)
                0xfff00694                erff
 .text.erfcf    0xfff009f6      0x37e D:\usr\github\clone\GR-SAKURA-MRUBY-CAR\gcctestb\gcctestb\gr_common\lib\libm.a(lib_a-sf_erf.o)
                0xfff009f6                erfcf
 .text.erf      0xfff00d74        0x4 D:\usr\github\clone\GR-SAKURA-MRUBY-CAR\gcctestb\gcctestb\gr_common\lib\libm.a(lib_a-sf_erf.o)
                0xfff00d74                erf
 .text.erfc     0xfff00d78        0x4 D:\usr\github\clone\GR-SAKURA-MRUBY-CAR\gcctestb\gcctestb\gr_common\lib\libm.a(lib_a-sf_erf.o)
                0xfff00d78                erfc
 .text.fabsf    0xfff00d7c        0x7 D:\usr\github\clone\GR-SAKURA-MRUBY-CAR\gcctestb\gcctestb\gr_common\lib\libm.a(lib_a-sf_fabs.o)
                0xfff00d7c                fabsf
 .text.fabs     0xfff00d83        0x7 D:\usr\github\clone\GR-SAKURA-MRUBY-CAR\gcctestb\gcctestb\gr_common\lib\libm.a(lib_a-sf_fabs.o)
                0xfff00d83                fabs
 .text.floorf   0xfff00d8a       0x78 D:\usr\github\clone\GR-SAKURA-MRUBY-CAR\gcctestb\gcctestb\gr_common\lib\libm.a(lib_a-sf_floor.o)
                0xfff00d8a                floorf
 .text.floor    0xfff00e02        0x4 D:\usr\github\clone\GR-SAKURA-MRUBY-CAR\gcctestb\gcctestb\gr_common\lib\libm.a(lib_a-sf_floor.o)
                0xfff00e02                floor
 .text.__fpclassifyf
                0xfff00e06       0x5c D:\usr\github\clone\GR-SAKURA-MRUBY-CAR\gcctestb\gcctestb\gr_common\lib\libm.a(lib_a-sf_fpclassify.o)
                0xfff00e06                __fpclassifyf
 .text.frexpf   0xfff00e62       0x4e D:\usr\github\clone\GR-SAKURA-MRUBY-CAR\gcctestb\gcctestb\gr_common\lib\libm.a(lib_a-sf_frexp.o)
                0xfff00e62                frexpf
 .text.frexp    0xfff00eb0        0x4 D:\usr\github\clone\GR-SAKURA-MRUBY-CAR\gcctestb\gcctestb\gr_common\lib\libm.a(lib_a-sf_frexp.o)
                0xfff00eb0                frexp
 .text.ldexpf   0xfff00eb4       0x42 D:\usr\github\clone\GR-SAKURA-MRUBY-CAR\gcctestb\gcctestb\gr_common\lib\libm.a(lib_a-sf_ldexp.o)
                0xfff00eb4                ldexpf
 .text.ldexp    0xfff00ef6        0x4 D:\usr\github\clone\GR-SAKURA-MRUBY-CAR\gcctestb\gcctestb\gr_common\lib\libm.a(lib_a-sf_ldexp.o)
                0xfff00ef6                ldexp
 .text.log1pf   0xfff00efa      0x226 D:\usr\github\clone\GR-SAKURA-MRUBY-CAR\gcctestb\gcctestb\gr_common\lib\libm.a(lib_a-sf_log1p.o)
                0xfff00efa                log1pf
 .text.log1p    0xfff01120        0x4 D:\usr\github\clone\GR-SAKURA-MRUBY-CAR\gcctestb\gcctestb\gr_common\lib\libm.a(lib_a-sf_log1p.o)
                0xfff01120                log1p
 .text.scalbnf  0xfff01124       0xc0 D:\usr\github\clone\GR-SAKURA-MRUBY-CAR\gcctestb\gcctestb\gr_common\lib\libm.a(lib_a-sf_scalbn.o)
                0xfff01124                scalbnf
 .text.scalbn   0xfff011e4        0x4 D:\usr\github\clone\GR-SAKURA-MRUBY-CAR\gcctestb\gcctestb\gr_common\lib\libm.a(lib_a-sf_scalbn.o)
                0xfff011e4                scalbn
 .text.sinf     0xfff011e8       0x62 D:\usr\github\clone\GR-SAKURA-MRUBY-CAR\gcctestb\gcctestb\gr_common\lib\libm.a(lib_a-sf_sin.o)
                0xfff011e8                sinf
 .text.sin      0xfff0124a        0x4 D:\usr\github\clone\GR-SAKURA-MRUBY-CAR\gcctestb\gcctestb\gr_common\lib\libm.a(lib_a-sf_sin.o)
                0xfff0124a                sin
 .text.tanhf    0xfff0124e       0xbc D:\usr\github\clone\GR-SAKURA-MRUBY-CAR\gcctestb\gcctestb\gr_common\lib\libm.a(lib_a-sf_tanh.o)
                0xfff0124e                tanhf
 .text.tanh     0xfff0130a        0x4 D:\usr\github\clone\GR-SAKURA-MRUBY-CAR\gcctestb\gcctestb\gr_common\lib\libm.a(lib_a-sf_tanh.o)
                0xfff0130a                tanh
 .text.tanf     0xfff0130e       0x40 D:\usr\github\clone\GR-SAKURA-MRUBY-CAR\gcctestb\gcctestb\gr_common\lib\libm.a(lib_a-sf_tan.o)
                0xfff0130e                tanf
 .text.tan      0xfff0134e        0x4 D:\usr\github\clone\GR-SAKURA-MRUBY-CAR\gcctestb\gcctestb\gr_common\lib\libm.a(lib_a-sf_tan.o)
                0xfff0134e                tan
 .text.__signbitf
                0xfff01352        0x7 D:\usr\github\clone\GR-SAKURA-MRUBY-CAR\gcctestb\gcctestb\gr_common\lib\libm.a(lib_a-s_signbit.o)
                0xfff01352                __signbitf
 .text.__signbitd
                0xfff01359        0x3 D:\usr\github\clone\GR-SAKURA-MRUBY-CAR\gcctestb\gcctestb\gr_common\lib\libm.a(lib_a-s_signbit.o)
                0xfff01359                __signbitd
 .text.acoshf   0xfff0135c       0x76 D:\usr\github\clone\GR-SAKURA-MRUBY-CAR\gcctestb\gcctestb\gr_common\lib\libm.a(lib_a-wf_acosh.o)
                0xfff0135c                acoshf
 .text.acosh    0xfff013d2        0x4 D:\usr\github\clone\GR-SAKURA-MRUBY-CAR\gcctestb\gcctestb\gr_common\lib\libm.a(lib_a-wf_acosh.o)
                0xfff013d2                acosh
 .text.acosf    0xfff013d6       0x82 D:\usr\github\clone\GR-SAKURA-MRUBY-CAR\gcctestb\gcctestb\gr_common\lib\libm.a(lib_a-wf_acos.o)
                0xfff013d6                acosf
 .text.acos     0xfff01458        0x4 D:\usr\github\clone\GR-SAKURA-MRUBY-CAR\gcctestb\gcctestb\gr_common\lib\libm.a(lib_a-wf_acos.o)
                0xfff01458                acos
 .text.asinf    0xfff0145c       0x82 D:\usr\github\clone\GR-SAKURA-MRUBY-CAR\gcctestb\gcctestb\gr_common\lib\libm.a(lib_a-wf_asin.o)
                0xfff0145c                asinf
 .text.asin     0xfff014de        0x4 D:\usr\github\clone\GR-SAKURA-MRUBY-CAR\gcctestb\gcctestb\gr_common\lib\libm.a(lib_a-wf_asin.o)
                0xfff014de                asin
 .text.atan2f   0xfff014e2        0x4 D:\usr\github\clone\GR-SAKURA-MRUBY-CAR\gcctestb\gcctestb\gr_common\lib\libm.a(lib_a-wf_atan2.o)
                0xfff014e2                atan2f
 .text.atan2    0xfff014e6        0x4 D:\usr\github\clone\GR-SAKURA-MRUBY-CAR\gcctestb\gcctestb\gr_common\lib\libm.a(lib_a-wf_atan2.o)
                0xfff014e6                atan2
 .text.atanhf   0xfff014ea       0xa0 D:\usr\github\clone\GR-SAKURA-MRUBY-CAR\gcctestb\gcctestb\gr_common\lib\libm.a(lib_a-wf_atanh.o)
                0xfff014ea                atanhf
 .text.atanh    0xfff0158a        0x4 D:\usr\github\clone\GR-SAKURA-MRUBY-CAR\gcctestb\gcctestb\gr_common\lib\libm.a(lib_a-wf_atanh.o)
                0xfff0158a                atanh
 .text.coshf    0xfff0158e       0x8a D:\usr\github\clone\GR-SAKURA-MRUBY-CAR\gcctestb\gcctestb\gr_common\lib\libm.a(lib_a-wf_cosh.o)
                0xfff0158e                coshf
 .text.cosh     0xfff01618        0x4 D:\usr\github\clone\GR-SAKURA-MRUBY-CAR\gcctestb\gcctestb\gr_common\lib\libm.a(lib_a-wf_cosh.o)
                0xfff01618                cosh
 .text.expf     0xfff0161c       0xa6 D:\usr\github\clone\GR-SAKURA-MRUBY-CAR\gcctestb\gcctestb\gr_common\lib\libm.a(lib_a-wf_exp.o)
                0xfff0161c                expf
 .text.exp      0xfff016c2        0x4 D:\usr\github\clone\GR-SAKURA-MRUBY-CAR\gcctestb\gcctestb\gr_common\lib\libm.a(lib_a-wf_exp.o)
                0xfff016c2                exp
 .text.fmodf    0xfff016c6       0x8c D:\usr\github\clone\GR-SAKURA-MRUBY-CAR\gcctestb\gcctestb\gr_common\lib\libm.a(lib_a-wf_fmod.o)
                0xfff016c6                fmodf
 .text.fmod     0xfff01752        0x4 D:\usr\github\clone\GR-SAKURA-MRUBY-CAR\gcctestb\gcctestb\gr_common\lib\libm.a(lib_a-wf_fmod.o)
                0xfff01752                fmod
 .text.hypotf   0xfff01756       0x8e D:\usr\github\clone\GR-SAKURA-MRUBY-CAR\gcctestb\gcctestb\gr_common\lib\libm.a(lib_a-wf_hypot.o)
                0xfff01756                hypotf
 .text.hypot    0xfff017e4        0x4 D:\usr\github\clone\GR-SAKURA-MRUBY-CAR\gcctestb\gcctestb\gr_common\lib\libm.a(lib_a-wf_hypot.o)
                0xfff017e4                hypot
 .text.log10f   0xfff017e8       0xb4 D:\usr\github\clone\GR-SAKURA-MRUBY-CAR\gcctestb\gcctestb\gr_common\lib\libm.a(lib_a-wf_log10.o)
                0xfff017e8                log10f
 .text.log10    0xfff0189c        0x4 D:\usr\github\clone\GR-SAKURA-MRUBY-CAR\gcctestb\gcctestb\gr_common\lib\libm.a(lib_a-wf_log10.o)
                0xfff0189c                log10
 .text.logf     0xfff018a0       0xb4 D:\usr\github\clone\GR-SAKURA-MRUBY-CAR\gcctestb\gcctestb\gr_common\lib\libm.a(lib_a-wf_log.o)
                0xfff018a0                logf
 .text.log      0xfff01954        0x4 D:\usr\github\clone\GR-SAKURA-MRUBY-CAR\gcctestb\gcctestb\gr_common\lib\libm.a(lib_a-wf_log.o)
                0xfff01954                log
 .text.powf     0xfff01958      0x214 D:\usr\github\clone\GR-SAKURA-MRUBY-CAR\gcctestb\gcctestb\gr_common\lib\libm.a(lib_a-wf_pow.o)
                0xfff01958                powf
 .text.pow      0xfff01b6c        0x4 D:\usr\github\clone\GR-SAKURA-MRUBY-CAR\gcctestb\gcctestb\gr_common\lib\libm.a(lib_a-wf_pow.o)
                0xfff01b6c                pow
 .text.sinhf    0xfff01b70       0xa2 D:\usr\github\clone\GR-SAKURA-MRUBY-CAR\gcctestb\gcctestb\gr_common\lib\libm.a(lib_a-wf_sinh.o)
                0xfff01b70                sinhf
 .text.sinh     0xfff01c12        0x4 D:\usr\github\clone\GR-SAKURA-MRUBY-CAR\gcctestb\gcctestb\gr_common\lib\libm.a(lib_a-wf_sinh.o)
                0xfff01c12                sinh
 .text.sqrtf    0xfff01c16       0x7e D:\usr\github\clone\GR-SAKURA-MRUBY-CAR\gcctestb\gcctestb\gr_common\lib\libm.a(lib_a-wf_sqrt.o)
                0xfff01c16                sqrtf
 .text.sqrt     0xfff01c94        0x4 D:\usr\github\clone\GR-SAKURA-MRUBY-CAR\gcctestb\gcctestb\gr_common\lib\libm.a(lib_a-wf_sqrt.o)
                0xfff01c94                sqrt
 .text.__ieee754_acoshf
                0xfff01c98       0x96 D:\usr\github\clone\GR-SAKURA-MRUBY-CAR\gcctestb\gcctestb\gr_common\lib\libm.a(lib_a-ef_acosh.o)
                0xfff01c98                __ieee754_acoshf
 .text.__ieee754_acosf
                0xfff01d2e      0x22a D:\usr\github\clone\GR-SAKURA-MRUBY-CAR\gcctestb\gcctestb\gr_common\lib\libm.a(lib_a-ef_acos.o)
                0xfff01d2e                __ieee754_acosf
 .text.__ieee754_asinf
                0xfff01f58      0x1d4 D:\usr\github\clone\GR-SAKURA-MRUBY-CAR\gcctestb\gcctestb\gr_common\lib\libm.a(lib_a-ef_asin.o)
                0xfff01f58                __ieee754_asinf
 .text.__ieee754_atan2f
                0xfff0212c      0x14c D:\usr\github\clone\GR-SAKURA-MRUBY-CAR\gcctestb\gcctestb\gr_common\lib\libm.a(lib_a-ef_atan2.o)
                0xfff0212c                __ieee754_atan2f
 .text.__ieee754_atanhf
                0xfff02278       0x80 D:\usr\github\clone\GR-SAKURA-MRUBY-CAR\gcctestb\gcctestb\gr_common\lib\libm.a(lib_a-ef_atanh.o)
                0xfff02278                __ieee754_atanhf
 .text.__ieee754_coshf
                0xfff022f8       0xc8 D:\usr\github\clone\GR-SAKURA-MRUBY-CAR\gcctestb\gcctestb\gr_common\lib\libm.a(lib_a-ef_cosh.o)
                0xfff022f8                __ieee754_coshf
 .text.__ieee754_expf
                0xfff023c0      0x176 D:\usr\github\clone\GR-SAKURA-MRUBY-CAR\gcctestb\gcctestb\gr_common\lib\libm.a(lib_a-ef_exp.o)
                0xfff023c0                __ieee754_expf
 .text.__ieee754_fmodf
                0xfff02536      0x10e D:\usr\github\clone\GR-SAKURA-MRUBY-CAR\gcctestb\gcctestb\gr_common\lib\libm.a(lib_a-ef_fmod.o)
                0xfff02536                __ieee754_fmodf
 .text.__ieee754_hypotf
                0xfff02644      0x126 D:\usr\github\clone\GR-SAKURA-MRUBY-CAR\gcctestb\gcctestb\gr_common\lib\libm.a(lib_a-ef_hypot.o)
                0xfff02644                __ieee754_hypotf
 .text.__ieee754_log10f
                0xfff0276a       0x94 D:\usr\github\clone\GR-SAKURA-MRUBY-CAR\gcctestb\gcctestb\gr_common\lib\libm.a(lib_a-ef_log10.o)
                0xfff0276a                __ieee754_log10f
 .text.__ieee754_logf
                0xfff027fe      0x1e4 D:\usr\github\clone\GR-SAKURA-MRUBY-CAR\gcctestb\gcctestb\gr_common\lib\libm.a(lib_a-ef_log.o)
                0xfff027fe                __ieee754_logf
 .text.__ieee754_powf
                0xfff029e2      0x4e8 D:\usr\github\clone\GR-SAKURA-MRUBY-CAR\gcctestb\gcctestb\gr_common\lib\libm.a(lib_a-ef_pow.o)
                0xfff029e2                __ieee754_powf
 .text.__ieee754_rem_pio2f
                0xfff02eca      0x254 D:\usr\github\clone\GR-SAKURA-MRUBY-CAR\gcctestb\gcctestb\gr_common\lib\libm.a(lib_a-ef_rem_pio2.o)
                0xfff02eca                __ieee754_rem_pio2f
 .text.__ieee754_sinhf
                0xfff0311e       0xdc D:\usr\github\clone\GR-SAKURA-MRUBY-CAR\gcctestb\gcctestb\gr_common\lib\libm.a(lib_a-ef_sinh.o)
                0xfff0311e                __ieee754_sinhf
 .text.__ieee754_sqrtf
                0xfff031fa       0xa4 D:\usr\github\clone\GR-SAKURA-MRUBY-CAR\gcctestb\gcctestb\gr_common\lib\libm.a(lib_a-ef_sqrt.o)
                0xfff031fa                __ieee754_sqrtf
 .text.__kernel_cosf
                0xfff0329e       0xc0 D:\usr\github\clone\GR-SAKURA-MRUBY-CAR\gcctestb\gcctestb\gr_common\lib\libm.a(lib_a-kf_cos.o)
                0xfff0329e                __kernel_cosf
 .text.__kernel_rem_pio2f
                0xfff0335e      0x4ec D:\usr\github\clone\GR-SAKURA-MRUBY-CAR\gcctestb\gcctestb\gr_common\lib\libm.a(lib_a-kf_rem_pio2.o)
                0xfff0335e                __kernel_rem_pio2f
 .text.__kernel_sinf
                0xfff0384a       0x8a D:\usr\github\clone\GR-SAKURA-MRUBY-CAR\gcctestb\gcctestb\gr_common\lib\libm.a(lib_a-kf_sin.o)
                0xfff0384a                __kernel_sinf
 .text.__kernel_tanf
                0xfff038d4      0x18e D:\usr\github\clone\GR-SAKURA-MRUBY-CAR\gcctestb\gcctestb\gr_common\lib\libm.a(lib_a-kf_tan.o)
                0xfff038d4                __kernel_tanf
 .text.copysignf
                0xfff03a62        0xf D:\usr\github\clone\GR-SAKURA-MRUBY-CAR\gcctestb\gcctestb\gr_common\lib\libm.a(lib_a-sf_copysign.o)
                0xfff03a62                copysignf
 .text.copysign
                0xfff03a71        0x4 D:\usr\github\clone\GR-SAKURA-MRUBY-CAR\gcctestb\gcctestb\gr_common\lib\libm.a(lib_a-sf_copysign.o)
                0xfff03a71                copysign
 *fill*         0xfff03a75        0x1 00
 .text.expm1f   0xfff03a76      0x21c D:\usr\github\clone\GR-SAKURA-MRUBY-CAR\gcctestb\gcctestb\gr_common\lib\libm.a(lib_a-sf_expm1.o)
                0xfff03a76                expm1f
 .text.expm1    0xfff03c92        0x4 D:\usr\github\clone\GR-SAKURA-MRUBY-CAR\gcctestb\gcctestb\gr_common\lib\libm.a(lib_a-sf_expm1.o)
                0xfff03c92                expm1
 .text.finitef  0xfff03c96       0x10 D:\usr\github\clone\GR-SAKURA-MRUBY-CAR\gcctestb\gcctestb\gr_common\lib\libm.a(lib_a-sf_finite.o)
                0xfff03c96                finitef
 .text.finite   0xfff03ca6       0x10 D:\usr\github\clone\GR-SAKURA-MRUBY-CAR\gcctestb\gcctestb\gr_common\lib\libm.a(lib_a-sf_finite.o)
                0xfff03ca6                finite
 .text.nanf     0xfff03cb6        0x7 D:\usr\github\clone\GR-SAKURA-MRUBY-CAR\gcctestb\gcctestb\gr_common\lib\libm.a(lib_a-sf_nan.o)
                0xfff03cb6                nanf
 .text.nan      0xfff03cbd        0x7 D:\usr\github\clone\GR-SAKURA-MRUBY-CAR\gcctestb\gcctestb\gr_common\lib\libm.a(lib_a-sf_nan.o)
                0xfff03cbd                nan
 .text.rintf    0xfff03cc4       0xa2 D:\usr\github\clone\GR-SAKURA-MRUBY-CAR\gcctestb\gcctestb\gr_common\lib\libm.a(lib_a-sf_rint.o)
                0xfff03cc4                rintf
 .text.rint     0xfff03d66        0x4 D:\usr\github\clone\GR-SAKURA-MRUBY-CAR\gcctestb\gcctestb\gr_common\lib\libm.a(lib_a-sf_rint.o)
                0xfff03d66                rint
 .text.matherr  0xfff03d6a        0x3 D:\usr\github\clone\GR-SAKURA-MRUBY-CAR\gcctestb\gcctestb\gr_common\lib\libm.a(lib_a-s_matherr.o)
                0xfff03d6a                matherr
 .text.atoi     0xfff03d6d        0x8 D:\usr\github\clone\GR-SAKURA-MRUBY-CAR\gcctestb\gcctestb\gr_common\lib\libg.a(lib_a-atoi.o)
                0xfff03d6d                atoi
 .text._atoi_r  0xfff03d75        0x8 D:\usr\github\clone\GR-SAKURA-MRUBY-CAR\gcctestb\gcctestb\gr_common\lib\libg.a(lib_a-atoi.o)
                0xfff03d75                _atoi_r
 .text.__errno  0xfff03d7d        0x9 D:\usr\github\clone\GR-SAKURA-MRUBY-CAR\gcctestb\gcctestb\gr_common\lib\libg.a(lib_a-errno.o)
                0xfff03d7d                __errno
 .text.exit     0xfff03d86       0x20 D:\usr\github\clone\GR-SAKURA-MRUBY-CAR\gcctestb\gcctestb\gr_common\lib\libg.a(lib_a-exit.o)
                0xfff03d86                exit
 .text._fgetc_r
                0xfff03da6       0x36 D:\usr\github\clone\GR-SAKURA-MRUBY-CAR\gcctestb\gcctestb\gr_common\lib\libg.a(lib_a-fgetc.o)
                0xfff03da6                _fgetc_r
 .text.fgetc    0xfff03ddc        0xe D:\usr\github\clone\GR-SAKURA-MRUBY-CAR\gcctestb\gcctestb\gr_common\lib\libg.a(lib_a-fgetc.o)
                0xfff03ddc                fgetc
 .text.__fp_lock
                0xfff03dea        0x3 D:\usr\github\clone\GR-SAKURA-MRUBY-CAR\gcctestb\gcctestb\gr_common\lib\libg.a(lib_a-findfp.o)
 .text.__fp_unlock
                0xfff03ded        0x3 D:\usr\github\clone\GR-SAKURA-MRUBY-CAR\gcctestb\gcctestb\gr_common\lib\libg.a(lib_a-findfp.o)
 .text._cleanup_r
                0xfff03df0        0xa D:\usr\github\clone\GR-SAKURA-MRUBY-CAR\gcctestb\gcctestb\gr_common\lib\libg.a(lib_a-findfp.o)
                0xfff03df0                _cleanup_r
 .text.std.isra.0
                0xfff03dfa       0x49 D:\usr\github\clone\GR-SAKURA-MRUBY-CAR\gcctestb\gcctestb\gr_common\lib\libg.a(lib_a-findfp.o)
 *fill*         0xfff03e43        0x1 00
 .text.__sfmoreglue
                0xfff03e44       0x2e D:\usr\github\clone\GR-SAKURA-MRUBY-CAR\gcctestb\gcctestb\gr_common\lib\libg.a(lib_a-findfp.o)
                0xfff03e44                __sfmoreglue
 .text._cleanup
                0xfff03e72        0xc D:\usr\github\clone\GR-SAKURA-MRUBY-CAR\gcctestb\gcctestb\gr_common\lib\libg.a(lib_a-findfp.o)
                0xfff03e72                _cleanup
 .text.__sinit  0xfff03e7e       0x46 D:\usr\github\clone\GR-SAKURA-MRUBY-CAR\gcctestb\gcctestb\gr_common\lib\libg.a(lib_a-findfp.o)
                0xfff03e7e                __sinit
 .text.__sfp    0xfff03ec4       0x8e D:\usr\github\clone\GR-SAKURA-MRUBY-CAR\gcctestb\gcctestb\gr_common\lib\libg.a(lib_a-findfp.o)
                0xfff03ec4                __sfp
 .text.__sfp_lock_acquire
                0xfff03f52        0x1 D:\usr\github\clone\GR-SAKURA-MRUBY-CAR\gcctestb\gcctestb\gr_common\lib\libg.a(lib_a-findfp.o)
                0xfff03f52                __sfp_lock_acquire
 .text.__sfp_lock_release
                0xfff03f53        0x1 D:\usr\github\clone\GR-SAKURA-MRUBY-CAR\gcctestb\gcctestb\gr_common\lib\libg.a(lib_a-findfp.o)
                0xfff03f53                __sfp_lock_release
 .text.__sinit_lock_acquire
                0xfff03f54        0x1 D:\usr\github\clone\GR-SAKURA-MRUBY-CAR\gcctestb\gcctestb\gr_common\lib\libg.a(lib_a-findfp.o)
                0xfff03f54                __sinit_lock_acquire
 .text.__sinit_lock_release
                0xfff03f55        0x1 D:\usr\github\clone\GR-SAKURA-MRUBY-CAR\gcctestb\gcctestb\gr_common\lib\libg.a(lib_a-findfp.o)
                0xfff03f55                __sinit_lock_release
 .text.__fp_lock_all
                0xfff03f56       0x12 D:\usr\github\clone\GR-SAKURA-MRUBY-CAR\gcctestb\gcctestb\gr_common\lib\libg.a(lib_a-findfp.o)
                0xfff03f56                __fp_lock_all
 .text.__fp_unlock_all
                0xfff03f68       0x12 D:\usr\github\clone\GR-SAKURA-MRUBY-CAR\gcctestb\gcctestb\gr_common\lib\libg.a(lib_a-findfp.o)
                0xfff03f68                __fp_unlock_all
 .text._fprintf_r
                0xfff03f7a        0xf D:\usr\github\clone\GR-SAKURA-MRUBY-CAR\gcctestb\gcctestb\gr_common\lib\libg.a(lib_a-fprintf.o)
                0xfff03f7a                _fprintf_r
 .text.fprintf  0xfff03f89       0x19 D:\usr\github\clone\GR-SAKURA-MRUBY-CAR\gcctestb\gcctestb\gr_common\lib\libg.a(lib_a-fprintf.o)
                0xfff03f89                fprintf
 .text._fputc_r
                0xfff03fa2       0x26 D:\usr\github\clone\GR-SAKURA-MRUBY-CAR\gcctestb\gcctestb\gr_common\lib\libg.a(lib_a-fputc.o)
                0xfff03fa2                _fputc_r
 .text.fputc    0xfff03fc8       0x12 D:\usr\github\clone\GR-SAKURA-MRUBY-CAR\gcctestb\gcctestb\gr_common\lib\libg.a(lib_a-fputc.o)
                0xfff03fc8                fputc
 .text._fread_r
                0xfff03fda       0xa6 D:\usr\github\clone\GR-SAKURA-MRUBY-CAR\gcctestb\gcctestb\gr_common\lib\libg.a(lib_a-fread.o)
                0xfff03fda                _fread_r
 .text.fread    0xfff04080       0x1e D:\usr\github\clone\GR-SAKURA-MRUBY-CAR\gcctestb\gcctestb\gr_common\lib\libg.a(lib_a-fread.o)
                0xfff04080                fread
 .text._fwalk   0xfff0409e       0x44 D:\usr\github\clone\GR-SAKURA-MRUBY-CAR\gcctestb\gcctestb\gr_common\lib\libg.a(lib_a-fwalk.o)
                0xfff0409e                _fwalk
 .text._fwalk_reent
                0xfff040e2       0x48 D:\usr\github\clone\GR-SAKURA-MRUBY-CAR\gcctestb\gcctestb\gr_common\lib\libg.a(lib_a-fwalk.o)
                0xfff040e2                _fwalk_reent
 .text._fwrite_r
                0xfff0412a       0x64 D:\usr\github\clone\GR-SAKURA-MRUBY-CAR\gcctestb\gcctestb\gr_common\lib\libg.a(lib_a-fwrite.o)
                0xfff0412a                _fwrite_r
 .text.fwrite   0xfff0418e       0x1e D:\usr\github\clone\GR-SAKURA-MRUBY-CAR\gcctestb\gcctestb\gr_common\lib\libg.a(lib_a-fwrite.o)
                0xfff0418e                fwrite
 .text.malloc   0xfff041ac        0xe D:\usr\github\clone\GR-SAKURA-MRUBY-CAR\gcctestb\gcctestb\gr_common\lib\libg.a(lib_a-malloc.o)
                0xfff041ac                malloc
 .text.free     0xfff041ba        0xe D:\usr\github\clone\GR-SAKURA-MRUBY-CAR\gcctestb\gcctestb\gr_common\lib\libg.a(lib_a-malloc.o)
                0xfff041ba                free
 .text._malloc_r
                0xfff041c8      0x490 D:\usr\github\clone\GR-SAKURA-MRUBY-CAR\gcctestb\gcctestb\gr_common\lib\libg.a(lib_a-mallocr.o)
                0xfff041c8                _malloc_r
 .text.memcmp   0xfff04658       0x18 D:\usr\github\clone\GR-SAKURA-MRUBY-CAR\gcctestb\gcctestb\gr_common\lib\libg.a(lib_a-memcmp.o)
                0xfff04658                memcmp
 .text.__malloc_lock
                0xfff04670        0x1 D:\usr\github\clone\GR-SAKURA-MRUBY-CAR\gcctestb\gcctestb\gr_common\lib\libg.a(lib_a-mlock.o)
                0xfff04670                __malloc_lock
 .text.__malloc_unlock
                0xfff04671        0x1 D:\usr\github\clone\GR-SAKURA-MRUBY-CAR\gcctestb\gcctestb\gr_common\lib\libg.a(lib_a-mlock.o)
                0xfff04671                __malloc_unlock
 .text._printf_r
                0xfff04672       0x11 D:\usr\github\clone\GR-SAKURA-MRUBY-CAR\gcctestb\gcctestb\gr_common\lib\libg.a(lib_a-printf.o)
                0xfff04672                _printf_r
 .text.printf   0xfff04683       0x19 D:\usr\github\clone\GR-SAKURA-MRUBY-CAR\gcctestb\gcctestb\gr_common\lib\libg.a(lib_a-printf.o)
                0xfff04683                printf
 .text._putc_r  0xfff0469c       0x58 D:\usr\github\clone\GR-SAKURA-MRUBY-CAR\gcctestb\gcctestb\gr_common\lib\libg.a(lib_a-putc.o)
                0xfff0469c                _putc_r
 .text.putc     0xfff046f4       0x12 D:\usr\github\clone\GR-SAKURA-MRUBY-CAR\gcctestb\gcctestb\gr_common\lib\libg.a(lib_a-putc.o)
                0xfff046f4                putc
 .text._puts_r  0xfff04706       0x66 D:\usr\github\clone\GR-SAKURA-MRUBY-CAR\gcctestb\gcctestb\gr_common\lib\libg.a(lib_a-puts.o)
                0xfff04706                _puts_r
 .text.puts     0xfff0476c        0xe D:\usr\github\clone\GR-SAKURA-MRUBY-CAR\gcctestb\gcctestb\gr_common\lib\libg.a(lib_a-puts.o)
                0xfff0476c                puts
 .text.realloc  0xfff0477a       0x12 D:\usr\github\clone\GR-SAKURA-MRUBY-CAR\gcctestb\gcctestb\gr_common\lib\libg.a(lib_a-realloc.o)
                0xfff0477a                realloc
 .text._realloc_r
                0xfff0478c      0x378 D:\usr\github\clone\GR-SAKURA-MRUBY-CAR\gcctestb\gcctestb\gr_common\lib\libg.a(lib_a-reallocr.o)
                0xfff0478c                _realloc_r
 .text.lflush   0xfff04b04        0xf D:\usr\github\clone\GR-SAKURA-MRUBY-CAR\gcctestb\gcctestb\gr_common\lib\libg.a(lib_a-refill.o)
 *fill*         0xfff04b13        0x1 00
 .text.__srefill_r
                0xfff04b14      0x118 D:\usr\github\clone\GR-SAKURA-MRUBY-CAR\gcctestb\gcctestb\gr_common\lib\libg.a(lib_a-refill.o)
                0xfff04b14                __srefill_r
 .text.__srget_r
                0xfff04c2c       0x38 D:\usr\github\clone\GR-SAKURA-MRUBY-CAR\gcctestb\gcctestb\gr_common\lib\libg.a(lib_a-rget.o)
                0xfff04c2c                __srget_r
 .text.__srget  0xfff04c64        0xe D:\usr\github\clone\GR-SAKURA-MRUBY-CAR\gcctestb\gcctestb\gr_common\lib\libg.a(lib_a-rget.o)
                0xfff04c64                __srget
 .text._sbrk_r  0xfff04c72       0x22 D:\usr\github\clone\GR-SAKURA-MRUBY-CAR\gcctestb\gcctestb\gr_common\lib\libg.a(lib_a-sbrkr.o)
                0xfff04c72                _sbrk_r
 .text._snprintf_r
                0xfff04c94       0x56 D:\usr\github\clone\GR-SAKURA-MRUBY-CAR\gcctestb\gcctestb\gr_common\lib\libg.a(lib_a-snprintf.o)
                0xfff04c94                _snprintf_r
 .text.snprintf
                0xfff04cea       0x5e D:\usr\github\clone\GR-SAKURA-MRUBY-CAR\gcctestb\gcctestb\gr_common\lib\libg.a(lib_a-snprintf.o)
                0xfff04cea                snprintf
 .text.__sread  0xfff04d48       0x26 D:\usr\github\clone\GR-SAKURA-MRUBY-CAR\gcctestb\gcctestb\gr_common\lib\libg.a(lib_a-stdio.o)
                0xfff04d48                __sread
 .text.__seofread
                0xfff04d6e        0x3 D:\usr\github\clone\GR-SAKURA-MRUBY-CAR\gcctestb\gcctestb\gr_common\lib\libg.a(lib_a-stdio.o)
                0xfff04d6e                __seofread
 *fill*         0xfff04d71        0x1 00
 .text.__swrite
                0xfff04d72       0x36 D:\usr\github\clone\GR-SAKURA-MRUBY-CAR\gcctestb\gcctestb\gr_common\lib\libg.a(lib_a-stdio.o)
                0xfff04d72                __swrite
 .text.__sseek  0xfff04da8       0x28 D:\usr\github\clone\GR-SAKURA-MRUBY-CAR\gcctestb\gcctestb\gr_common\lib\libg.a(lib_a-stdio.o)
                0xfff04da8                __sseek
 .text.__sclose
                0xfff04dd0        0x6 D:\usr\github\clone\GR-SAKURA-MRUBY-CAR\gcctestb\gcctestb\gr_common\lib\libg.a(lib_a-stdio.o)
                0xfff04dd0                __sclose
 .text.strchr   0xfff04dd6       0x1a D:\usr\github\clone\GR-SAKURA-MRUBY-CAR\gcctestb\gcctestb\gr_common\lib\libg.a(lib_a-strchr.o)
                0xfff04dd6                strchr
 .text.match    0xfff04df0       0x2c D:\usr\github\clone\GR-SAKURA-MRUBY-CAR\gcctestb\gcctestb\gr_common\lib\libg.a(lib_a-strtod.o)
 .text._strtod_r
                0xfff04e1c      0x8a8 D:\usr\github\clone\GR-SAKURA-MRUBY-CAR\gcctestb\gcctestb\gr_common\lib\libg.a(lib_a-strtod.o)
                0xfff04e1c                _strtod_r
 .text.strtod   0xfff056c4       0x12 D:\usr\github\clone\GR-SAKURA-MRUBY-CAR\gcctestb\gcctestb\gr_common\lib\libg.a(lib_a-strtod.o)
                0xfff056c4                strtod
 .text.strtof   0xfff056d6       0x28 D:\usr\github\clone\GR-SAKURA-MRUBY-CAR\gcctestb\gcctestb\gr_common\lib\libg.a(lib_a-strtod.o)
                0xfff056d6                strtof
 .text._strtol_r
                0xfff056fe       0xf6 D:\usr\github\clone\GR-SAKURA-MRUBY-CAR\gcctestb\gcctestb\gr_common\lib\libg.a(lib_a-strtol.o)
                0xfff056fe                _strtol_r
 .text.strtol   0xfff057f4       0x16 D:\usr\github\clone\GR-SAKURA-MRUBY-CAR\gcctestb\gcctestb\gr_common\lib\libg.a(lib_a-strtol.o)
                0xfff057f4                strtol
 .text._svfprintf_r
                0xfff0580a      0xfee D:\usr\github\clone\GR-SAKURA-MRUBY-CAR\gcctestb\gcctestb\gr_common\lib\libg.a(lib_a-svfprintf.o)
                0xfff0580a                _svfprintf_r
 .text._vfprintf_r
                0xfff067f8     0x1152 D:\usr\github\clone\GR-SAKURA-MRUBY-CAR\gcctestb\gcctestb\gr_common\lib\libg.a(lib_a-vfprintf.o)
                0xfff067f8                _vfprintf_r
 .text.vfprintf
                0xfff0794a       0x16 D:\usr\github\clone\GR-SAKURA-MRUBY-CAR\gcctestb\gcctestb\gr_common\lib\libg.a(lib_a-vfprintf.o)
                0xfff0794a                vfprintf
 .text._vsnprintf_r
                0xfff07960       0x50 D:\usr\github\clone\GR-SAKURA-MRUBY-CAR\gcctestb\gcctestb\gr_common\lib\libg.a(lib_a-vsnprintf.o)
                0xfff07960                _vsnprintf_r
 .text.vsnprintf
                0xfff079b0       0x1e D:\usr\github\clone\GR-SAKURA-MRUBY-CAR\gcctestb\gcctestb\gr_common\lib\libg.a(lib_a-vsnprintf.o)
                0xfff079b0                vsnprintf
 .text.__swbuf_r
                0xfff079ce       0xaa D:\usr\github\clone\GR-SAKURA-MRUBY-CAR\gcctestb\gcctestb\gr_common\lib\libg.a(lib_a-wbuf.o)
                0xfff079ce                __swbuf_r
 .text.__swbuf  0xfff07a78       0x12 D:\usr\github\clone\GR-SAKURA-MRUBY-CAR\gcctestb\gcctestb\gr_common\lib\libg.a(lib_a-wbuf.o)
                0xfff07a78                __swbuf
 .text._write_r
                0xfff07a8a       0x26 D:\usr\github\clone\GR-SAKURA-MRUBY-CAR\gcctestb\gcctestb\gr_common\lib\libg.a(lib_a-writer.o)
                0xfff07a8a                _write_r
 .text.__swsetup_r
                0xfff07ab0       0xce D:\usr\github\clone\GR-SAKURA-MRUBY-CAR\gcctestb\gcctestb\gr_common\lib\libg.a(lib_a-wsetup.o)
                0xfff07ab0                __swsetup_r
 .text.__call_exitprocs
                0xfff07b7e       0xc2 D:\usr\github\clone\GR-SAKURA-MRUBY-CAR\gcctestb\gcctestb\gr_common\lib\libg.a(lib_a-__call_atexit.o)
                0xfff07b7e                __call_exitprocs
 .text._close_r
                0xfff07c40       0x22 D:\usr\github\clone\GR-SAKURA-MRUBY-CAR\gcctestb\gcctestb\gr_common\lib\libg.a(lib_a-closer.o)
                0xfff07c40                _close_r
 .text.quorem   0xfff07c62      0x11a D:\usr\github\clone\GR-SAKURA-MRUBY-CAR\gcctestb\gcctestb\gr_common\lib\libg.a(lib_a-dtoa.o)
 .text._dtoa_r  0xfff07d7c      0x98c D:\usr\github\clone\GR-SAKURA-MRUBY-CAR\gcctestb\gcctestb\gr_common\lib\libg.a(lib_a-dtoa.o)
                0xfff07d7c                _dtoa_r
 .text._fclose_r
                0xfff08708       0x8a D:\usr\github\clone\GR-SAKURA-MRUBY-CAR\gcctestb\gcctestb\gr_common\lib\libg.a(lib_a-fclose.o)
                0xfff08708                _fclose_r
 .text.fclose   0xfff08792        0xe D:\usr\github\clone\GR-SAKURA-MRUBY-CAR\gcctestb\gcctestb\gr_common\lib\libg.a(lib_a-fclose.o)
                0xfff08792                fclose
 .text.__sflush_r
                0xfff087a0      0x142 D:\usr\github\clone\GR-SAKURA-MRUBY-CAR\gcctestb\gcctestb\gr_common\lib\libg.a(lib_a-fflush.o)
                0xfff087a0                __sflush_r
 .text._fflush_r
                0xfff088e2       0x2c D:\usr\github\clone\GR-SAKURA-MRUBY-CAR\gcctestb\gcctestb\gr_common\lib\libg.a(lib_a-fflush.o)
                0xfff088e2                _fflush_r
 .text.fflush   0xfff0890e       0x23 D:\usr\github\clone\GR-SAKURA-MRUBY-CAR\gcctestb\gcctestb\gr_common\lib\libg.a(lib_a-fflush.o)
                0xfff0890e                fflush
 *fill*         0xfff08931        0x1 00
 .text._malloc_trim_r
                0xfff08932       0xa4 D:\usr\github\clone\GR-SAKURA-MRUBY-CAR\gcctestb\gcctestb\gr_common\lib\libg.a(lib_a-freer.o)
                0xfff08932                _malloc_trim_r
 .text._free_r  0xfff089d6      0x19e D:\usr\github\clone\GR-SAKURA-MRUBY-CAR\gcctestb\gcctestb\gr_common\lib\libg.a(lib_a-freer.o)
                0xfff089d6                _free_r
 .text.__sfvwrite_r
                0xfff08b74      0x296 D:\usr\github\clone\GR-SAKURA-MRUBY-CAR\gcctestb\gcctestb\gr_common\lib\libg.a(lib_a-fvwrite.o)
                0xfff08b74                __sfvwrite_r
 .text.L_shift  0xfff08e0a       0x24 D:\usr\github\clone\GR-SAKURA-MRUBY-CAR\gcctestb\gcctestb\gr_common\lib\libg.a(lib_a-gdtoa-hexnan.o)
 .text.__hexnan
                0xfff08e2e      0x120 D:\usr\github\clone\GR-SAKURA-MRUBY-CAR\gcctestb\gcctestb\gr_common\lib\libg.a(lib_a-gdtoa-hexnan.o)
                0xfff08e2e                __hexnan
 .text._setlocale_r
                0xfff08f4e       0x4a D:\usr\github\clone\GR-SAKURA-MRUBY-CAR\gcctestb\gcctestb\gr_common\lib\libg.a(lib_a-locale.o)
                0xfff08f4e                _setlocale_r
 .text.__locale_charset
                0xfff08f98        0x7 D:\usr\github\clone\GR-SAKURA-MRUBY-CAR\gcctestb\gcctestb\gr_common\lib\libg.a(lib_a-locale.o)
                0xfff08f98                __locale_charset
 .text.__locale_mb_cur_max
                0xfff08f9f        0x9 D:\usr\github\clone\GR-SAKURA-MRUBY-CAR\gcctestb\gcctestb\gr_common\lib\libg.a(lib_a-locale.o)
                0xfff08f9f                __locale_mb_cur_max
 .text.__locale_msgcharset
                0xfff08fa8        0x7 D:\usr\github\clone\GR-SAKURA-MRUBY-CAR\gcctestb\gcctestb\gr_common\lib\libg.a(lib_a-locale.o)
                0xfff08fa8                __locale_msgcharset
 .text.__locale_cjk_lang
                0xfff08faf        0x3 D:\usr\github\clone\GR-SAKURA-MRUBY-CAR\gcctestb\gcctestb\gr_common\lib\libg.a(lib_a-locale.o)
                0xfff08faf                __locale_cjk_lang
 .text._localeconv_r
                0xfff08fb2        0x7 D:\usr\github\clone\GR-SAKURA-MRUBY-CAR\gcctestb\gcctestb\gr_common\lib\libg.a(lib_a-locale.o)
                0xfff08fb2                _localeconv_r
 .text.setlocale
                0xfff08fb9       0x12 D:\usr\github\clone\GR-SAKURA-MRUBY-CAR\gcctestb\gcctestb\gr_common\lib\libg.a(lib_a-locale.o)
                0xfff08fb9                setlocale
 .text.localeconv
                0xfff08fcb        0x7 D:\usr\github\clone\GR-SAKURA-MRUBY-CAR\gcctestb\gcctestb\gr_common\lib\libg.a(lib_a-locale.o)
                0xfff08fcb                localeconv
 .text._lseek_r
                0xfff08fd2       0x26 D:\usr\github\clone\GR-SAKURA-MRUBY-CAR\gcctestb\gcctestb\gr_common\lib\libg.a(lib_a-lseekr.o)
                0xfff08fd2                _lseek_r
 .text.__smakebuf_r
                0xfff08ff8       0xd6 D:\usr\github\clone\GR-SAKURA-MRUBY-CAR\gcctestb\gcctestb\gr_common\lib\libg.a(lib_a-makebuf.o)
                0xfff08ff8                __smakebuf_r
 .text._Balloc  0xfff090ce       0x54 D:\usr\github\clone\GR-SAKURA-MRUBY-CAR\gcctestb\gcctestb\gr_common\lib\libg.a(lib_a-mprec.o)
                0xfff090ce                _Balloc
 .text._Bfree   0xfff09122       0x1a D:\usr\github\clone\GR-SAKURA-MRUBY-CAR\gcctestb\gcctestb\gr_common\lib\libg.a(lib_a-mprec.o)
                0xfff09122                _Bfree
 .text.__multadd
                0xfff0913c       0x7c D:\usr\github\clone\GR-SAKURA-MRUBY-CAR\gcctestb\gcctestb\gr_common\lib\libg.a(lib_a-mprec.o)
                0xfff0913c                __multadd
 .text.__s2b    0xfff091b8       0x80 D:\usr\github\clone\GR-SAKURA-MRUBY-CAR\gcctestb\gcctestb\gr_common\lib\libg.a(lib_a-mprec.o)
                0xfff091b8                __s2b
 .text.__hi0bits
                0xfff09238       0x4a D:\usr\github\clone\GR-SAKURA-MRUBY-CAR\gcctestb\gcctestb\gr_common\lib\libg.a(lib_a-mprec.o)
                0xfff09238                __hi0bits
 .text.__lo0bits
                0xfff09282       0x66 D:\usr\github\clone\GR-SAKURA-MRUBY-CAR\gcctestb\gcctestb\gr_common\lib\libg.a(lib_a-mprec.o)
                0xfff09282                __lo0bits
 .text.__i2b    0xfff092e8       0x12 D:\usr\github\clone\GR-SAKURA-MRUBY-CAR\gcctestb\gcctestb\gr_common\lib\libg.a(lib_a-mprec.o)
                0xfff092e8                __i2b
 .text.__multiply
                0xfff092fa      0x11a D:\usr\github\clone\GR-SAKURA-MRUBY-CAR\gcctestb\gcctestb\gr_common\lib\libg.a(lib_a-mprec.o)
                0xfff092fa                __multiply
 .text.__pow5mult
                0xfff09414       0x88 D:\usr\github\clone\GR-SAKURA-MRUBY-CAR\gcctestb\gcctestb\gr_common\lib\libg.a(lib_a-mprec.o)
                0xfff09414                __pow5mult
 .text.__lshift
                0xfff0949c       0x9e D:\usr\github\clone\GR-SAKURA-MRUBY-CAR\gcctestb\gcctestb\gr_common\lib\libg.a(lib_a-mprec.o)
                0xfff0949c                __lshift
 .text.__mcmp   0xfff0953a       0x2c D:\usr\github\clone\GR-SAKURA-MRUBY-CAR\gcctestb\gcctestb\gr_common\lib\libg.a(lib_a-mprec.o)
                0xfff0953a                __mcmp
 .text.__mdiff  0xfff09566       0xd4 D:\usr\github\clone\GR-SAKURA-MRUBY-CAR\gcctestb\gcctestb\gr_common\lib\libg.a(lib_a-mprec.o)
                0xfff09566                __mdiff
 .text.__ulp    0xfff0963a       0x27 D:\usr\github\clone\GR-SAKURA-MRUBY-CAR\gcctestb\gcctestb\gr_common\lib\libg.a(lib_a-mprec.o)
                0xfff0963a                __ulp
 *fill*         0xfff09661        0x1 00
 .text.__b2d    0xfff09662       0x6a D:\usr\github\clone\GR-SAKURA-MRUBY-CAR\gcctestb\gcctestb\gr_common\lib\libg.a(lib_a-mprec.o)
                0xfff09662                __b2d
 .text.__d2b    0xfff096cc       0x6a D:\usr\github\clone\GR-SAKURA-MRUBY-CAR\gcctestb\gcctestb\gr_common\lib\libg.a(lib_a-mprec.o)
                0xfff096cc                __d2b
 .text.__ratio  0xfff09736       0x42 D:\usr\github\clone\GR-SAKURA-MRUBY-CAR\gcctestb\gcctestb\gr_common\lib\libg.a(lib_a-mprec.o)
                0xfff09736                __ratio
 .text._mprec_log10
                0xfff09778       0x24 D:\usr\github\clone\GR-SAKURA-MRUBY-CAR\gcctestb\gcctestb\gr_common\lib\libg.a(lib_a-mprec.o)
                0xfff09778                _mprec_log10
 .text.__copybits
                0xfff0979c       0x32 D:\usr\github\clone\GR-SAKURA-MRUBY-CAR\gcctestb\gcctestb\gr_common\lib\libg.a(lib_a-mprec.o)
                0xfff0979c                __copybits
 .text.__any_on
                0xfff097ce       0x40 D:\usr\github\clone\GR-SAKURA-MRUBY-CAR\gcctestb\gcctestb\gr_common\lib\libg.a(lib_a-mprec.o)
                0xfff097ce                __any_on
 .text._read_r  0xfff0980e       0x26 D:\usr\github\clone\GR-SAKURA-MRUBY-CAR\gcctestb\gcctestb\gr_common\lib\libg.a(lib_a-readr.o)
                0xfff0980e                _read_r
 .text.cleanup_glue
                0xfff09834       0x1a D:\usr\github\clone\GR-SAKURA-MRUBY-CAR\gcctestb\gcctestb\gr_common\lib\libg.a(lib_a-reent.o)
                0xfff09834                cleanup_glue
 .text._reclaim_reent
                0xfff0984e       0xa0 D:\usr\github\clone\GR-SAKURA-MRUBY-CAR\gcctestb\gcctestb\gr_common\lib\libg.a(lib_a-reent.o)
                0xfff0984e                _reclaim_reent
 .text._wrapup_reent
                0xfff098ee       0x40 D:\usr\github\clone\GR-SAKURA-MRUBY-CAR\gcctestb\gcctestb\gr_common\lib\libg.a(lib_a-reent.o)
                0xfff098ee                _wrapup_reent
 .text.__ssprint_r
                0xfff0992e       0xfe D:\usr\github\clone\GR-SAKURA-MRUBY-CAR\gcctestb\gcctestb\gr_common\lib\libg.a(lib_a-svfiprintf.o)
                0xfff0992e                __ssprint_r
 .text._svfiprintf_r
                0xfff09a2c      0x8da D:\usr\github\clone\GR-SAKURA-MRUBY-CAR\gcctestb\gcctestb\gr_common\lib\libg.a(lib_a-svfiprintf.o)
                0xfff09a2c                _svfiprintf_r
 .text.__sprint_r
                0xfff0a306       0x6c D:\usr\github\clone\GR-SAKURA-MRUBY-CAR\gcctestb\gcctestb\gr_common\lib\libg.a(lib_a-vfiprintf.o)
                0xfff0a306                __sprint_r
 .text._vfiprintf_r
                0xfff0a372      0x9e0 D:\usr\github\clone\GR-SAKURA-MRUBY-CAR\gcctestb\gcctestb\gr_common\lib\libg.a(lib_a-vfiprintf.o)
                0xfff0a372                _vfiprintf_r
 .text.vfiprintf
                0xfff0ad52       0x16 D:\usr\github\clone\GR-SAKURA-MRUBY-CAR\gcctestb\gcctestb\gr_common\lib\libg.a(lib_a-vfiprintf.o)
                0xfff0ad52                vfiprintf
 .text._calloc_r
                0xfff0ad68       0x66 D:\usr\github\clone\GR-SAKURA-MRUBY-CAR\gcctestb\gcctestb\gr_common\lib\libg.a(lib_a-callocr.o)
                0xfff0ad68                _calloc_r
 .text._fputwc_r
                0xfff0adce       0xc6 D:\usr\github\clone\GR-SAKURA-MRUBY-CAR\gcctestb\gcctestb\gr_common\lib\libg.a(lib_a-fputwc.o)
                0xfff0adce                _fputwc_r
 .text.fputwc   0xfff0ae94       0x28 D:\usr\github\clone\GR-SAKURA-MRUBY-CAR\gcctestb\gcctestb\gr_common\lib\libg.a(lib_a-fputwc.o)
                0xfff0ae94                fputwc
 .text._fstat_r
                0xfff0aebc       0x24 D:\usr\github\clone\GR-SAKURA-MRUBY-CAR\gcctestb\gcctestb\gr_common\lib\libg.a(lib_a-fstatr.o)
                0xfff0aebc                _fstat_r
 .text.rshift   0xfff0aee0       0x70 D:\usr\github\clone\GR-SAKURA-MRUBY-CAR\gcctestb\gcctestb\gr_common\lib\libg.a(lib_a-gdtoa-gethex.o)
 .text.htinit.constprop.0
                0xfff0af50       0x1a D:\usr\github\clone\GR-SAKURA-MRUBY-CAR\gcctestb\gcctestb\gr_common\lib\libg.a(lib_a-gdtoa-gethex.o)
 .text.__hexdig_init
                0xfff0af6a       0x2d D:\usr\github\clone\GR-SAKURA-MRUBY-CAR\gcctestb\gcctestb\gr_common\lib\libg.a(lib_a-gdtoa-gethex.o)
                0xfff0af6a                __hexdig_init
 *fill*         0xfff0af97        0x1 00
 .text.__gethex
                0xfff0af98      0x47e D:\usr\github\clone\GR-SAKURA-MRUBY-CAR\gcctestb\gcctestb\gr_common\lib\libg.a(lib_a-gdtoa-gethex.o)
                0xfff0af98                __gethex
 .text._isatty_r
                0xfff0b416       0x22 D:\usr\github\clone\GR-SAKURA-MRUBY-CAR\gcctestb\gcctestb\gr_common\lib\libg.a(lib_a-isattyr.o)
                0xfff0b416                _isatty_r
 .text._wcrtomb_r
                0xfff0b438       0x4c D:\usr\github\clone\GR-SAKURA-MRUBY-CAR\gcctestb\gcctestb\gr_common\lib\libg.a(lib_a-wcrtomb.o)
                0xfff0b438                _wcrtomb_r
 .text.wcrtomb  0xfff0b484       0x16 D:\usr\github\clone\GR-SAKURA-MRUBY-CAR\gcctestb\gcctestb\gr_common\lib\libg.a(lib_a-wcrtomb.o)
                0xfff0b484                wcrtomb
 .text.__ascii_wctomb
                0xfff0b49a       0x1c D:\usr\github\clone\GR-SAKURA-MRUBY-CAR\gcctestb\gcctestb\gr_common\lib\libg.a(lib_a-wctomb_r.o)
                0xfff0b49a                __ascii_wctomb
 .text._wctomb_r
                0xfff0b4b6       0x29 D:\usr\github\clone\GR-SAKURA-MRUBY-CAR\gcctestb\gcctestb\gr_common\lib\libg.a(lib_a-wctomb_r.o)
                0xfff0b4b6                _wctomb_r
 *(P)
 P              0xfff0b4df        0x0 D:\usr\github\clone\GR-SAKURA-MRUBY-CAR\gcctestb\gcctestb\Config1\vector_table.o
 *fill*         0xfff0b4df        0x1 00
 P              0xfff0b4e0       0xb4 D:\usr\github\clone\GR-SAKURA-MRUBY-CAR\gcctestb\gcctestb\Config1\time_manage.o
                0xfff0b557                get_tim
 P              0xfff0b594      0x2d0 D:\usr\github\clone\GR-SAKURA-MRUBY-CAR\gcctestb\gcctestb\Config1\time_event.o
                0xfff0b699                _kernel_initialize_time_event
                0xfff0b6d1                _kernel_time_event_enqueue
                0xfff0b780                _kernel_time_event_dequeue
                0xfff0b79f                _kernel_signal_time
 P              0xfff0b864      0x196 D:\usr\github\clone\GR-SAKURA-MRUBY-CAR\gcctestb\gcctestb\Config1\task_manage.o
                0xfff0b8db                act_tsk
                0xfff0b97f                iact_tsk
 P              0xfff0b9fa      0x6b6 D:\usr\github\clone\GR-SAKURA-MRUBY-CAR\gcctestb\gcctestb\Config1\task.o
                0xfff0ba47                get_ipri_self
                0xfff0ba77                get_ipri
                0xfff0bb74                _kernel_search_schedtsk
                0xfff0bb86                _kernel_test_dormant
                0xfff0bba6                _kernel_initialize_task
                0xfff0bc36                make_ctx
                0xfff0bcf8                _kernel_make_active
                0xfff0bd35                _kernel_run_task
                0xfff0bd41                dispatch
                0xfff0bd75                _kernel_dispatcher
                0xfff0bdc2                wai_tsk
                0xfff0be1a                go_tsk
                0xfff0be95                isig_tim
                0xfff0bf0a                dly_tsk
                0xfff0bfc7                _kernel_handler
 P              0xfff0c0b0       0xc0 D:\usr\github\clone\GR-SAKURA-MRUBY-CAR\gcctestb\gcctestb\Config1\target_support.o
                0xfff0c0b0                hardware_init_hook
                0xfff0c16c                software_init_hook
 P              0xfff0c170       0x2f D:\usr\github\clone\GR-SAKURA-MRUBY-CAR\gcctestb\gcctestb\Config1\startup.o
                0xfff0c170                sta_ker
 P              0xfff0c19f       0x2f D:\usr\github\clone\GR-SAKURA-MRUBY-CAR\gcctestb\gcctestb\Config1\sbrk.o
                0xfff0c19f                _sbrk
                0xfff0c19f                sbrk
 P              0xfff0c1ce      0x354 D:\usr\github\clone\GR-SAKURA-MRUBY-CAR\gcctestb\gcctestb\Config1\rx63nsci0.o
                0xfff0c1f1                CPU_UartInitialize
                0xfff0c2c7                CPU_UartPutch
                0xfff0c307                CPU_UartPuts
                0xfff0c34b                CPU_UartGetch
                0xfff0c388                CPU_UartGetch_t
                0xfff0c3fd                CPU_UartRead
                0xfff0c481                CPU_UartGets
                0xfff0c4d3                write
 P              0xfff0c522        0x0 D:\usr\github\clone\GR-SAKURA-MRUBY-CAR\gcctestb\gcctestb\Config1\reset_program.o
 P              0xfff0c522      0x104 D:\usr\github\clone\GR-SAKURA-MRUBY-CAR\gcctestb\gcctestb\Config1\rbcall.o
                0xfff0c522                mrb_ssp_delay_delayDEBUG
                0xfff0c571                mruby_call
 P              0xfff0c626        0x0 D:\usr\github\clone\GR-SAKURA-MRUBY-CAR\gcctestb\gcctestb\Config1\rb_main.o
 P              0xfff0c626      0x118 D:\usr\github\clone\GR-SAKURA-MRUBY-CAR\gcctestb\gcctestb\Config1\mrb_read.o
                0xfff0c626                read_mrb
                0xfff0c65e                mrb_read_ui
 *fill*         0xfff0c73e        0x2 00
 P              0xfff0c740       0x44 D:\usr\github\clone\GR-SAKURA-MRUBY-CAR\gcctestb\gcctestb\Config1\lowlbl.o
                0xfff0c740                charput
                0xfff0c740                putchar
                0xfff0c75d                stack
                0xfff0c75d                romdatacopysize
                0xfff0c75d                vectors
                0xfff0c75d                bsssize
                0xfff0c75d                romdatastart
                0xfff0c75d                datastart
                0xfff0c75d                charget
                0xfff0c75d                bssstart
                0xfff0c780                open
                0xfff0c780                isatty
                0xfff0c780                read
                0xfff0c780                fstat
                0xfff0c780                close
                0xfff0c780                lseek
 P              0xfff0c784       0x17 D:\usr\github\clone\GR-SAKURA-MRUBY-CAR\gcctestb\gcctestb\Config1\kernel_cfg.o
                0xfff0c784                _kernel_initialize_object
 P              0xfff0c79b      0x612 D:\usr\github\clone\GR-SAKURA-MRUBY-CAR\gcctestb\gcctestb\Config1\interrupt_handlers.o
                0xfff0c79b                Excep_SuperVisorInst
                0xfff0c7a3                Excep_UndefinedInst
                0xfff0c7ab                Excep_FloatingPoint
                0xfff0c7b3                NonMaskableInterrupt
                0xfff0c7bb                Dummy
                0xfff0c7c3                Excep_BRK
                0xfff0c7cb                Excep_BUSERR
                0xfff0c7d3                Excep_FCUIF_FIFEERR
                0xfff0c7db                Excep_FCUIF_FRDYI
                0xfff0c7e3                Excep_ICU_SWINT
                0xfff0c7eb                Excep_CMT0_CMI0
                0xfff0c7fd                Excep_CMT1_CMI1
                0xfff0c805                Excep_CMT2_CMI2
                0xfff0c80d                Excep_CMT3_CMI3
                0xfff0c815                Excep_ETHER_EINT
                0xfff0c81d                Excep_USB0_D0FIFO0
                0xfff0c825                Excep_USB0_D1FIFO0
                0xfff0c82d                Excep_USB0_USBI0
                0xfff0c835                Excep_USB1_D0FIFO1
                0xfff0c83d                Excep_USB1_D1FIFO1
                0xfff0c845                Excep_USB1_USBI1
                0xfff0c84d                Excep_RSPI0_SPRI0
                0xfff0c855                Excep_RSPI0_SPTI0
                0xfff0c85d                Excep_RSPI0_SPII0
                0xfff0c865                Excep_RSPI1_SPRI1
                0xfff0c86d                Excep_RSPI1_SPTI1
                0xfff0c875                Excep_RSPI1_SPII1
                0xfff0c87d                Excep_RSPI2_SPRI2
                0xfff0c885                Excep_RSPI2_SPTI2
                0xfff0c88d                Excep_RSPI2_SPII2
                0xfff0c895                Excep_CAN0_RXF0
                0xfff0c89d                Excep_CAN0_TXF0
                0xfff0c8a5                Excep_CAN0_RXM0
                0xfff0c8ad                Excep_CAN0_TXM0
                0xfff0c8b5                Excep_CAN1_RXF1
                0xfff0c8bd                Excep_CAN1_TXF1
                0xfff0c8c5                Excep_CAN1_RXM1
                0xfff0c8cd                Excep_CAN1_TXM1
                0xfff0c8d5                Excep_CAN2_RXF2
                0xfff0c8dd                Excep_CAN2_TXF2
                0xfff0c8e5                Excep_CAN2_RXM2
                0xfff0c8ed                Excep_CAN2_TXM2
                0xfff0c8f5                Excep_RTC_CUP
                0xfff0c8fd                Excep_IRQ0
                0xfff0c905                Excep_IRQ1
                0xfff0c90d                Excep_IRQ2
                0xfff0c915                Excep_IRQ3
                0xfff0c91d                Excep_IRQ4
                0xfff0c925                Excep_IRQ5
                0xfff0c92d                Excep_IRQ6
                0xfff0c935                Excep_IRQ7
                0xfff0c93d                Excep_IRQ8
                0xfff0c945                Excep_IRQ9
                0xfff0c94d                Excep_IRQ10
                0xfff0c955                Excep_IRQ11
                0xfff0c95d                Excep_IRQ12
                0xfff0c965                Excep_IRQ13
                0xfff0c96d                Excep_IRQ14
                0xfff0c975                Excep_IRQ15
                0xfff0c97d                Excep_USB_USBR0
                0xfff0c985                Excep_USB_USBR1
                0xfff0c98d                Excep_RTC_ALM
                0xfff0c995                Excep_RTC_SLEEP
                0xfff0c99d                Excep_ADA0_ADI0
                0xfff0c9a5                Excep_S12AD0_S12ADI0
                0xfff0c9ad                Excep_GROUP_E0
                0xfff0c9b5                Excep_GROUP_E1
                0xfff0c9bd                Excep_GROUP_E2
                0xfff0c9c5                Excep_GROUP_E3
                0xfff0c9cd                Excep_GROUP_E4
                0xfff0c9d5                Excep_GROUP_E5
                0xfff0c9dd                Excep_GROUP_E6
                0xfff0c9e5                Excep_GROUP_L0
                0xfff0c9ed                Excep_SCIX_SCIX0
                0xfff0c9f5                Excep_SCIX_SCIX1
                0xfff0c9fd                Excep_SCIX_SCIX2
                0xfff0ca05                Excep_SCIX_SCIX3
                0xfff0ca0d                Excep_TPU0_TGIA0
                0xfff0ca15                Excep_TPU0_TGIB0
                0xfff0ca1d                Excep_TPU0_TGIC0
                0xfff0ca25                Excep_TPU0_TGID0
                0xfff0ca2d                Excep_TPU1_TGIA1
                0xfff0ca35                Excep_TPU1_TGIB1
                0xfff0ca3d                Excep_TPU2_TGIA2
                0xfff0ca45                Excep_TPU2_TGIB2
                0xfff0ca4d                Excep_TPU3_TGIA3
                0xfff0ca55                Excep_TPU3_TGIB3
                0xfff0ca5d                Excep_TPU3_TGIC3
                0xfff0ca65                Excep_TPU3_TGID3
                0xfff0ca6d                Excep_TPU4_TGIA4
                0xfff0ca75                Excep_TPU4_TGIB4
                0xfff0ca7d                Excep_TPU5_TGIA5
                0xfff0ca85                Excep_TPU5_TGIB5
                0xfff0ca8d                Excep_TPU6_TGIA6
                0xfff0ca95                Excep_TPU6_TGIB6
                0xfff0ca9d                Excep_TPU6_TGIC6
                0xfff0caa5                Excep_TPU6_TGID6
                0xfff0caad                Excep_TPU6_TGIE6
                0xfff0cab5                Excep_TPU6_TGIF6
                0xfff0cabd                Excep_TPU7_TGIA7
                0xfff0cac5                Excep_TPU7_TGIB7
                0xfff0cacd                Excep_TPU8_TGIA8
                0xfff0cad5                Excep_TPU8_TGIB8
                0xfff0cadd                Excep_TPU9_TGIA9
                0xfff0cae5                Excep_TPU9_TGIB9
                0xfff0caed                Excep_TPU9_TGIC9
                0xfff0caf5                Excep_TPU9_TGID9
                0xfff0cafd                Excep_TPU10_TGIA10
                0xfff0cb05                Excep_TPU10_TGIB10
                0xfff0cb0d                Excep_TPU10_TGIC10
                0xfff0cb15                Excep_TPU10_TGID10
                0xfff0cb1d                Excep_TPU10_TGIV10
                0xfff0cb25                Excep_MTU5_TGIU5
                0xfff0cb2d                Excep_MTU5_TGIV5
                0xfff0cb35                Excep_MTU5_TGIW5
                0xfff0cb3d                Excep_TPU11_TGIA11
                0xfff0cb45                Excep_TPU11_TGIB11
                0xfff0cb4d                Excep_POE2_OEI1
                0xfff0cb55                Excep_POE2_OEI2
                0xfff0cb5d                Excep_TMR0_CMIA0
                0xfff0cb65                Excep_TMR0_CMIB0
                0xfff0cb6d                Excep_TMR0_OVI0
                0xfff0cb75                Excep_TMR1_CMIA1
                0xfff0cb7d                Excep_TMR1_CMIB1
                0xfff0cb85                Excep_TMR1_OVI1
                0xfff0cb8d                Excep_TMR2_CMIA2
                0xfff0cb95                Excep_TMR2_CMIB2
                0xfff0cb9d                Excep_TMR2_OVI2
                0xfff0cba5                Excep_TMR3_CMIA3
                0xfff0cbad                Excep_TMR3_CMIB3
                0xfff0cbb5                Excep_TMR3_OVI3
                0xfff0cbbd                Excep_RIIC0_EEI0
                0xfff0cbc5                Excep_RIIC0_RXI0
                0xfff0cbcd                Excep_RIIC0_TXI0
                0xfff0cbd5                Excep_RIIC0_TEI0
                0xfff0cbdd                Excep_RIIC1_EEI0
                0xfff0cbe5                Excep_RIIC1_RXI0
                0xfff0cbed                Excep_RIIC1_TXI0
                0xfff0cbf5                Excep_RIIC1_TEI0
                0xfff0cbfd                Excep_RIIC2_EEI0
                0xfff0cc05                Excep_RIIC2_RXI0
                0xfff0cc0d                Excep_RIIC2_TXI0
                0xfff0cc15                Excep_RIIC2_TEI0
                0xfff0cc1d                Excep_RIIC3_EEI0
                0xfff0cc25                Excep_RIIC3_RXI0
                0xfff0cc2d                Excep_RIIC3_TXI0
                0xfff0cc35                Excep_RIIC3_TEI0
                0xfff0cc3d                Excep_DMACA_DMAC0
                0xfff0cc45                Excep_DMACA_DMAC1
                0xfff0cc4d                Excep_DMACA_DMAC2
                0xfff0cc55                Excep_DMACA_DMAC3
                0xfff0cc5d                Excep_EXDMAC_DMAC0
                0xfff0cc65                Excep_EXDMAC_DMAC1
                0xfff0cc6d                Excep_SCI0_RXI0
                0xfff0cc75                Excep_SCI0_TXI0
                0xfff0cc7d                Excep_SCI0_TEI0
                0xfff0cc85                Excep_SCI1_RXI1
                0xfff0cc8d                Excep_SCI1_TXI1
                0xfff0cc95                Excep_SCI1_TEI1
                0xfff0cc9d                Excep_SCI2_RXI2
                0xfff0cca5                Excep_SCI2_TXI2
                0xfff0ccad                Excep_SCI2_TEI2
                0xfff0ccb5                Excep_SCI3_RXI3
                0xfff0ccbd                Excep_SCI3_TXI3
                0xfff0ccc5                Excep_SCI3_TEI3
                0xfff0cccd                Excep_SCI4_RXI4
                0xfff0ccd5                Excep_SCI4_TXI4
                0xfff0ccdd                Excep_SCI4_TEI4
                0xfff0cce5                Excep_SCI5_RXI5
                0xfff0cced                Excep_SCI5_TXI5
                0xfff0ccf5                Excep_SCI5_TEI5
                0xfff0ccfd                Excep_SCI6_RXI6
                0xfff0cd05                Excep_SCI6_TXI6
                0xfff0cd0d                Excep_SCI6_TEI6
                0xfff0cd15                Excep_SCI7_RXI7
                0xfff0cd1d                Excep_SCI7_TXI7
                0xfff0cd25                Excep_SCI7_TEI7
                0xfff0cd2d                Excep_SCI8_RXI8
                0xfff0cd35                Excep_SCI8_TXI8
                0xfff0cd3d                Excep_SCI8_TEI8
                0xfff0cd45                Excep_SCI9_RXI9
                0xfff0cd4d                Excep_SCI9_TXI9
                0xfff0cd55                Excep_SCI9_TEI9
                0xfff0cd5d                Excep_SCI10_RXI10
                0xfff0cd65                Excep_SCI10_TXI10
                0xfff0cd6d                Excep_SCI10_TEI10
                0xfff0cd75                Excep_SCI11_RXI11
                0xfff0cd7d                Excep_SCI11_TXI11
                0xfff0cd85                Excep_SCI11_TEI11
                0xfff0cd8d                Excep_SCI12_RXI12
                0xfff0cd95                Excep_SCI12_TXI12
                0xfff0cd9d                Excep_SCI12_TEI12
                0xfff0cda5                Excep_IEBUS_IEBINT
 P              0xfff0cdad       0x51 D:\usr\github\clone\GR-SAKURA-MRUBY-CAR\gcctestb\gcctestb\Config1\hardware_setup.o
                0xfff0cdad                HardwareSetup
 P              0xfff0cdfe       0x7e D:\usr\github\clone\GR-SAKURA-MRUBY-CAR\gcctestb\gcctestb\Config1\gcctestb.o
                0xfff0cdfe                main
                0xfff0ce37                task2
                0xfff0ce43                CMI0
 P              0xfff0ce7c      0x39a D:\usr\github\clone\GR-SAKURA-MRUBY-CAR\gcctestb\gcctestb\Config1\cyclic.o
                0xfff0cef3                _kernel_initialize_cyclic
                0xfff0cf8a                sta_cyc
                0xfff0d067                stp_cyc
                0xfff0d103                istp_cyc
                0xfff0d19f                _kernel_call_cychdr
 P              0xfff0d216        0x0 D:\usr\github\clone\GR-SAKURA-MRUBY-CAR\gcctestb\gcctestb\Config1\crt0.o
 P              0xfff0d216      0x3b0 D:\usr\github\clone\GR-SAKURA-MRUBY-CAR\gcctestb\gcctestb\Config1\alarm.o
                0xfff0d28d                _kernel_initialize_alarm
                0xfff0d2a1                sta_alm
                0xfff0d36b                ista_alm
                0xfff0d435                stp_alm
                0xfff0d4d3                istp_alm
                0xfff0d571                _kernel_call_almhdr
 *fill*         0xfff0d5c6        0x2 00
 P              0xfff0d5c8     0x2ae8 D:\usr\github\clone\GR-SAKURA-MRUBY-CAR\gcctestb\gcctestb\gr_mruby\mruby-1.1.0\build\grsakura\lib\libmruby.a(class.o)
                0xfff0d8ef                kh_alloc_mt
                0xfff0d92f                kh_init_mt_size
                0xfff0d981                kh_init_mt
                0xfff0d9c8                kh_destroy_mt
                0xfff0d9e5                kh_clear_mt
                0xfff0da0f                kh_get_mt
                0xfff0da84                kh_put_mt
                0xfff0dba2                kh_resize_mt
                0xfff0dc44                kh_del_mt
                0xfff0dc65                kh_copy_mt
                0xfff0dcd1                mrb_gc_mark_mt
                0xfff0dd2b                mrb_gc_mark_mt_size
                0xfff0dd33                mrb_gc_free_mt
                0xfff0dd39                mrb_class_outer_module
                0xfff0dd58                mrb_class_defined
                0xfff0dd84                mrb_class_get_under
                0xfff0dd9b                mrb_class_get
                0xfff0ded3                mrb_module_get_under
                0xfff0deea                mrb_module_get
                0xfff0def2                mrb_define_method_raw
                0xfff0df37                mrb_define_method_id
                0xfff0df6c                mrb_define_method
                0xfff0df95                mrb_define_method_vm
                0xfff0dfdb                mrb_get_args
                0xfff0ecc3                mrb_instance_new
                0xfff0edad                mrb_include_module
                0xfff0eea7                mrb_singleton_class
                0xfff0ef8a                mrb_define_singleton_method
                0xfff0efbd                mrb_define_class_method
                0xfff0efc5                mrb_define_module_function
                0xfff0eff0                mrb_method_search_vm
                0xfff0f036                mrb_method_search
                0xfff0f0a8                mrb_mod_module_function
                0xfff0f147                mrb_obj_new
                0xfff0f17e                mrb_obj_respond_to
                0xfff0f29a                mrb_respond_to
                0xfff0f3d6                mrb_class_path
                0xfff0f63a                mrb_class_real
                0xfff0f64f                mrb_class_name
                0xfff0f6b4                mrb_class_new
                0xfff0f85b                mrb_define_class_under
                0xfff0f888                mrb_vm_define_class
                0xfff0f930                mrb_define_class_id
                0xfff0f973                mrb_define_class
                0xfff0f98d                mrb_module_new
                0xfff0f9e2                mrb_define_module_under
                0xfff0fa0b                mrb_vm_define_module
                0xfff0fa11                mrb_define_module
                0xfff0fa23                mrb_define_module_id
                0xfff0fa27                mrb_obj_class
                0xfff0fa72                mrb_obj_classname
                0xfff0fa84                mrb_alias_method
                0xfff0fadc                mrb_define_alias
                0xfff0fb04                mrb_undef_method
                0xfff0fb1b                mrb_undef_class_method
                0xfff0fb33                mrb_init_class
 P              0xfff100b0      0xa68 D:\usr\github\clone\GR-SAKURA-MRUBY-CAR\gcctestb\gcctestb\gr_mruby\mruby-1.1.0\build\grsakura\lib\libmruby.a(error.o)
                0xfff103c8                mrb_exc_new
                0xfff103eb                mrb_exc_new_str
                0xfff10412                mrb_exc_raise
                0xfff10530                mrb_raise
                0xfff10554                mrb_vformat
                0xfff1066f                mrb_format
                0xfff1067e                mrb_raisef
                0xfff106aa                mrb_name_error
                0xfff106ed                mrb_warn
                0xfff1074b                mrb_bug
                0xfff107a4                mrb_make_exception
                0xfff108f5                mrb_sys_fail
                0xfff10980                mrb_no_method_error
                0xfff109e9                mrb_init_exception
 P              0xfff10b18      0x26c D:\usr\github\clone\GR-SAKURA-MRUBY-CAR\gcctestb\gcctestb\gr_mruby\mruby-1.1.0\build\grsakura\lib\libmruby.a(etc.o)
                0xfff10b18                mrb_data_object_alloc
                0xfff10b31                mrb_data_check_type
                0xfff10c00                mrb_data_check_get_ptr
                0xfff10c10                mrb_data_get_ptr
                0xfff10c1d                mrb_obj_to_sym
                0xfff10c82                mrb_float_id
                0xfff10cac                mrb_obj_id
                0xfff10d3f                mrb_regexp_p
 P              0xfff10d84      0xf30 D:\usr\github\clone\GR-SAKURA-MRUBY-CAR\gcctestb\gcctestb\gr_mruby\mruby-1.1.0\build\grsakura\lib\libmruby.a(gc.o)
                0xfff11758                mrb_free
                0xfff11762                mrb_free_heap
                0xfff117af                mrb_gc_mark
                0xfff117cf                mrb_incremental_gc
                0xfff1187c                mrb_full_gc
                0xfff118e7                mrb_realloc_simple
                0xfff1191f                mrb_malloc_simple
                0xfff11927                mrb_realloc
                0xfff119a3                mrb_gc_protect
                0xfff119aa                mrb_malloc
                0xfff119b2                mrb_calloc
                0xfff11a41                mrb_obj_alloc
                0xfff11acf                mrb_init_heap
                0xfff11af3                mrb_garbage_collect
                0xfff11af7                mrb_gc_arena_save
                0xfff11afa                mrb_gc_arena_restore
                0xfff11b3a                mrb_field_write_barrier
                0xfff11b7e                mrb_write_barrier
                0xfff11b9b                mrb_objspace_each_objects
                0xfff11bd3                mrb_init_gc
 P              0xfff11cb4     0x1368 D:\usr\github\clone\GR-SAKURA-MRUBY-CAR\gcctestb\gcctestb\gr_mruby\mruby-1.1.0\build\grsakura\lib\libmruby.a(hash.o)
                0xfff11cb4                mrb_hash_clear
                0xfff11cef                mrb_hash_empty_p
                0xfff11db2                mrb_hash_keys
                0xfff11fa2                kh_alloc_ht
                0xfff11fe7                kh_init_ht_size
                0xfff12039                kh_init_ht
                0xfff1203f                kh_destroy_ht
                0xfff1205c                kh_clear_ht
                0xfff12087                kh_get_ht
                0xfff1228c                kh_put_ht
                0xfff1260b                kh_resize_ht
                0xfff126c9                kh_del_ht
                0xfff126ea                kh_copy_ht
                0xfff12779                mrb_gc_mark_hash
                0xfff127f1                mrb_gc_mark_hash_size
                0xfff127fb                mrb_gc_free_hash
                0xfff12805                mrb_hash_new_capa
                0xfff12836                mrb_hash_new
                0xfff1283d                mrb_hash_get
                0xfff12908                mrb_hash_fetch
                0xfff12948                mrb_check_hash_type
                0xfff1295f                mrb_hash_tbl
                0xfff12adc                mrb_hash_set
                0xfff12c0c                mrb_hash_delete_key
                0xfff12ddb                mrb_init_hash
 P              0xfff1301c     0x14fc D:\usr\github\clone\GR-SAKURA-MRUBY-CAR\gcctestb\gcctestb\gr_mruby\mruby-1.1.0\build\grsakura\lib\libmruby.a(kernel.o)
                0xfff1355e                mrb_obj_hash
                0xfff136ce                mrb_f_raise
                0xfff137eb                mrb_obj_dup
                0xfff138d4                mrb_obj_clone
                0xfff13931                mrb_obj_inspect
                0xfff13986                mrb_obj_is_instance_of
                0xfff139cf                kh_alloc_st
                0xfff13a0b                kh_init_st_size
                0xfff13a5d                kh_init_st
                0xfff13a63                kh_destroy_st
                0xfff13a80                kh_clear_st
                0xfff13aab                kh_get_st
                0xfff13b20                kh_put_st
                0xfff13df4                kh_resize_st
                0xfff13e88                kh_del_st
                0xfff13ea9                kh_copy_st
                0xfff13f09                mrb_class_instance_method_list
                0xfff140c8                mrb_init_kernel
 P              0xfff14518      0xb38 D:\usr\github\clone\GR-SAKURA-MRUBY-CAR\gcctestb\gcctestb\gr_mruby\mruby-1.1.0\build\grsakura\lib\libmruby.a(load.o)
                0xfff14c69                read_irep
                0xfff14efb                mrb_read_irep
                0xfff14f01                mrb_load_irep_cxt
                0xfff14f4c                mrb_load_irep
                0xfff14f53                mrb_read_irep_file
                0xfff14fe9                mrb_load_irep_file_cxt
                0xfff15049                mrb_load_irep_file
 P              0xfff15050     0x1384 D:\usr\github\clone\GR-SAKURA-MRUBY-CAR\gcctestb\gcctestb\gr_mruby\mruby-1.1.0\build\grsakura\lib\libmruby.a(numeric.o)
                0xfff15951                mrb_to_flo
                0xfff15c70                mrb_num_div
                0xfff15c9c                mrb_fixnum_mul
                0xfff15d59                mrb_flo_to_fixnum
                0xfff15dde                mrb_fixnum_plus
                0xfff15e62                mrb_fixnum_minus
                0xfff15ede                mrb_fixnum_to_str
                0xfff15fc2                mrb_init_numeric
 P              0xfff163d4      0x964 D:\usr\github\clone\GR-SAKURA-MRUBY-CAR\gcctestb\gcctestb\gr_mruby\mruby-1.1.0\build\grsakura\lib\libmruby.a(object.o)
                0xfff1649f                mrb_obj_eq
                0xfff164e3                mrb_obj_equal
                0xfff164ef                mrb_equal
                0xfff1653d                mrb_init_object
                0xfff1670f                mrb_check_type
                0xfff16823                mrb_any_to_s
                0xfff168a6                mrb_obj_is_kind_of
                0xfff16952                mrb_inspect
                0xfff169ff                mrb_check_convert_type
                0xfff16a40                mrb_convert_type
                0xfff16ab6                mrb_Float
                0xfff16b23                mrb_check_to_integer
                0xfff16beb                mrb_convert_to_integer
                0xfff16cd7                mrb_Integer
                0xfff16cde                mrb_to_int
                0xfff16ce8                mrb_eql
 P              0xfff16d38      0x1b8 D:\usr\github\clone\GR-SAKURA-MRUBY-CAR\gcctestb\gcctestb\gr_mruby\mruby-1.1.0\build\grsakura\lib\libmruby.a(print.o)
                0xfff16d7b                mrb_p
                0xfff16dda                mrb_print_error
                0xfff16e74                mrb_show_version
                0xfff16eb1                mrb_show_copyright
 P              0xfff16ef0      0x50c D:\usr\github\clone\GR-SAKURA-MRUBY-CAR\gcctestb\gcctestb\gr_mruby\mruby-1.1.0\build\grsakura\lib\libmruby.a(proc.o)
                0xfff1710d                mrb_proc_new
                0xfff1716a                mrb_closure_new
                0xfff171a9                mrb_proc_new_cfunc
                0xfff171c6                mrb_proc_new_cfunc_with_env
                0xfff17233                mrb_closure_new_cfunc
                0xfff17239                mrb_proc_cfunc_env_get
                0xfff172cb                mrb_proc_copy
                0xfff172ff                mrb_proc_cfunc_p
                0xfff17306                mrb_proc_call_cfunc
                0xfff17310                mrb_proc_iseq
                0xfff17317                mrb_init_proc
 P              0xfff173fc      0x414 D:\usr\github\clone\GR-SAKURA-MRUBY-CAR\gcctestb\gcctestb\gr_mruby\mruby-1.1.0\build\grsakura\lib\libmruby.a(state.o)
                0xfff17409                mrb_default_allocf
                0xfff17424                mrb_alloc_context_multi
                0xfff1745d                mrb_open_core
                0xfff174c9                mrb_alloca
                0xfff174e0                mrb_open_allocf
                0xfff174fd                mrb_open
                0xfff17509                mrb_irep_incref
                0xfff17512                mrb_irep_free
                0xfff175dc                mrb_irep_decref
                0xfff175eb                mrb_str_pool
                0xfff176b4                mrb_free_context
                0xfff176e7                mrb_close
                0xfff17760                mrb_add_irep
                0xfff17777                mrb_top_self
                0xfff177cf                mrb_state_atexit
 P              0xfff17810     0x3418 D:\usr\github\clone\GR-SAKURA-MRUBY-CAR\gcctestb\gcctestb\gr_mruby\mruby-1.1.0\build\grsakura\lib\libmruby.a(string.o)
                0xfff17b23                mrb_str_intern
                0xfff17fc5                mrb_str_strlen
                0xfff1802b                mrb_str_modify
                0xfff186d9                mrb_str_resize
                0xfff187a4                mrb_str_buf_new
                0xfff18810                mrb_str_new
                0xfff18816                mrb_str_new_cstr
                0xfff18842                mrb_str_new_static
                0xfff1888c                mrb_gc_free_str
                0xfff188d7                mrb_str_to_cstr
                0xfff1897f                mrb_str_plus
                0xfff18abe                mrb_str_cmp
                0xfff18c7e                mrb_str_equal
                0xfff18d3d                mrb_str_to_str
                0xfff18e07                mrb_str_concat
                0xfff18f63                mrb_string_value_ptr
                0xfff18f75                mrb_noregexp
                0xfff19445                mrb_regexp_check
                0xfff19463                mrb_str_dup
                0xfff195cb                mrb_str_substr
                0xfff1979f                mrb_str_hash
                0xfff197e3                mrb_obj_as_string
                0xfff1981a                mrb_ptr_to_str
                0xfff198a8                mrb_string_type
                0xfff198c0                mrb_check_string_type
                0xfff19be4                mrb_cstr_to_inum
                0xfff19f38                mrb_string_value_cstr
                0xfff19f82                mrb_str_to_inum
                0xfff1a073                mrb_cstr_to_dbl
                0xfff1a25c                mrb_str_to_dbl
                0xfff1a305                mrb_str_dump
                0xfff1a523                mrb_str_cat
                0xfff1a70b                mrb_str_inspect
                0xfff1a82e                mrb_str_cat_cstr
                0xfff1a852                mrb_str_cat_str
                0xfff1a87e                mrb_str_append
                0xfff1a8a7                mrb_init_string
 P              0xfff1ac28      0xb64 D:\usr\github\clone\GR-SAKURA-MRUBY-CAR\gcctestb\gcctestb\gr_mruby\mruby-1.1.0\build\grsakura\lib\libmruby.a(symbol.o)
                0xfff1aebb                kh_alloc_n2s
                0xfff1aef7                kh_init_n2s_size
                0xfff1af49                kh_init_n2s
                0xfff1af4f                kh_destroy_n2s
                0xfff1af6c                kh_clear_n2s
                0xfff1af97                kh_get_n2s
                0xfff1b05e                kh_put_n2s
                0xfff1b2ed                kh_resize_n2s
                0xfff1b384                kh_del_n2s
                0xfff1b3a5                kh_copy_n2s
                0xfff1b405                mrb_intern
                0xfff1b40a                mrb_intern_static
                0xfff1b40f                mrb_intern_cstr
                0xfff1b42b                mrb_intern_str
                0xfff1b44c                mrb_check_intern
                0xfff1b484                mrb_check_intern_cstr
                0xfff1b49f                mrb_check_intern_str
                0xfff1b4c2                mrb_sym2name_len
                0xfff1b609                mrb_free_symtbl
                0xfff1b65f                mrb_init_symtbl
                0xfff1b66d                mrb_sym2str
                0xfff1b690                mrb_sym2name
                0xfff1b6e9                mrb_init_symbol
 P              0xfff1b78c     0x10c4 D:\usr\github\clone\GR-SAKURA-MRUBY-CAR\gcctestb\gcctestb\gr_mruby\mruby-1.1.0\build\grsakura\lib\libmruby.a(variable.o)
                0xfff1ba59                kh_alloc_iv
                0xfff1ba9b                kh_init_iv_size
                0xfff1baed                kh_init_iv
                0xfff1baf3                kh_destroy_iv
                0xfff1bb10                kh_clear_iv
                0xfff1bb3b                kh_get_iv
                0xfff1bd3c                kh_put_iv
                0xfff1be7c                kh_resize_iv
                0xfff1bf24                kh_del_iv
                0xfff1bf45                kh_copy_iv
                0xfff1bfbd                mrb_gc_mark_gv
                0xfff1bfcf                mrb_gc_free_gv
                0xfff1bfd9                mrb_gc_mark_iv
                0xfff1bfeb                mrb_gc_mark_iv_size
                0xfff1bff3                mrb_gc_free_iv
                0xfff1bffd                mrb_vm_special_get
                0xfff1c002                mrb_vm_special_set
                0xfff1c003                mrb_obj_iv_get
                0xfff1c024                mrb_iv_get
                0xfff1c041                mrb_obj_iv_set
                0xfff1c0a1                mrb_obj_iv_ifnone
                0xfff1c0f4                mrb_iv_set
                0xfff1c130                mrb_obj_iv_defined
                0xfff1c13f                mrb_iv_defined
                0xfff1c15b                mrb_iv_p
                0xfff1c1c2                mrb_iv_check
                0xfff1c1f0                mrb_iv_copy
                0xfff1c227                mrb_obj_iv_inspect
                0xfff1c2da                mrb_iv_remove
                0xfff1c30c                mrb_vm_iv_get
                0xfff1c31e                mrb_vm_iv_set
                0xfff1c339                mrb_obj_instance_variables
                0xfff1c377                mrb_mod_class_variables
                0xfff1c3b7                mrb_mod_cv_get
                0xfff1c417                mrb_cv_get
                0xfff1c41e                mrb_mod_cv_set
                0xfff1c4ae                mrb_cv_set
                0xfff1c4bc                mrb_mod_cv_defined
                0xfff1c500                mrb_cv_defined
                0xfff1c506                mrb_vm_cv_get
                0xfff1c525                mrb_vm_cv_set
                0xfff1c556                mrb_const_get
                0xfff1c56f                mrb_vm_const_get
                0xfff1c5f0                mrb_const_set
                0xfff1c61c                mrb_vm_const_set
                0xfff1c64d                mrb_const_remove
                0xfff1c66e                mrb_define_const
                0xfff1c699                mrb_define_global_const
                0xfff1c6ad                mrb_mod_constants
                0xfff1c717                mrb_gv_get
                0xfff1c73e                mrb_gv_set
                0xfff1c770                mrb_gv_remove
                0xfff1c780                mrb_f_global_variables
                0xfff1c7ea                mrb_const_defined
                0xfff1c7f1                mrb_const_defined_at
                0xfff1c7f8                mrb_attr_get
                0xfff1c7fd                mrb_class_sym
 P              0xfff1c850     0x37a8 D:\usr\github\clone\GR-SAKURA-MRUBY-CAR\gcctestb\gcctestb\gr_mruby\mruby-1.1.0\build\grsakura\lib\libmruby.a(vm.o)
                0xfff1ca2a                mrb_ci_cp
                0xfff1ca2b                mrb_run
                0xfff1cacd                mrb_context_run
                0xfff1f66c                mrb_yield_with_class
                0xfff1f7f5                mrb_yield
                0xfff1f81c                mrb_yield_argv
                0xfff1f8ec                mrb_obj_instance_eval
                0xfff1f97e                mrb_mod_module_eval
                0xfff1f9d5                mrb_funcall_with_block
                0xfff1fdae                mrb_f_send
                0xfff1fef3                mrb_funcall_argv
                0xfff1ff14                mrb_funcall
                0xfff1ff89                mrb_toplevel_run_keep
                0xfff1fff1                mrb_toplevel_run
 P              0xfff1fff8      0x2a8 D:\usr\github\clone\GR-SAKURA-MRUBY-CAR\gcctestb\gcctestb\gr_mruby\mruby-1.1.0\build\grsakura\lib\libmruby.a(ssp-thread.o)
                0xfff20134                mrb_ssp_thread_call
                0xfff20241                mrb_mruby_ssp_thread_gem_init
                0xfff2029f                mrb_mruby_ssp_thread_gem_final
 P              0xfff202a0      0x2c0 D:\usr\github\clone\GR-SAKURA-MRUBY-CAR\gcctestb\gcctestb\gr_mruby\mruby-1.1.0\build\grsakura\lib\libmruby.a(ssp-alarm.o)
                0xfff2041d                mrb_ssp_alarm_call
                0xfff204e6                mrb_mruby_ssp_alarm_gem_init
                0xfff2055d                mrb_mruby_ssp_alarm_gem_final
 P              0xfff20560      0x264 D:\usr\github\clone\GR-SAKURA-MRUBY-CAR\gcctestb\gcctestb\gr_mruby\mruby-1.1.0\build\grsakura\lib\libmruby.a(ssp-cyclic.o)
                0xfff20686                mrb_ssp_cyclic_call
                0xfff2074e                mrb_mruby_ssp_cyclic_gem_init
                0xfff207c1                mrb_mruby_ssp_cyclic_gem_final
 P              0xfff207c4       0x8c D:\usr\github\clone\GR-SAKURA-MRUBY-CAR\gcctestb\gcctestb\gr_mruby\mruby-1.1.0\build\grsakura\lib\libmruby.a(gem_init.o)
                0xfff20804                mrb_init_mrbgems
 P              0xfff20850     0x1694 D:\usr\github\clone\GR-SAKURA-MRUBY-CAR\gcctestb\gcctestb\gr_mruby\mruby-1.1.0\build\grsakura\lib\libmruby.a(array.o)
                0xfff20850                mrb_ary_pop
                0xfff20b40                mrb_ary_shift
                0xfff20c3c                mrb_ary_new_capa
                0xfff20d0b                mrb_ary_new
                0xfff20dae                mrb_ary_new_from_values
                0xfff20f26                mrb_assoc_new
                0xfff20f52                mrb_ary_ref
                0xfff21057                mrb_ary_decref
                0xfff213a9                mrb_ary_concat
                0xfff213b9                mrb_ary_splice
                0xfff21550                mrb_ary_set
                0xfff216f0                mrb_ary_unshift
                0xfff217be                mrb_ary_push
                0xfff21a01                mrb_ary_replace
                0xfff21a91                mrb_ary_resize
                0xfff21ae1                mrb_ary_modify
                0xfff21af4                mrb_ary_clear
                0xfff21b39                mrb_ary_splat
                0xfff21b91                mrb_check_array_type
                0xfff21ba8                mrb_ary_entry
                0xfff21bd8                mrb_ary_join
                0xfff21c48                mrb_init_array
 P              0xfff21ee4      0x398 D:\usr\github\clone\GR-SAKURA-MRUBY-CAR\gcctestb\gcctestb\gr_mruby\mruby-1.1.0\build\grsakura\lib\libmruby.a(backtrace.o)
                0xfff221d0                mrb_print_backtrace
                0xfff22215                mrb_exc_backtrace
                0xfff22239                mrb_get_backtrace
 P              0xfff2227c     0x861c D:\usr\github\clone\GR-SAKURA-MRUBY-CAR\gcctestb\gcctestb\gr_mruby\mruby-1.1.0\build\grsakura\lib\libmruby.a(codegen.o)
                0xfff2a7f6                mrb_codedump_all
                0xfff2a7fb                mrb_generate_code
 P              0xfff2a898       0x38 D:\usr\github\clone\GR-SAKURA-MRUBY-CAR\gcctestb\gcctestb\gr_mruby\mruby-1.1.0\build\grsakura\lib\libmruby.a(crc.o)
                0xfff2a898                calc_crc_16_ccitt
 P              0xfff2a8d0      0x310 D:\usr\github\clone\GR-SAKURA-MRUBY-CAR\gcctestb\gcctestb\gr_mruby\mruby-1.1.0\build\grsakura\lib\libmruby.a(debug.o)
                0xfff2a8d0                mrb_debug_get_filename
                0xfff2a943                mrb_debug_get_line
                0xfff2aa0e                mrb_debug_info_alloc
                0xfff2aa26                mrb_debug_info_append_file
                0xfff2ab86                mrb_debug_info_free
 P              0xfff2abe0       0xd8 D:\usr\github\clone\GR-SAKURA-MRUBY-CAR\gcctestb\gcctestb\gr_mruby\mruby-1.1.0\build\grsakura\lib\libmruby.a(init.o)
                0xfff2abe0                mrb_init_core
 P              0xfff2acb8      0x16c D:\usr\github\clone\GR-SAKURA-MRUBY-CAR\gcctestb\gcctestb\gr_mruby\mruby-1.1.0\build\grsakura\lib\libmruby.a(pool.o)
                0xfff2acb8                mrb_pool_open
                0xfff2accf                mrb_pool_close
                0xfff2ad01                mrb_pool_alloc
                0xfff2ad7e                mrb_pool_can_realloc
                0xfff2adb1                mrb_pool_realloc
 P              0xfff2ae24      0x8b8 D:\usr\github\clone\GR-SAKURA-MRUBY-CAR\gcctestb\gcctestb\gr_mruby\mruby-1.1.0\build\grsakura\lib\libmruby.a(range.o)
                0xfff2ae24                mrb_range_beg
                0xfff2ae2d                mrb_range_end
                0xfff2ae37                mrb_range_excl
                0xfff2ae41                mrb_range_include
                0xfff2aef7                mrb_range_eq
                0xfff2b367                mrb_range_initialize
                0xfff2b3bd                mrb_range_new
                0xfff2b420                mrb_range_beg_len
                0xfff2b441                mrb_get_values_at
                0xfff2b57e                mrb_init_range
 P              0xfff2b6dc       0xb0 D:\usr\github\clone\GR-SAKURA-MRUBY-CAR\gcctestb\gcctestb\gr_mruby\mruby-1.1.0\build\grsakura\lib\libmruby.a(version.o)
                0xfff2b6dc                mrb_init_version
 P              0xfff2b78c     0x8a80 D:\usr\github\clone\GR-SAKURA-MRUBY-CAR\gcctestb\gcctestb\gr_mruby\mruby-1.1.0\build\grsakura\lib\libmruby.a(y.tab.o)
                0xfff2d905                mrb_parser_new
                0xfff2d949                mrb_parser_free
                0xfff2d94f                mrbc_context_new
                0xfff2d958                mrbc_context_free
                0xfff2d96e                mrbc_filename
                0xfff2d9a3                mrbc_partial_hook
                0xfff2d9a8                mrb_parser_set_filename
                0xfff2dac0                mrb_parser_get_filename
                0xfff2dadb                mrb_parser_dump
                0xfff2eb1b                mrb_parser_parse
                0xfff3413a                mrb_parse_nstring
                0xfff34161                mrb_load_nstring_cxt
                0xfff34178                mrb_load_string_cxt
                0xfff34197                mrb_load_string
                0xfff3419e                mrb_load_nstring
                0xfff341a5                mrb_parse_string
                0xfff341c5                mrb_parse_file
                0xfff341e9                mrb_load_file_cxt
                0xfff34200                mrb_load_file
                0xfff34207                yydebug
 P              0xfff3420c        0xc D:\usr\github\clone\GR-SAKURA-MRUBY-CAR\gcctestb\gcctestb\gr_mruby\mruby-1.1.0\build\grsakura\lib\libmruby.a(mrblib.o)
                0xfff3420c                mrb_init_mrblib
 P              0xfff34218       0x20 D:\usr\github\clone\GR-SAKURA-MRUBY-CAR\gcctestb\gcctestb\gr_mruby\mruby-1.1.0\build\grsakura\lib\libmruby.a(gem_init.o)