Archive member included because of file (symbol)

D:\usr\github\clone\GR-SAKURA-MRUBY-CAR\gcctestb\gcctestb\gr_mruby\mruby-1.1.0\build\grsakura\lib\libmruby.a(load.o)
                              D:\usr\github\clone\GR-SAKURA-MRUBY-CAR\gcctestb\gcctestb\SimDebug_RX600\rbcall.o (mrb_read_irep)
D:\usr\github\clone\GR-SAKURA-MRUBY-CAR\gcctestb\gcctestb\gr_mruby\mruby-1.1.0\build\grsakura\lib\libmruby.a(proc.o)
                              D:\usr\github\clone\GR-SAKURA-MRUBY-CAR\gcctestb\gcctestb\SimDebug_RX600\rbcall.o (mrb_proc_new)
D:\usr\github\clone\GR-SAKURA-MRUBY-CAR\gcctestb\gcctestb\gr_mruby\mruby-1.1.0\build\grsakura\lib\libmruby.a(state.o)
                              D:\usr\github\clone\GR-SAKURA-MRUBY-CAR\gcctestb\gcctestb\SimDebug_RX600\rbcall.o (mrb_open)
D:\usr\github\clone\GR-SAKURA-MRUBY-CAR\gcctestb\gcctestb\gr_mruby\mruby-1.1.0\build\grsakura\lib\libmruby.a(string.o)
                              D:\usr\github\clone\GR-SAKURA-MRUBY-CAR\gcctestb\gcctestb\gr_mruby\mruby-1.1.0\build\grsakura\lib\libmruby.a(load.o) (mrb_str_new)
D:\usr\github\clone\GR-SAKURA-MRUBY-CAR\gcctestb\gcctestb\gr_mruby\mruby-1.1.0\build\grsakura\lib\libmruby.a(symbol.o)
                              D:\usr\github\clone\GR-SAKURA-MRUBY-CAR\gcctestb\gcctestb\gr_mruby\mruby-1.1.0\build\grsakura\lib\libmruby.a(load.o) (mrb_intern)
D:\usr\github\clone\GR-SAKURA-MRUBY-CAR\gcctestb\gcctestb\gr_mruby\mruby-1.1.0\build\grsakura\lib\libmruby.a(variable.o)
                              D:\usr\github\clone\GR-SAKURA-MRUBY-CAR\gcctestb\gcctestb\gr_mruby\mruby-1.1.0\build\grsakura\lib\libmruby.a(state.o) (mrb_gc_free_gv)
D:\usr\github\clone\GR-SAKURA-MRUBY-CAR\gcctestb\gcctestb\gr_mruby\mruby-1.1.0\build\grsakura\lib\libmruby.a(vm.o)
                              D:\usr\github\clone\GR-SAKURA-MRUBY-CAR\gcctestb\gcctestb\SimDebug_RX600\rbcall.o (mrb_run)
D:\usr\github\clone\GR-SAKURA-MRUBY-CAR\gcctestb\gcctestb\gr_mruby\mruby-1.1.0\build\grsakura\lib\libmruby.a(ssp-thread.o)
                              D:\usr\github\clone\GR-SAKURA-MRUBY-CAR\gcctestb\gcctestb\SimDebug_RX600\kernel_cfg.o (mrb_ssp_thread_call)
D:\usr\github\clone\GR-SAKURA-MRUBY-CAR\gcctestb\gcctestb\gr_mruby\mruby-1.1.0\build\grsakura\lib\libmruby.a(ssp-alarm.o)
                              D:\usr\github\clone\GR-SAKURA-MRUBY-CAR\gcctestb\gcctestb\SimDebug_RX600\kernel_cfg.o (mrb_ssp_alarm_call)
D:\usr\github\clone\GR-SAKURA-MRUBY-CAR\gcctestb\gcctestb\gr_mruby\mruby-1.1.0\build\grsakura\lib\libmruby.a(ssp-cyclic.o)
                              D:\usr\github\clone\GR-SAKURA-MRUBY-CAR\gcctestb\gcctestb\SimDebug_RX600\kernel_cfg.o (mrb_ssp_cyclic_call)
D:\usr\github\clone\GR-SAKURA-MRUBY-CAR\gcctestb\gcctestb\gr_mruby\mruby-1.1.0\build\grsakura\lib\libmruby.a(gem_init.o)
                              D:\usr\github\clone\GR-SAKURA-MRUBY-CAR\gcctestb\gcctestb\gr_mruby\mruby-1.1.0\build\grsakura\lib\libmruby.a(state.o) (mrb_init_mrbgems)
D:\usr\github\clone\GR-SAKURA-MRUBY-CAR\gcctestb\gcctestb\gr_mruby\mruby-1.1.0\build\grsakura\lib\libmruby.a(array.o)
                              D:\usr\github\clone\GR-SAKURA-MRUBY-CAR\gcctestb\gcctestb\gr_mruby\mruby-1.1.0\build\grsakura\lib\libmruby.a(string.o) (mrb_ary_pop)
D:\usr\github\clone\GR-SAKURA-MRUBY-CAR\gcctestb\gcctestb\gr_mruby\mruby-1.1.0\build\grsakura\lib\libmruby.a(class.o)
                              D:\usr\github\clone\GR-SAKURA-MRUBY-CAR\gcctestb\gcctestb\gr_mruby\mruby-1.1.0\build\grsakura\lib\libmruby.a(variable.o) (mrb_class_outer_module)
D:\usr\github\clone\GR-SAKURA-MRUBY-CAR\gcctestb\gcctestb\gr_mruby\mruby-1.1.0\build\grsakura\lib\libmruby.a(codegen.o)
                              D:\usr\github\clone\GR-SAKURA-MRUBY-CAR\gcctestb\gcctestb\gr_mruby\mruby-1.1.0\build\grsakura\lib\libmruby.a(load.o) (mrb_codedump_all)
D:\usr\github\clone\GR-SAKURA-MRUBY-CAR\gcctestb\gcctestb\gr_mruby\mruby-1.1.0\build\grsakura\lib\libmruby.a(crc.o)
                              D:\usr\github\clone\GR-SAKURA-MRUBY-CAR\gcctestb\gcctestb\gr_mruby\mruby-1.1.0\build\grsakura\lib\libmruby.a(load.o) (calc_crc_16_ccitt)
D:\usr\github\clone\GR-SAKURA-MRUBY-CAR\gcctestb\gcctestb\gr_mruby\mruby-1.1.0\build\grsakura\lib\libmruby.a(debug.o)
                              D:\usr\github\clone\GR-SAKURA-MRUBY-CAR\gcctestb\gcctestb\gr_mruby\mruby-1.1.0\build\grsakura\lib\libmruby.a(codegen.o) (mrb_debug_get_filename)
D:\usr\github\clone\GR-SAKURA-MRUBY-CAR\gcctestb\gcctestb\gr_mruby\mruby-1.1.0\build\grsakura\lib\libmruby.a(error.o)
                              D:\usr\github\clone\GR-SAKURA-MRUBY-CAR\gcctestb\gcctestb\gr_mruby\mruby-1.1.0\build\grsakura\lib\libmruby.a(load.o) (mrb_exc_new_str)
D:\usr\github\clone\GR-SAKURA-MRUBY-CAR\gcctestb\gcctestb\gr_mruby\mruby-1.1.0\build\grsakura\lib\libmruby.a(etc.o)
                              D:\usr\github\clone\GR-SAKURA-MRUBY-CAR\gcctestb\gcctestb\gr_mruby\mruby-1.1.0\build\grsakura\lib\libmruby.a(class.o) (mrb_data_get_ptr)
[...]
Memory Configuration

Name             Origin             Length             Attributes
*default*        0x00000000         0xffffffff

Linker script and memory map


.fvectors       0xffffff80       0x80
 *(.fvectors)
 .fvectors      0xffffff80       0x80 D:\usr\github\clone\GR-SAKURA-MRUBY-CAR\gcctestb\gcctestb\SimDebug_RX600\vector_table.o
                0xffffff80                HardwareVectors

.text           0xfff00000    0x353e0
 *(.text)
 .text          0xfff00000        0x0 D:\usr\github\clone\GR-SAKURA-MRUBY-CAR\gcctestb\gcctestb\SimDebug_RX600\reset_program.o
 .text          0xfff00000       0xa6 D:\usr\github\clone\GR-SAKURA-MRUBY-CAR\gcctestb\gcctestb\SimDebug_RX600\crt0.o
                0xfff00000                PowerON_Reset
                0xfff0005b                rx_run_preinit_array
                0xfff0006b                rx_run_init_array
                0xfff0007d                rx_run_fini_array
 .text          0xfff000a6        0xf D:\usr\github\clone\GR-SAKURA-MRUBY-CAR\gcctestb\gcctestb\gr_common\lib\libg.a(lib_a-memchr.o)
                0xfff000a6                memchr
 .text          0xfff000b5        0x7 D:\usr\github\clone\GR-SAKURA-MRUBY-CAR\gcctestb\gcctestb\gr_common\lib\libg.a(lib_a-memcpy.o)
                0xfff000b5                memcpy
 .text          0xfff000bc       0x17 D:\usr\github\clone\GR-SAKURA-MRUBY-CAR\gcctestb\gcctestb\gr_common\lib\libg.a(lib_a-memmove.o)
                0xfff000bc                memmove
 .text          0xfff000d3        0x7 D:\usr\github\clone\GR-SAKURA-MRUBY-CAR\gcctestb\gcctestb\gr_common\lib\libg.a(lib_a-memset.o)
                0xfff000d3                memset
 .text          0xfff000da       0x10 D:\usr\github\clone\GR-SAKURA-MRUBY-CAR\gcctestb\gcctestb\gr_common\lib\libg.a(lib_a-strlen.o)
                0xfff000da                strlen
 .text          0xfff000ea        0xc D:\usr\github\clone\GR-SAKURA-MRUBY-CAR\gcctestb\gcctestb\gr_common\lib\libg.a(lib_a-strncmp.o)
                0xfff000ea                strncmp
 .text          0xfff000f6       0x15 D:\usr\github\clone\GR-SAKURA-MRUBY-CAR\gcctestb\gcctestb\gr_common\lib\libg.a(lib_a-strncpy.o)
                0xfff000f6                strncpy
 .text          0xfff0010b        0xf D:\usr\github\clone\GR-SAKURA-MRUBY-CAR\gcctestb\gcctestb\gr_common\lib\libg.a(lib_a-strcmp.o)
                0xfff0010b                strcmp
 *(.text.*)
 .text.unlikely
                0xfff0011a       0x1c D:\usr\github\clone\GR-SAKURA-MRUBY-CAR\gcctestb\gcctestb\gr_mruby\mruby-1.1.0\build\grsakura\lib\libmruby.a(symbol.o)
 .text.unlikely
                0xfff00136       0xaa D:\usr\github\clone\GR-SAKURA-MRUBY-CAR\gcctestb\gcctestb\gr_mruby\mruby-1.1.0\build\grsakura\lib\libmruby.a(vm.o)
 .text.unlikely
                0xfff001e0       0x20 D:\usr\github\clone\GR-SAKURA-MRUBY-CAR\gcctestb\gcctestb\gr_mruby\mruby-1.1.0\build\grsakura\lib\libmruby.a(codegen.o)
 .text.unlikely
                0xfff00200       0x2e D:\usr\github\clone\GR-SAKURA-MRUBY-CAR\gcctestb\gcctestb\gr_mruby\mruby-1.1.0\build\grsakura\lib\libmruby.a(numeric.o)
 *fill*         0xfff0022e        0x2 00
 .text.unlikely
                0xfff00230       0x2c D:\usr\github\clone\GR-SAKURA-MRUBY-CAR\gcctestb\gcctestb\gr_mruby\mruby-1.1.0\build\grsakura\lib\libmruby.a(object.o)
 .text.unlikely
                0xfff0025c       0x28 D:\usr\github\clone\GR-SAKURA-MRUBY-CAR\gcctestb\gcctestb\gr_mruby\mruby-1.1.0\build\grsakura\lib\libmruby.a(y.tab.o)
 .text.unlikely
                0xfff00284       0x3c D:\usr\github\clone\GR-SAKURA-MRUBY-CAR\gcctestb\gcctestb\gr_mruby\mruby-1.1.0\build\grsakura\lib\libmruby.a(math.o)
 .text.asinhf   0xfff002c0       0xd6 D:\usr\github\clone\GR-SAKURA-MRUBY-CAR\gcctestb\gcctestb\gr_common\lib\libm.a(lib_a-sf_asinh.o)
                0xfff002c0                asinhf
 .text.asinh    0xfff00396        0x4 D:\usr\github\clone\GR-SAKURA-MRUBY-CAR\gcctestb\gcctestb\gr_common\lib\libm.a(lib_a-sf_asinh.o)
                0xfff00396                asinh
 .text.atanf    0xfff0039a      0x190 D:\usr\github\clone\GR-SAKURA-MRUBY-CAR\gcctestb\gcctestb\gr_common\lib\libm.a(lib_a-sf_atan.o)
                0xfff0039a                atanf
 .text.atan     0xfff0052a        0x4 D:\usr\github\clone\GR-SAKURA-MRUBY-CAR\gcctestb\gcctestb\gr_common\lib\libm.a(lib_a-sf_atan.o)
                0xfff0052a                atan
 .text.cbrtf    0xfff0052e       0x82 D:\usr\github\clone\GR-SAKURA-MRUBY-CAR\gcctestb\gcctestb\gr_common\lib\libm.a(lib_a-sf_cbrt.o)
                0xfff0052e                cbrtf
 .text.cbrt     0xfff005b0        0x4 D:\usr\github\clone\GR-SAKURA-MRUBY-CAR\gcctestb\gcctestb\gr_common\lib\libm.a(lib_a-sf_cbrt.o)
                0xfff005b0                cbrt
 .text.ceilf    0xfff005b4       0x7c D:\usr\github\clone\GR-SAKURA-MRUBY-CAR\gcctestb\gcctestb\gr_common\lib\libm.a(lib_a-sf_ceil.o)
                0xfff005b4                ceilf
 .text.ceil     0xfff00630        0x4 D:\usr\github\clone\GR-SAKURA-MRUBY-CAR\gcctestb\gcctestb\gr_common\lib\libm.a(lib_a-sf_ceil.o)
                0xfff00630                ceil
 .text.cosf     0xfff00634       0x5c D:\usr\github\clone\GR-SAKURA-MRUBY-CAR\gcctestb\gcctestb\gr_common\lib\libm.a(lib_a-sf_cos.o)
                0xfff00634                cosf
 .text.cos      0xfff00690        0x4 D:\usr\github\clone\GR-SAKURA-MRUBY-CAR\gcctestb\gcctestb\gr_common\lib\libm.a(lib_a-sf_cos.o)
                0xfff00690                cos
 .text.erff     0xfff00694      0x362 D:\usr\github\clone\GR-SAKURA-MRUBY-CAR\gcctestb\gcctestb\gr_common\lib\libm.a(lib_a-sf_erf.o)
                0xfff00694                erff
 .text.erfcf    0xfff009f6      0x37e D:\usr\github\clone\GR-SAKURA-MRUBY-CAR\gcctestb\gcctestb\gr_common\lib\libm.a(lib_a-sf_erf.o)
                0xfff009f6                erfcf
 .text.erf      0xfff00d74        0x4 D:\usr\github\clone\GR-SAKURA-MRUBY-CAR\gcctestb\gcctestb\gr_common\lib\libm.a(lib_a-sf_erf.o)
                0xfff00d74                erf
 .text.erfc     0xfff00d78        0x4 D:\usr\github\clone\GR-SAKURA-MRUBY-CAR\gcctestb\gcctestb\gr_common\lib\libm.a(lib_a-sf_erf.o)
                0xfff00d78                erfc
 .text.fabsf    0xfff00d7c        0x7 D:\usr\github\clone\GR-SAKURA-MRUBY-CAR\gcctestb\gcctestb\gr_common\lib\libm.a(lib_a-sf_fabs.o)
                0xfff00d7c                fabsf
 .text.fabs     0xfff00d83        0x7 D:\usr\github\clone\GR-SAKURA-MRUBY-CAR\gcctestb\gcctestb\gr_common\lib\libm.a(lib_a-sf_fabs.o)
                0xfff00d83                fabs
 .text.floorf   0xfff00d8a       0x78 D:\usr\github\clone\GR-SAKURA-MRUBY-CAR\gcctestb\gcctestb\gr_common\lib\libm.a(lib_a-sf_floor.o)
                0xfff00d8a                floorf
 .text.floor    0xfff00e02        0x4 D:\usr\github\clone\GR-SAKURA-MRUBY-CAR\gcctestb\gcctestb\gr_common\lib\libm.a(lib_a-sf_floor.o)
                0xfff00e02                floor
 .text.__fpclassifyf
                0xfff00e06       0x5c D:\usr\github\clone\GR-SAKURA-MRUBY-CAR\gcctestb\gcctestb\gr_common\lib\libm.a(lib_a-sf_fpclassify.o)
                0xfff00e06                __fpclassifyf
 .text.frexpf   0xfff00e62       0x4e D:\usr\github\clone\GR-SAKURA-MRUBY-CAR\gcctestb\gcctestb\gr_common\lib\libm.a(lib_a-sf_frexp.o)
                0xfff00e62                frexpf
 .text.frexp    0xfff00eb0        0x4 D:\usr\github\clone\GR-SAKURA-MRUBY-CAR\gcctestb\gcctestb\gr_common\lib\libm.a(lib_a-sf_frexp.o)
                0xfff00eb0                frexp
 .text.ldexpf   0xfff00eb4       0x42 D:\usr\github\clone\GR-SAKURA-MRUBY-CAR\gcctestb\gcctestb\gr_common\lib\libm.a(lib_a-sf_ldexp.o)
                0xfff00eb4                ldexpf
 .text.ldexp    0xfff00ef6        0x4 D:\usr\github\clone\GR-SAKURA-MRUBY-CAR\gcctestb\gcctestb\gr_common\lib\libm.a(lib_a-sf_ldexp.o)
                0xfff00ef6                ldexp
 .text.log1pf   0xfff00efa      0x226 D:\usr\github\clone\GR-SAKURA-MRUBY-CAR\gcctestb\gcctestb\gr_common\lib\libm.a(lib_a-sf_log1p.o)
                0xfff00efa                log1pf
 .text.log1p    0xfff01120        0x4 D:\usr\github\clone\GR-SAKURA-MRUBY-CAR\gcctestb\gcctestb\gr_common\lib\libm.a(lib_a-sf_log1p.o)
                0xfff01120                log1p
 .text.scalbnf  0xfff01124       0xc0 D:\usr\github\clone\GR-SAKURA-MRUBY-CAR\gcctestb\gcctestb\gr_common\lib\libm.a(lib_a-sf_scalbn.o)
                0xfff01124                scalbnf
 .text.scalbn   0xfff011e4        0x4 D:\usr\github\clone\GR-SAKURA-MRUBY-CAR\gcctestb\gcctestb\gr_common\lib\libm.a(lib_a-sf_scalbn.o)
                0xfff011e4                scalbn
 .text.sinf     0xfff011e8       0x62 D:\usr\github\clone\GR-SAKURA-MRUBY-CAR\gcctestb\gcctestb\gr_common\lib\libm.a(lib_a-sf_sin.o)
                0xfff011e8                sinf
 .text.sin      0xfff0124a        0x4 D:\usr\github\clone\GR-SAKURA-MRUBY-CAR\gcctestb\gcctestb\gr_common\lib\libm.a(lib_a-sf_sin.o)
                0xfff0124a                sin
 .text.tanhf    0xfff0124e       0xbc D:\usr\github\clone\GR-SAKURA-MRUBY-CAR\gcctestb\gcctestb\gr_common\lib\libm.a(lib_a-sf_tanh.o)
                0xfff0124e                tanhf
 .text.tanh     0xfff0130a        0x4 D:\usr\github\clone\GR-SAKURA-MRUBY-CAR\gcctestb\gcctestb\gr_common\lib\libm.a(lib_a-sf_tanh.o)
                0xfff0130a                tanh
 .text.tanf     0xfff0130e       0x40 D:\usr\github\clone\GR-SAKURA-MRUBY-CAR\gcctestb\gcctestb\gr_common\lib\libm.a(lib_a-sf_tan.o)
                0xfff0130e                tanf
 .text.tan      0xfff0134e        0x4 D:\usr\github\clone\GR-SAKURA-MRUBY-CAR\gcctestb\gcctestb\gr_common\lib\libm.a(lib_a-sf_tan.o)
                0xfff0134e                tan
 .text.__signbitf
                0xfff01352        0x7 D:\usr\github\clone\GR-SAKURA-MRUBY-CAR\gcctestb\gcctestb\gr_common\lib\libm.a(lib_a-s_signbit.o)
                0xfff01352                __signbitf
 .text.__signbitd
                0xfff01359        0x3 D:\usr\github\clone\GR-SAKURA-MRUBY-CAR\gcctestb\gcctestb\gr_common\lib\libm.a(lib_a-s_signbit.o)
                0xfff01359                __signbitd
 .text.acoshf   0xfff0135c       0x76 D:\usr\github\clone\GR-SAKURA-MRUBY-CAR\gcctestb\gcctestb\gr_common\lib\libm.a(lib_a-wf_acosh.o)
                0xfff0135c                acoshf
 .text.acosh    0xfff013d2        0x4 D:\usr\github\clone\GR-SAKURA-MRUBY-CAR\gcctestb\gcctestb\gr_common\lib\libm.a(lib_a-wf_acosh.o)
                0xfff013d2                acosh
 .text.acosf    0xfff013d6       0x82 D:\usr\github\clone\GR-SAKURA-MRUBY-CAR\gcctestb\gcctestb\gr_common\lib\libm.a(lib_a-wf_acos.o)
                0xfff013d6                acosf
 .text.acos     0xfff01458        0x4 D:\usr\github\clone\GR-SAKURA-MRUBY-CAR\gcctestb\gcctestb\gr_common\lib\libm.a(lib_a-wf_acos.o)
                0xfff01458                acos
 .text.asinf    0xfff0145c       0x82 D:\usr\github\clone\GR-SAKURA-MRUBY-CAR\gcctestb\gcctestb\gr_common\lib\libm.a(lib_a-wf_asin.o)
                0xfff0145c                asinf
 .text.asin     0xfff014de        0x4 D:\usr\github\clone\GR-SAKURA-MRUBY-CAR\gcctestb\gcctestb\gr_common\lib\libm.a(lib_a-wf_asin.o)
                0xfff014de                asin
 .text.atan2f   0xfff014e2        0x4 D:\usr\github\clone\GR-SAKURA-MRUBY-CAR\gcctestb\gcctestb\gr_common\lib\libm.a(lib_a-wf_atan2.o)
                0xfff014e2                atan2f
 .text.atan2    0xfff014e6        0x4 D:\usr\github\clone\GR-SAKURA-MRUBY-CAR\gcctestb\gcctestb\gr_common\lib\libm.a(lib_a-wf_atan2.o)
                0xfff014e6                atan2
 .text.atanhf   0xfff014ea       0xa0 D:\usr\github\clone\GR-SAKURA-MRUBY-CAR\gcctestb\gcctestb\gr_common\lib\libm.a(lib_a-wf_atanh.o)
                0xfff014ea                atanhf
 .text.atanh    0xfff0158a        0x4 D:\usr\github\clone\GR-SAKURA-MRUBY-CAR\gcctestb\gcctestb\gr_common\lib\libm.a(lib_a-wf_atanh.o)
                0xfff0158a                atanh
 .text.coshf    0xfff0158e       0x8a D:\usr\github\clone\GR-SAKURA-MRUBY-CAR\gcctestb\gcctestb\gr_common\lib\libm.a(lib_a-wf_cosh.o)
                0xfff0158e                coshf
 .text.cosh     0xfff01618        0x4 D:\usr\github\clone\GR-SAKURA-MRUBY-CAR\gcctestb\gcctestb\gr_common\lib\libm.a(lib_a-wf_cosh.o)
                0xfff01618                cosh
 .text.expf     0xfff0161c       0xa6 D:\usr\github\clone\GR-SAKURA-MRUBY-CAR\gcctestb\gcctestb\gr_common\lib\libm.a(lib_a-wf_exp.o)
                0xfff0161c                expf
 .text.exp      0xfff016c2        0x4 D:\usr\github\clone\GR-SAKURA-MRUBY-CAR\gcctestb\gcctestb\gr_common\lib\libm.a(lib_a-wf_exp.o)
                0xfff016c2                exp
 .text.fmodf    0xfff016c6       0x8c D:\usr\github\clone\GR-SAKURA-MRUBY-CAR\gcctestb\gcctestb\gr_common\lib\libm.a(lib_a-wf_fmod.o)
                0xfff016c6                fmodf
 .text.fmod     0xfff01752        0x4 D:\usr\github\clone\GR-SAKURA-MRUBY-CAR\gcctestb\gcctestb\gr_common\lib\libm.a(lib_a-wf_fmod.o)
                0xfff01752                fmod
 .text.hypotf   0xfff01756       0x8e D:\usr\github\clone\GR-SAKURA-MRUBY-CAR\gcctestb\gcctestb\gr_common\lib\libm.a(lib_a-wf_hypot.o)
                0xfff01756                hypotf
 .text.hypot    0xfff017e4        0x4 D:\usr\github\clone\GR-SAKURA-MRUBY-CAR\gcctestb\gcctestb\gr_common\lib\libm.a(lib_a-wf_hypot.o)
                0xfff017e4                hypot
 .text.log10f   0xfff017e8       0xb4 D:\usr\github\clone\GR-SAKURA-MRUBY-CAR\gcctestb\gcctestb\gr_common\lib\libm.a(lib_a-wf_log10.o)
                0xfff017e8                log10f
 .text.log10    0xfff0189c        0x4 D:\usr\github\clone\GR-SAKURA-MRUBY-CAR\gcctestb\gcctestb\gr_common\lib\libm.a(lib_a-wf_log10.o)
                0xfff0189c                log10
 .text.logf     0xfff018a0       0xb4 D:\usr\github\clone\GR-SAKURA-MRUBY-CAR\gcctestb\gcctestb\gr_common\lib\libm.a(lib_a-wf_log.o)
                0xfff018a0                logf
 .text.log      0xfff01954        0x4 D:\usr\github\clone\GR-SAKURA-MRUBY-CAR\gcctestb\gcctestb\gr_common\lib\libm.a(lib_a-wf_log.o)
                0xfff01954                log
 .text.powf     0xfff01958      0x214 D:\usr\github\clone\GR-SAKURA-MRUBY-CAR\gcctestb\gcctestb\gr_common\lib\libm.a(lib_a-wf_pow.o)
                0xfff01958                powf
 .text.pow      0xfff01b6c        0x4 D:\usr\github\clone\GR-SAKURA-MRUBY-CAR\gcctestb\gcctestb\gr_common\lib\libm.a(lib_a-wf_pow.o)
                0xfff01b6c                pow
 .text.sinhf    0xfff01b70       0xa2 D:\usr\github\clone\GR-SAKURA-MRUBY-CAR\gcctestb\gcctestb\gr_common\lib\libm.a(lib_a-wf_sinh.o)
                0xfff01b70                sinhf
 .text.sinh     0xfff01c12        0x4 D:\usr\github\clone\GR-SAKURA-MRUBY-CAR\gcctestb\gcctestb\gr_common\lib\libm.a(lib_a-wf_sinh.o)
                0xfff01c12                sinh
 .text.sqrtf    0xfff01c16       0x7e D:\usr\github\clone\GR-SAKURA-MRUBY-CAR\gcctestb\gcctestb\gr_common\lib\libm.a(lib_a-wf_sqrt.o)
                0xfff01c16                sqrtf
 .text.sqrt     0xfff01c94        0x4 D:\usr\github\clone\GR-SAKURA-MRUBY-CAR\gcctestb\gcctestb\gr_common\lib\libm.a(lib_a-wf_sqrt.o)
                0xfff01c94                sqrt
 .text.__ieee754_acoshf
                0xfff01c98       0x96 D:\usr\github\clone\GR-SAKURA-MRUBY-CAR\gcctestb\gcctestb\gr_common\lib\libm.a(lib_a-ef_acosh.o)
                0xfff01c98                __ieee754_acoshf
 .text.__ieee754_acosf
                0xfff01d2e      0x22a D:\usr\github\clone\GR-SAKURA-MRUBY-CAR\gcctestb\gcctestb\gr_common\lib\libm.a(lib_a-ef_acos.o)
                0xfff01d2e                __ieee754_acosf
 .text.__ieee754_asinf
                0xfff01f58      0x1d4 D:\usr\github\clone\GR-SAKURA-MRUBY-CAR\gcctestb\gcctestb\gr_common\lib\libm.a(lib_a-ef_asin.o)
                0xfff01f58                __ieee754_asinf
 .text.__ieee754_atan2f
                0xfff0212c      0x14c D:\usr\github\clone\GR-SAKURA-MRUBY-CAR\gcctestb\gcctestb\gr_common\lib\libm.a(lib_a-ef_atan2.o)
                0xfff0212c                __ieee754_atan2f
 .text.__ieee754_atanhf
                0xfff02278       0x80 D:\usr\github\clone\GR-SAKURA-MRUBY-CAR\gcctestb\gcctestb\gr_common\lib\libm.a(lib_a-ef_atanh.o)
                0xfff02278                __ieee754_atanhf
 .text.__ieee754_coshf
                0xfff022f8       0xc8 D:\usr\github\clone\GR-SAKURA-MRUBY-CAR\gcctestb\gcctestb\gr_common\lib\libm.a(lib_a-ef_cosh.o)
                0xfff022f8                __ieee754_coshf
 .text.__ieee754_expf
                0xfff023c0      0x176 D:\usr\github\clone\GR-SAKURA-MRUBY-CAR\gcctestb\gcctestb\gr_common\lib\libm.a(lib_a-ef_exp.o)
                0xfff023c0                __ieee754_expf
 .text.__ieee754_fmodf
                0xfff02536      0x10e D:\usr\github\clone\GR-SAKURA-MRUBY-CAR\gcctestb\gcctestb\gr_common\lib\libm.a(lib_a-ef_fmod.o)
                0xfff02536                __ieee754_fmodf
 .text.__ieee754_hypotf
                0xfff02644      0x126 D:\usr\github\clone\GR-SAKURA-MRUBY-CAR\gcctestb\gcctestb\gr_common\lib\libm.a(lib_a-ef_hypot.o)
                0xfff02644                __ieee754_hypotf
 .text.__ieee754_log10f
                0xfff0276a       0x94 D:\usr\github\clone\GR-SAKURA-MRUBY-CAR\gcctestb\gcctestb\gr_common\lib\libm.a(lib_a-ef_log10.o)
                0xfff0276a                __ieee754_log10f
 .text.__ieee754_logf
                0xfff027fe      0x1e4 D:\usr\github\clone\GR-SAKURA-MRUBY-CAR\gcctestb\gcctestb\gr_common\lib\libm.a(lib_a-ef_log.o)
                0xfff027fe                __ieee754_logf
 .text.__ieee754_powf
                0xfff029e2      0x4e8 D:\usr\github\clone\GR-SAKURA-MRUBY-CAR\gcctestb\gcctestb\gr_common\lib\libm.a(lib_a-ef_pow.o)
                0xfff029e2                __ieee754_powf
 .text.__ieee754_rem_pio2f
                0xfff02eca      0x254 D:\usr\github\clone\GR-SAKURA-MRUBY-CAR\gcctestb\gcctestb\gr_common\lib\libm.a(lib_a-ef_rem_pio2.o)
                0xfff02eca                __ieee754_rem_pio2f
 .text.__ieee754_sinhf
                0xfff0311e       0xdc D:\usr\github\clone\GR-SAKURA-MRUBY-CAR\gcctestb\gcctestb\gr_common\lib\libm.a(lib_a-ef_sinh.o)
                0xfff0311e                __ieee754_sinhf
 .text.__ieee754_sqrtf
                0xfff031fa       0xa4 D:\usr\github\clone\GR-SAKURA-MRUBY-CAR\gcctestb\gcctestb\gr_common\lib\libm.a(lib_a-ef_sqrt.o)
                0xfff031fa                __ieee754_sqrtf
 .text.__kernel_cosf
                0xfff0329e       0xc0 D:\usr\github\clone\GR-SAKURA-MRUBY-CAR\gcctestb\gcctestb\gr_common\lib\libm.a(lib_a-kf_cos.o)
                0xfff0329e                __kernel_cosf
 .text.__kernel_rem_pio2f
                0xfff0335e      0x4ec D:\usr\github\clone\GR-SAKURA-MRUBY-CAR\gcctestb\gcctestb\gr_common\lib\libm.a(lib_a-kf_rem_pio2.o)
                0xfff0335e                __kernel_rem_pio2f
 .text.__kernel_sinf
                0xfff0384a       0x8a D:\usr\github\clone\GR-SAKURA-MRUBY-CAR\gcctestb\gcctestb\gr_common\lib\libm.a(lib_a-kf_sin.o)
                0xfff0384a                __kernel_sinf
 .text.__kernel_tanf
                0xfff038d4      0x18e D:\usr\github\clone\GR-SAKURA-MRUBY-CAR\gcctestb\gcctestb\gr_common\lib\libm.a(lib_a-kf_tan.o)
                0xfff038d4                __kernel_tanf
 .text.copysignf
                0xfff03a62        0xf D:\usr\github\clone\GR-SAKURA-MRUBY-CAR\gcctestb\gcctestb\gr_common\lib\libm.a(lib_a-sf_copysign.o)
                0xfff03a62                copysignf
 .text.copysign
                0xfff03a71        0x4 D:\usr\github\clone\GR-SAKURA-MRUBY-CAR\gcctestb\gcctestb\gr_common\lib\libm.a(lib_a-sf_copysign.o)
                0xfff03a71                copysign
 *fill*         0xfff03a75        0x1 00
 .text.expm1f   0xfff03a76      0x21c D:\usr\github\clone\GR-SAKURA-MRUBY-CAR\gcctestb\gcctestb\gr_common\lib\libm.a(lib_a-sf_expm1.o)
                0xfff03a76                expm1f
 .text.expm1    0xfff03c92        0x4 D:\usr\github\clone\GR-SAKURA-MRUBY-CAR\gcctestb\gcctestb\gr_common\lib\libm.a(lib_a-sf_expm1.o)
                0xfff03c92                expm1
 .text.finitef  0xfff03c96       0x10 D:\usr\github\clone\GR-SAKURA-MRUBY-CAR\gcctestb\gcctestb\gr_common\lib\libm.a(lib_a-sf_finite.o)
                0xfff03c96                finitef
 .text.finite   0xfff03ca6       0x10 D:\usr\github\clone\GR-SAKURA-MRUBY-CAR\gcctestb\gcctestb\gr_common\lib\libm.a(lib_a-sf_finite.o)
                0xfff03ca6                finite
 .text.nanf     0xfff03cb6        0x7 D:\usr\github\clone\GR-SAKURA-MRUBY-CAR\gcctestb\gcctestb\gr_common\lib\libm.a(lib_a-sf_nan.o)
                0xfff03cb6                nanf
 .text.nan      0xfff03cbd        0x7 D:\usr\github\clone\GR-SAKURA-MRUBY-CAR\gcctestb\gcctestb\gr_common\lib\libm.a(lib_a-sf_nan.o)
                0xfff03cbd                nan
 .text.rintf    0xfff03cc4       0xa2 D:\usr\github\clone\GR-SAKURA-MRUBY-CAR\gcctestb\gcctestb\gr_common\lib\libm.a(lib_a-sf_rint.o)
                0xfff03cc4                rintf
 .text.rint     0xfff03d66        0x4 D:\usr\github\clone\GR-SAKURA-MRUBY-CAR\gcctestb\gcctestb\gr_common\lib\libm.a(lib_a-sf_rint.o)
                0xfff03d66                rint
 .text.matherr  0xfff03d6a        0x3 D:\usr\github\clone\GR-SAKURA-MRUBY-CAR\gcctestb\gcctestb\gr_common\lib\libm.a(lib_a-s_matherr.o)
                0xfff03d6a                matherr
 .text.atoi     0xfff03d6d        0x8 D:\usr\github\clone\GR-SAKURA-MRUBY-CAR\gcctestb\gcctestb\gr_common\lib\libg.a(lib_a-atoi.o)
                0xfff03d6d                atoi
 .text._atoi_r  0xfff03d75        0x8 D:\usr\github\clone\GR-SAKURA-MRUBY-CAR\gcctestb\gcctestb\gr_common\lib\libg.a(lib_a-atoi.o)
                0xfff03d75                _atoi_r
 .text.__errno  0xfff03d7d        0x9 D:\usr\github\clone\GR-SAKURA-MRUBY-CAR\gcctestb\gcctestb\gr_common\lib\libg.a(lib_a-errno.o)
                0xfff03d7d                __errno
 .text.exit     0xfff03d86       0x20 D:\usr\github\clone\GR-SAKURA-MRUBY-CAR\gcctestb\gcctestb\gr_common\lib\libg.a(lib_a-exit.o)
                0xfff03d86                exit
 .text._fgetc_r
                0xfff03da6       0x36 D:\usr\github\clone\GR-SAKURA-MRUBY-CAR\gcctestb\gcctestb\gr_common\lib\libg.a(lib_a-fgetc.o)
                0xfff03da6                _fgetc_r
 .text.fgetc    0xfff03ddc        0xe D:\usr\github\clone\GR-SAKURA-MRUBY-CAR\gcctestb\gcctestb\gr_common\lib\libg.a(lib_a-fgetc.o)
                0xfff03ddc                fgetc
 .text.__fp_lock
                0xfff03dea        0x3 D:\usr\github\clone\GR-SAKURA-MRUBY-CAR\gcctestb\gcctestb\gr_common\lib\libg.a(lib_a-findfp.o)
 .text.__fp_unlock
                0xfff03ded        0x3 D:\usr\github\clone\GR-SAKURA-MRUBY-CAR\gcctestb\gcctestb\gr_common\lib\libg.a(lib_a-findfp.o)
 .text._cleanup_r
                0xfff03df0        0xa D:\usr\github\clone\GR-SAKURA-MRUBY-CAR\gcctestb\gcctestb\gr_common\lib\libg.a(lib_a-findfp.o)
                0xfff03df0                _cleanup_r
 .text.std.isra.0
                0xfff03dfa       0x49 D:\usr\github\clone\GR-SAKURA-MRUBY-CAR\gcctestb\gcctestb\gr_common\lib\libg.a(lib_a-findfp.o)
 *fill*         0xfff03e43        0x1 00
 .text.__sfmoreglue
                0xfff03e44       0x2e D:\usr\github\clone\GR-SAKURA-MRUBY-CAR\gcctestb\gcctestb\gr_common\lib\libg.a(lib_a-findfp.o)
                0xfff03e44                __sfmoreglue
 .text._cleanup
                0xfff03e72        0xc D:\usr\github\clone\GR-SAKURA-MRUBY-CAR\gcctestb\gcctestb\gr_common\lib\libg.a(lib_a-findfp.o)
                0xfff03e72                _cleanup
 .text.__sinit  0xfff03e7e       0x46 D:\usr\github\clone\GR-SAKURA-MRUBY-CAR\gcctestb\gcctestb\gr_common\lib\libg.a(lib_a-findfp.o)
                0xfff03e7e                __sinit
 .text.__sfp    0xfff03ec4       0x8e D:\usr\github\clone\GR-SAKURA-MRUBY-CAR\gcctestb\gcctestb\gr_common\lib\libg.a(lib_a-findfp.o)
                0xfff03ec4                __sfp
 .text.__sfp_lock_acquire
                0xfff03f52        0x1 D:\usr\github\clone\GR-SAKURA-MRUBY-CAR\gcctestb\gcctestb\gr_common\lib\libg.a(lib_a-findfp.o)
                0xfff03f52                __sfp_lock_acquire
 .text.__sfp_lock_release
                0xfff03f53        0x1 D:\usr\github\clone\GR-SAKURA-MRUBY-CAR\gcctestb\gcctestb\gr_common\lib\libg.a(lib_a-findfp.o)
                0xfff03f53                __sfp_lock_release
 .text.__sinit_lock_acquire
                0xfff03f54        0x1 D:\usr\github\clone\GR-SAKURA-MRUBY-CAR\gcctestb\gcctestb\gr_common\lib\libg.a(lib_a-findfp.o)
                0xfff03f54                __sinit_lock_acquire
 .text.__sinit_lock_release
                0xfff03f55        0x1 D:\usr\github\clone\GR-SAKURA-MRUBY-CAR\gcctestb\gcctestb\gr_common\lib\libg.a(lib_a-findfp.o)
                0xfff03f55                __sinit_lock_release
 .text.__fp_lock_all
                0xfff03f56       0x12 D:\usr\github\clone\GR-SAKURA-MRUBY-CAR\gcctestb\gcctestb\gr_common\lib\libg.a(lib_a-findfp.o)
                0xfff03f56                __fp_lock_all
 .text.__fp_unlock_all
                0xfff03f68       0x12 D:\usr\github\clone\GR-SAKURA-MRUBY-CAR\gcctestb\gcctestb\gr_common\lib\libg.a(lib_a-findfp.o)
                0xfff03f68                __fp_unlock_all
 .text._fprintf_r
                0xfff03f7a        0xf D:\usr\github\clone\GR-SAKURA-MRUBY-CAR\gcctestb\gcctestb\gr_common\lib\libg.a(lib_a-fprintf.o)
                0xfff03f7a                _fprintf_r
 .text.fprintf  0xfff03f89       0x19 D:\usr\github\clone\GR-SAKURA-MRUBY-CAR\gcctestb\gcctestb\gr_common\lib\libg.a(lib_a-fprintf.o)
                0xfff03f89                fprintf
 .text._fputc_r
                0xfff03fa2       0x26 D:\usr\github\clone\GR-SAKURA-MRUBY-CAR\gcctestb\gcctestb\gr_common\lib\libg.a(lib_a-fputc.o)
                0xfff03fa2                _fputc_r
 .text.fputc    0xfff03fc8       0x12 D:\usr\github\clone\GR-SAKURA-MRUBY-CAR\gcctestb\gcctestb\gr_common\lib\libg.a(lib_a-fputc.o)
                0xfff03fc8                fputc
 .text._fread_r
                0xfff03fda       0xa6 D:\usr\github\clone\GR-SAKURA-MRUBY-CAR\gcctestb\gcctestb\gr_common\lib\libg.a(lib_a-fread.o)
                0xfff03fda                _fread_r
 .text.fread    0xfff04080       0x1e D:\usr\github\clone\GR-SAKURA-MRUBY-CAR\gcctestb\gcctestb\gr_common\lib\libg.a(lib_a-fread.o)
                0xfff04080                fread
 .text._fwalk   0xfff0409e       0x44 D:\usr\github\clone\GR-SAKURA-MRUBY-CAR\gcctestb\gcctestb\gr_common\lib\libg.a(lib_a-fwalk.o)
                0xfff0409e                _fwalk
 .text._fwalk_reent
                0xfff040e2       0x48 D:\usr\github\clone\GR-SAKURA-MRUBY-CAR\gcctestb\gcctestb\gr_common\lib\libg.a(lib_a-fwalk.o)
                0xfff040e2                _fwalk_reent
 .text._fwrite_r
                0xfff0412a       0x64 D:\usr\github\clone\GR-SAKURA-MRUBY-CAR\gcctestb\gcctestb\gr_common\lib\libg.a(lib_a-fwrite.o)
                0xfff0412a                _fwrite_r
 .text.fwrite   0xfff0418e       0x1e D:\usr\github\clone\GR-SAKURA-MRUBY-CAR\gcctestb\gcctestb\gr_common\lib\libg.a(lib_a-fwrite.o)
                0xfff0418e                fwrite
 .text.malloc   0xfff041ac        0xe D:\usr\github\clone\GR-SAKURA-MRUBY-CAR\gcctestb\gcctestb\gr_common\lib\libg.a(lib_a-malloc.o)
                0xfff041ac                malloc
 .text.free     0xfff041ba        0xe D:\usr\github\clone\GR-SAKURA-MRUBY-CAR\gcctestb\gcctestb\gr_common\lib\libg.a(lib_a-malloc.o)
                0xfff041ba                free
 .text._malloc_r
                0xfff041c8      0x490 D:\usr\github\clone\GR-SAKURA-MRUBY-CAR\gcctestb\gcctestb\gr_common\lib\libg.a(lib_a-mallocr.o)
                0xfff041c8                _malloc_r
 .text.memcmp   0xfff04658       0x18 D:\usr\github\clone\GR-SAKURA-MRUBY-CAR\gcctestb\gcctestb\gr_common\lib\libg.a(lib_a-memcmp.o)
                0xfff04658                memcmp
 .text.__malloc_lock
                0xfff04670        0x1 D:\usr\github\clone\GR-SAKURA-MRUBY-CAR\gcctestb\gcctestb\gr_common\lib\libg.a(lib_a-mlock.o)
                0xfff04670                __malloc_lock
 .text.__malloc_unlock
                0xfff04671        0x1 D:\usr\github\clone\GR-SAKURA-MRUBY-CAR\gcctestb\gcctestb\gr_common\lib\libg.a(lib_a-mlock.o)
                0xfff04671                __malloc_unlock
 .text._printf_r
                0xfff04672       0x11 D:\usr\github\clone\GR-SAKURA-MRUBY-CAR\gcctestb\gcctestb\gr_common\lib\libg.a(lib_a-printf.o)
                0xfff04672                _printf_r
 .text.printf   0xfff04683       0x19 D:\usr\github\clone\GR-SAKURA-MRUBY-CAR\gcctestb\gcctestb\gr_common\lib\libg.a(lib_a-printf.o)
                0xfff04683                printf
 .text._putchar_r
                0xfff0469c        0x6 D:\usr\github\clone\GR-SAKURA-MRUBY-CAR\gcctestb\gcctestb\gr_common\lib\libg.a(lib_a-putchar.o)
                0xfff0469c                _putchar_r
 .text.putchar  0xfff046a2       0x10 D:\usr\github\clone\GR-SAKURA-MRUBY-CAR\gcctestb\gcctestb\gr_common\lib\libg.a(lib_a-putchar.o)
                0xfff046a2                putchar
 .text._putc_r  0xfff046b2       0x58 D:\usr\github\clone\GR-SAKURA-MRUBY-CAR\gcctestb\gcctestb\gr_common\lib\libg.a(lib_a-putc.o)
                0xfff046b2                _putc_r
 .text.putc     0xfff0470a       0x12 D:\usr\github\clone\GR-SAKURA-MRUBY-CAR\gcctestb\gcctestb\gr_common\lib\libg.a(lib_a-putc.o)
                0xfff0470a                putc
 .text._puts_r  0xfff0471c       0x66 D:\usr\github\clone\GR-SAKURA-MRUBY-CAR\gcctestb\gcctestb\gr_common\lib\libg.a(lib_a-puts.o)
                0xfff0471c                _puts_r
 .text.puts     0xfff04782        0xe D:\usr\github\clone\GR-SAKURA-MRUBY-CAR\gcctestb\gcctestb\gr_common\lib\libg.a(lib_a-puts.o)
                0xfff04782                puts
 .text.realloc  0xfff04790       0x12 D:\usr\github\clone\GR-SAKURA-MRUBY-CAR\gcctestb\gcctestb\gr_common\lib\libg.a(lib_a-realloc.o)
                0xfff04790                realloc
 .text._realloc_r
                0xfff047a2      0x378 D:\usr\github\clone\GR-SAKURA-MRUBY-CAR\gcctestb\gcctestb\gr_common\lib\libg.a(lib_a-reallocr.o)
                0xfff047a2                _realloc_r
 .text.lflush   0xfff04b1a        0xf D:\usr\github\clone\GR-SAKURA-MRUBY-CAR\gcctestb\gcctestb\gr_common\lib\libg.a(lib_a-refill.o)
 *fill*         0xfff04b29        0x1 00
 .text.__srefill_r
                0xfff04b2a      0x118 D:\usr\github\clone\GR-SAKURA-MRUBY-CAR\gcctestb\gcctestb\gr_common\lib\libg.a(lib_a-refill.o)
                0xfff04b2a                __srefill_r
 .text.__srget_r
                0xfff04c42       0x38 D:\usr\github\clone\GR-SAKURA-MRUBY-CAR\gcctestb\gcctestb\gr_common\lib\libg.a(lib_a-rget.o)
                0xfff04c42                __srget_r
 .text.__srget  0xfff04c7a        0xe D:\usr\github\clone\GR-SAKURA-MRUBY-CAR\gcctestb\gcctestb\gr_common\lib\libg.a(lib_a-rget.o)
                0xfff04c7a                __srget
 .text._sbrk_r  0xfff04c88       0x22 D:\usr\github\clone\GR-SAKURA-MRUBY-CAR\gcctestb\gcctestb\gr_common\lib\libg.a(lib_a-sbrkr.o)
                0xfff04c88                _sbrk_r
 .text._snprintf_r
                0xfff04caa       0x56 D:\usr\github\clone\GR-SAKURA-MRUBY-CAR\gcctestb\gcctestb\gr_common\lib\libg.a(lib_a-snprintf.o)
                0xfff04caa                _snprintf_r
 .text.snprintf
                0xfff04d00       0x5e D:\usr\github\clone\GR-SAKURA-MRUBY-CAR\gcctestb\gcctestb\gr_common\lib\libg.a(lib_a-snprintf.o)
                0xfff04d00                snprintf
 .text.__sread  0xfff04d5e       0x26 D:\usr\github\clone\GR-SAKURA-MRUBY-CAR\gcctestb\gcctestb\gr_common\lib\libg.a(lib_a-stdio.o)
                0xfff04d5e                __sread
 .text.__seofread
                0xfff04d84        0x3 D:\usr\github\clone\GR-SAKURA-MRUBY-CAR\gcctestb\gcctestb\gr_common\lib\libg.a(lib_a-stdio.o)
                0xfff04d84                __seofread
 *fill*         0xfff04d87        0x1 00
 .text.__swrite
                0xfff04d88       0x36 D:\usr\github\clone\GR-SAKURA-MRUBY-CAR\gcctestb\gcctestb\gr_common\lib\libg.a(lib_a-stdio.o)
                0xfff04d88                __swrite
 .text.__sseek  0xfff04dbe       0x28 D:\usr\github\clone\GR-SAKURA-MRUBY-CAR\gcctestb\gcctestb\gr_common\lib\libg.a(lib_a-stdio.o)
                0xfff04dbe                __sseek
 .text.__sclose
                0xfff04de6        0x6 D:\usr\github\clone\GR-SAKURA-MRUBY-CAR\gcctestb\gcctestb\gr_common\lib\libg.a(lib_a-stdio.o)
                0xfff04de6                __sclose
 .text.strchr   0xfff04dec       0x1a D:\usr\github\clone\GR-SAKURA-MRUBY-CAR\gcctestb\gcctestb\gr_common\lib\libg.a(lib_a-strchr.o)
                0xfff04dec                strchr
 .text.match    0xfff04e06       0x2c D:\usr\github\clone\GR-SAKURA-MRUBY-CAR\gcctestb\gcctestb\gr_common\lib\libg.a(lib_a-strtod.o)
 .text._strtod_r
                0xfff04e32      0x8a8 D:\usr\github\clone\GR-SAKURA-MRUBY-CAR\gcctestb\gcctestb\gr_common\lib\libg.a(lib_a-strtod.o)
                0xfff04e32                _strtod_r
 .text.strtod   0xfff056da       0x12 D:\usr\github\clone\GR-SAKURA-MRUBY-CAR\gcctestb\gcctestb\gr_common\lib\libg.a(lib_a-strtod.o)
                0xfff056da                strtod
 .text.strtof   0xfff056ec       0x28 D:\usr\github\clone\GR-SAKURA-MRUBY-CAR\gcctestb\gcctestb\gr_common\lib\libg.a(lib_a-strtod.o)
                0xfff056ec                strtof
 .text._strtol_r
                0xfff05714       0xf6 D:\usr\github\clone\GR-SAKURA-MRUBY-CAR\gcctestb\gcctestb\gr_common\lib\libg.a(lib_a-strtol.o)
                0xfff05714                _strtol_r
 .text.strtol   0xfff0580a       0x16 D:\usr\github\clone\GR-SAKURA-MRUBY-CAR\gcctestb\gcctestb\gr_common\lib\libg.a(lib_a-strtol.o)
                0xfff0580a                strtol
 .text._svfprintf_r
                0xfff05820      0xfee D:\usr\github\clone\GR-SAKURA-MRUBY-CAR\gcctestb\gcctestb\gr_common\lib\libg.a(lib_a-svfprintf.o)
                0xfff05820                _svfprintf_r
 .text._vfprintf_r
                0xfff0680e     0x1152 D:\usr\github\clone\GR-SAKURA-MRUBY-CAR\gcctestb\gcctestb\gr_common\lib\libg.a(lib_a-vfprintf.o)
                0xfff0680e                _vfprintf_r
 .text.vfprintf
                0xfff07960       0x16 D:\usr\github\clone\GR-SAKURA-MRUBY-CAR\gcctestb\gcctestb\gr_common\lib\libg.a(lib_a-vfprintf.o)
                0xfff07960                vfprintf
 .text._vsnprintf_r
                0xfff07976       0x50 D:\usr\github\clone\GR-SAKURA-MRUBY-CAR\gcctestb\gcctestb\gr_common\lib\libg.a(lib_a-vsnprintf.o)
                0xfff07976                _vsnprintf_r
 .text.vsnprintf
                0xfff079c6       0x1e D:\usr\github\clone\GR-SAKURA-MRUBY-CAR\gcctestb\gcctestb\gr_common\lib\libg.a(lib_a-vsnprintf.o)
                0xfff079c6                vsnprintf
 .text.__swbuf_r
                0xfff079e4       0xaa D:\usr\github\clone\GR-SAKURA-MRUBY-CAR\gcctestb\gcctestb\gr_common\lib\libg.a(lib_a-wbuf.o)
                0xfff079e4                __swbuf_r
 .text.__swbuf  0xfff07a8e       0x12 D:\usr\github\clone\GR-SAKURA-MRUBY-CAR\gcctestb\gcctestb\gr_common\lib\libg.a(lib_a-wbuf.o)
                0xfff07a8e                __swbuf
 .text._write_r
                0xfff07aa0       0x26 D:\usr\github\clone\GR-SAKURA-MRUBY-CAR\gcctestb\gcctestb\gr_common\lib\libg.a(lib_a-writer.o)
                0xfff07aa0                _write_r
 .text.__swsetup_r
                0xfff07ac6       0xce D:\usr\github\clone\GR-SAKURA-MRUBY-CAR\gcctestb\gcctestb\gr_common\lib\libg.a(lib_a-wsetup.o)
                0xfff07ac6                __swsetup_r
 .text.__call_exitprocs
                0xfff07b94       0xc2 D:\usr\github\clone\GR-SAKURA-MRUBY-CAR\gcctestb\gcctestb\gr_common\lib\libg.a(lib_a-__call_atexit.o)
                0xfff07b94                __call_exitprocs
 .text._close_r
                0xfff07c56       0x22 D:\usr\github\clone\GR-SAKURA-MRUBY-CAR\gcctestb\gcctestb\gr_common\lib\libg.a(lib_a-closer.o)
                0xfff07c56                _close_r
 .text.quorem   0xfff07c78      0x11a D:\usr\github\clone\GR-SAKURA-MRUBY-CAR\gcctestb\gcctestb\gr_common\lib\libg.a(lib_a-dtoa.o)
 .text._dtoa_r  0xfff07d92      0x98c D:\usr\github\clone\GR-SAKURA-MRUBY-CAR\gcctestb\gcctestb\gr_common\lib\libg.a(lib_a-dtoa.o)
                0xfff07d92                _dtoa_r
 .text._fclose_r
                0xfff0871e       0x8a D:\usr\github\clone\GR-SAKURA-MRUBY-CAR\gcctestb\gcctestb\gr_common\lib\libg.a(lib_a-fclose.o)
                0xfff0871e                _fclose_r
 .text.fclose   0xfff087a8        0xe D:\usr\github\clone\GR-SAKURA-MRUBY-CAR\gcctestb\gcctestb\gr_common\lib\libg.a(lib_a-fclose.o)
                0xfff087a8                fclose
 .text.__sflush_r
                0xfff087b6      0x142 D:\usr\github\clone\GR-SAKURA-MRUBY-CAR\gcctestb\gcctestb\gr_common\lib\libg.a(lib_a-fflush.o)
                0xfff087b6                __sflush_r
 .text._fflush_r
                0xfff088f8       0x2c D:\usr\github\clone\GR-SAKURA-MRUBY-CAR\gcctestb\gcctestb\gr_common\lib\libg.a(lib_a-fflush.o)
                0xfff088f8                _fflush_r
 .text.fflush   0xfff08924       0x23 D:\usr\github\clone\GR-SAKURA-MRUBY-CAR\gcctestb\gcctestb\gr_common\lib\libg.a(lib_a-fflush.o)
                0xfff08924                fflush
 *fill*         0xfff08947        0x1 00
 .text._malloc_trim_r
                0xfff08948       0xa4 D:\usr\github\clone\GR-SAKURA-MRUBY-CAR\gcctestb\gcctestb\gr_common\lib\libg.a(lib_a-freer.o)
                0xfff08948                _malloc_trim_r
 .text._free_r  0xfff089ec      0x19e D:\usr\github\clone\GR-SAKURA-MRUBY-CAR\gcctestb\gcctestb\gr_common\lib\libg.a(lib_a-freer.o)
                0xfff089ec                _free_r
 .text.__sfvwrite_r
                0xfff08b8a      0x296 D:\usr\github\clone\GR-SAKURA-MRUBY-CAR\gcctestb\gcctestb\gr_common\lib\libg.a(lib_a-fvwrite.o)
                0xfff08b8a                __sfvwrite_r
 .text.L_shift  0xfff08e20       0x24 D:\usr\github\clone\GR-SAKURA-MRUBY-CAR\gcctestb\gcctestb\gr_common\lib\libg.a(lib_a-gdtoa-hexnan.o)
 .text.__hexnan
                0xfff08e44      0x120 D:\usr\github\clone\GR-SAKURA-MRUBY-CAR\gcctestb\gcctestb\gr_common\lib\libg.a(lib_a-gdtoa-hexnan.o)
                0xfff08e44                __hexnan
 .text._setlocale_r
                0xfff08f64       0x4a D:\usr\github\clone\GR-SAKURA-MRUBY-CAR\gcctestb\gcctestb\gr_common\lib\libg.a(lib_a-locale.o)
                0xfff08f64                _setlocale_r
 .text.__locale_charset
                0xfff08fae        0x7 D:\usr\github\clone\GR-SAKURA-MRUBY-CAR\gcctestb\gcctestb\gr_common\lib\libg.a(lib_a-locale.o)
                0xfff08fae                __locale_charset
 .text.__locale_mb_cur_max
                0xfff08fb5        0x9 D:\usr\github\clone\GR-SAKURA-MRUBY-CAR\gcctestb\gcctestb\gr_common\lib\libg.a(lib_a-locale.o)
                0xfff08fb5                __locale_mb_cur_max
 .text.__locale_msgcharset
                0xfff08fbe        0x7 D:\usr\github\clone\GR-SAKURA-MRUBY-CAR\gcctestb\gcctestb\gr_common\lib\libg.a(lib_a-locale.o)
                0xfff08fbe                __locale_msgcharset
 .text.__locale_cjk_lang
                0xfff08fc5        0x3 D:\usr\github\clone\GR-SAKURA-MRUBY-CAR\gcctestb\gcctestb\gr_common\lib\libg.a(lib_a-locale.o)
                0xfff08fc5                __locale_cjk_lang
 .text._localeconv_r
                0xfff08fc8        0x7 D:\usr\github\clone\GR-SAKURA-MRUBY-CAR\gcctestb\gcctestb\gr_common\lib\libg.a(lib_a-locale.o)
                0xfff08fc8                _localeconv_r
 .text.setlocale
                0xfff08fcf       0x12 D:\usr\github\clone\GR-SAKURA-MRUBY-CAR\gcctestb\gcctestb\gr_common\lib\libg.a(lib_a-locale.o)
                0xfff08fcf                setlocale
 .text.localeconv
                0xfff08fe1        0x7 D:\usr\github\clone\GR-SAKURA-MRUBY-CAR\gcctestb\gcctestb\gr_common\lib\libg.a(lib_a-locale.o)
                0xfff08fe1                localeconv
 .text._lseek_r
                0xfff08fe8       0x26 D:\usr\github\clone\GR-SAKURA-MRUBY-CAR\gcctestb\gcctestb\gr_common\lib\libg.a(lib_a-lseekr.o)
                0xfff08fe8                _lseek_r
 .text.__smakebuf_r
                0xfff0900e       0xd6 D:\usr\github\clone\GR-SAKURA-MRUBY-CAR\gcctestb\gcctestb\gr_common\lib\libg.a(lib_a-makebuf.o)
                0xfff0900e                __smakebuf_r
 .text._Balloc  0xfff090e4       0x54 D:\usr\github\clone\GR-SAKURA-MRUBY-CAR\gcctestb\gcctestb\gr_common\lib\libg.a(lib_a-mprec.o)
                0xfff090e4                _Balloc
 .text._Bfree   0xfff09138       0x1a D:\usr\github\clone\GR-SAKURA-MRUBY-CAR\gcctestb\gcctestb\gr_common\lib\libg.a(lib_a-mprec.o)
                0xfff09138                _Bfree
 .text.__multadd
                0xfff09152       0x7c D:\usr\github\clone\GR-SAKURA-MRUBY-CAR\gcctestb\gcctestb\gr_common\lib\libg.a(lib_a-mprec.o)
                0xfff09152                __multadd
 .text.__s2b    0xfff091ce       0x80 D:\usr\github\clone\GR-SAKURA-MRUBY-CAR\gcctestb\gcctestb\gr_common\lib\libg.a(lib_a-mprec.o)
                0xfff091ce                __s2b
 .text.__hi0bits
                0xfff0924e       0x4a D:\usr\github\clone\GR-SAKURA-MRUBY-CAR\gcctestb\gcctestb\gr_common\lib\libg.a(lib_a-mprec.o)
                0xfff0924e                __hi0bits
 .text.__lo0bits
                0xfff09298       0x66 D:\usr\github\clone\GR-SAKURA-MRUBY-CAR\gcctestb\gcctestb\gr_common\lib\libg.a(lib_a-mprec.o)
                0xfff09298                __lo0bits
 .text.__i2b    0xfff092fe       0x12 D:\usr\github\clone\GR-SAKURA-MRUBY-CAR\gcctestb\gcctestb\gr_common\lib\libg.a(lib_a-mprec.o)
                0xfff092fe                __i2b
 .text.__multiply
                0xfff09310      0x11a D:\usr\github\clone\GR-SAKURA-MRUBY-CAR\gcctestb\gcctestb\gr_common\lib\libg.a(lib_a-mprec.o)
                0xfff09310                __multiply
 .text.__pow5mult
                0xfff0942a       0x88 D:\usr\github\clone\GR-SAKURA-MRUBY-CAR\gcctestb\gcctestb\gr_common\lib\libg.a(lib_a-mprec.o)
                0xfff0942a                __pow5mult
 .text.__lshift
                0xfff094b2       0x9e D:\usr\github\clone\GR-SAKURA-MRUBY-CAR\gcctestb\gcctestb\gr_common\lib\libg.a(lib_a-mprec.o)
                0xfff094b2                __lshift
 .text.__mcmp   0xfff09550       0x2c D:\usr\github\clone\GR-SAKURA-MRUBY-CAR\gcctestb\gcctestb\gr_common\lib\libg.a(lib_a-mprec.o)
                0xfff09550                __mcmp
 .text.__mdiff  0xfff0957c       0xd4 D:\usr\github\clone\GR-SAKURA-MRUBY-CAR\gcctestb\gcctestb\gr_common\lib\libg.a(lib_a-mprec.o)
                0xfff0957c                __mdiff
 .text.__ulp    0xfff09650       0x27 D:\usr\github\clone\GR-SAKURA-MRUBY-CAR\gcctestb\gcctestb\gr_common\lib\libg.a(lib_a-mprec.o)
                0xfff09650                __ulp
 *fill*         0xfff09677        0x1 00
 .text.__b2d    0xfff09678       0x6a D:\usr\github\clone\GR-SAKURA-MRUBY-CAR\gcctestb\gcctestb\gr_common\lib\libg.a(lib_a-mprec.o)
                0xfff09678                __b2d
 .text.__d2b    0xfff096e2       0x6a D:\usr\github\clone\GR-SAKURA-MRUBY-CAR\gcctestb\gcctestb\gr_common\lib\libg.a(lib_a-mprec.o)
                0xfff096e2                __d2b
 .text.__ratio  0xfff0974c       0x42 D:\usr\github\clone\GR-SAKURA-MRUBY-CAR\gcctestb\gcctestb\gr_common\lib\libg.a(lib_a-mprec.o)
                0xfff0974c                __ratio
 .text._mprec_log10
                0xfff0978e       0x24 D:\usr\github\clone\GR-SAKURA-MRUBY-CAR\gcctestb\gcctestb\gr_common\lib\libg.a(lib_a-mprec.o)
                0xfff0978e                _mprec_log10
 .text.__copybits
                0xfff097b2       0x32 D:\usr\github\clone\GR-SAKURA-MRUBY-CAR\gcctestb\gcctestb\gr_common\lib\libg.a(lib_a-mprec.o)
                0xfff097b2                __copybits
 .text.__any_on
                0xfff097e4       0x40 D:\usr\github\clone\GR-SAKURA-MRUBY-CAR\gcctestb\gcctestb\gr_common\lib\libg.a(lib_a-mprec.o)
                0xfff097e4                __any_on
 .text._read_r  0xfff09824       0x26 D:\usr\github\clone\GR-SAKURA-MRUBY-CAR\gcctestb\gcctestb\gr_common\lib\libg.a(lib_a-readr.o)
                0xfff09824                _read_r
 .text.cleanup_glue
                0xfff0984a       0x1a D:\usr\github\clone\GR-SAKURA-MRUBY-CAR\gcctestb\gcctestb\gr_common\lib\libg.a(lib_a-reent.o)
                0xfff0984a                cleanup_glue
 .text._reclaim_reent
                0xfff09864       0xa0 D:\usr\github\clone\GR-SAKURA-MRUBY-CAR\gcctestb\gcctestb\gr_common\lib\libg.a(lib_a-reent.o)
                0xfff09864                _reclaim_reent
 .text._wrapup_reent
                0xfff09904       0x40 D:\usr\github\clone\GR-SAKURA-MRUBY-CAR\gcctestb\gcctestb\gr_common\lib\libg.a(lib_a-reent.o)
                0xfff09904                _wrapup_reent
 .text.__ssprint_r
                0xfff09944       0xfe D:\usr\github\clone\GR-SAKURA-MRUBY-CAR\gcctestb\gcctestb\gr_common\lib\libg.a(lib_a-svfiprintf.o)
                0xfff09944                __ssprint_r
 .text._svfiprintf_r
                0xfff09a42      0x8da D:\usr\github\clone\GR-SAKURA-MRUBY-CAR\gcctestb\gcctestb\gr_common\lib\libg.a(lib_a-svfiprintf.o)
                0xfff09a42                _svfiprintf_r
 .text.__sprint_r
                0xfff0a31c       0x6c D:\usr\github\clone\GR-SAKURA-MRUBY-CAR\gcctestb\gcctestb\gr_common\lib\libg.a(lib_a-vfiprintf.o)
                0xfff0a31c                __sprint_r
 .text._vfiprintf_r
                0xfff0a388      0x9e0 D:\usr\github\clone\GR-SAKURA-MRUBY-CAR\gcctestb\gcctestb\gr_common\lib\libg.a(lib_a-vfiprintf.o)
                0xfff0a388                _vfiprintf_r
 .text.vfiprintf
                0xfff0ad68       0x16 D:\usr\github\clone\GR-SAKURA-MRUBY-CAR\gcctestb\gcctestb\gr_common\lib\libg.a(lib_a-vfiprintf.o)
                0xfff0ad68                vfiprintf
 .text._calloc_r
                0xfff0ad7e       0x66 D:\usr\github\clone\GR-SAKURA-MRUBY-CAR\gcctestb\gcctestb\gr_common\lib\libg.a(lib_a-callocr.o)
                0xfff0ad7e                _calloc_r
 .text._fputwc_r
                0xfff0ade4       0xc6 D:\usr\github\clone\GR-SAKURA-MRUBY-CAR\gcctestb\gcctestb\gr_common\lib\libg.a(lib_a-fputwc.o)
                0xfff0ade4                _fputwc_r
 .text.fputwc   0xfff0aeaa       0x28 D:\usr\github\clone\GR-SAKURA-MRUBY-CAR\gcctestb\gcctestb\gr_common\lib\libg.a(lib_a-fputwc.o)
                0xfff0aeaa                fputwc
 .text._fstat_r
                0xfff0aed2       0x24 D:\usr\github\clone\GR-SAKURA-MRUBY-CAR\gcctestb\gcctestb\gr_common\lib\libg.a(lib_a-fstatr.o)
                0xfff0aed2                _fstat_r
 .text.rshift   0xfff0aef6       0x70 D:\usr\github\clone\GR-SAKURA-MRUBY-CAR\gcctestb\gcctestb\gr_common\lib\libg.a(lib_a-gdtoa-gethex.o)
 .text.htinit.constprop.0
                0xfff0af66       0x1a D:\usr\github\clone\GR-SAKURA-MRUBY-CAR\gcctestb\gcctestb\gr_common\lib\libg.a(lib_a-gdtoa-gethex.o)
 .text.__hexdig_init
                0xfff0af80       0x2d D:\usr\github\clone\GR-SAKURA-MRUBY-CAR\gcctestb\gcctestb\gr_common\lib\libg.a(lib_a-gdtoa-gethex.o)
                0xfff0af80                __hexdig_init
 *fill*         0xfff0afad        0x1 00
 .text.__gethex
                0xfff0afae      0x47e D:\usr\github\clone\GR-SAKURA-MRUBY-CAR\gcctestb\gcctestb\gr_common\lib\libg.a(lib_a-gdtoa-gethex.o)
                0xfff0afae                __gethex
 .text._isatty_r
                0xfff0b42c       0x22 D:\usr\github\clone\GR-SAKURA-MRUBY-CAR\gcctestb\gcctestb\gr_common\lib\libg.a(lib_a-isattyr.o)
                0xfff0b42c                _isatty_r
 .text._wcrtomb_r
                0xfff0b44e       0x4c D:\usr\github\clone\GR-SAKURA-MRUBY-CAR\gcctestb\gcctestb\gr_common\lib\libg.a(lib_a-wcrtomb.o)
                0xfff0b44e                _wcrtomb_r
 .text.wcrtomb  0xfff0b49a       0x16 D:\usr\github\clone\GR-SAKURA-MRUBY-CAR\gcctestb\gcctestb\gr_common\lib\libg.a(lib_a-wcrtomb.o)
                0xfff0b49a                wcrtomb
 .text.__ascii_wctomb
                0xfff0b4b0       0x1c D:\usr\github\clone\GR-SAKURA-MRUBY-CAR\gcctestb\gcctestb\gr_common\lib\libg.a(lib_a-wctomb_r.o)
                0xfff0b4b0                __ascii_wctomb
 .text._wctomb_r
                0xfff0b4cc       0x29 D:\usr\github\clone\GR-SAKURA-MRUBY-CAR\gcctestb\gcctestb\gr_common\lib\libg.a(lib_a-wctomb_r.o)
                0xfff0b4cc                _wctomb_r
 *(P)
 P              0xfff0b4f5        0x0 D:\usr\github\clone\GR-SAKURA-MRUBY-CAR\gcctestb\gcctestb\SimDebug_RX600\vector_table.o
 *fill*         0xfff0b4f5        0x1 00
 P              0xfff0b4f6       0xb4 D:\usr\github\clone\GR-SAKURA-MRUBY-CAR\gcctestb\gcctestb\SimDebug_RX600\time_manage.o
                0xfff0b56d                get_tim
 P              0xfff0b5aa      0x2d0 D:\usr\github\clone\GR-SAKURA-MRUBY-CAR\gcctestb\gcctestb\SimDebug_RX600\time_event.o
                0xfff0b6af                _kernel_initialize_time_event
                0xfff0b6e7                _kernel_time_event_enqueue
                0xfff0b796                _kernel_time_event_dequeue
                0xfff0b7b5                _kernel_signal_time
 P              0xfff0b87a      0x16e D:\usr\github\clone\GR-SAKURA-MRUBY-CAR\gcctestb\gcctestb\SimDebug_RX600\task_manage.o
                0xfff0b8f1                act_tsk
                0xfff0b96d                iact_tsk
 P              0xfff0b9e8      0x34e D:\usr\github\clone\GR-SAKURA-MRUBY-CAR\gcctestb\gcctestb\SimDebug_RX600\task.o
                0xfff0ba5d                get_ipri_self
                0xfff0ba8d                get_ipri
                0xfff0bb8a                _kernel_search_schedtsk
                0xfff0bb9c                _kernel_test_dormant
                0xfff0bbbc                _kernel_initialize_task
                0xfff0bbe5                _kernel_make_active
                0xfff0bc1d                _kernel_run_task
                0xfff0bca6                _kernel_dispatcher
                0xfff0bcc8                _kernel_handler
 *fill*         0xfff0bd36        0x2 00
 P              0xfff0bd38       0xc0 D:\usr\github\clone\GR-SAKURA-MRUBY-CAR\gcctestb\gcctestb\SimDebug_RX600\target_support.o
                0xfff0bd38                hardware_init_hook
                0xfff0bdf4                software_init_hook
 P              0xfff0bdf8       0x25 D:\usr\github\clone\GR-SAKURA-MRUBY-CAR\gcctestb\gcctestb\SimDebug_RX600\startup.o
                0xfff0bdf8                sta_ker
 P              0xfff0be1d       0x2f D:\usr\github\clone\GR-SAKURA-MRUBY-CAR\gcctestb\gcctestb\SimDebug_RX600\sbrk.o
                0xfff0be1d                _sbrk
                0xfff0be1d                sbrk
 P              0xfff0be4c      0x352 D:\usr\github\clone\GR-SAKURA-MRUBY-CAR\gcctestb\gcctestb\SimDebug_RX600\rx63nsci0.o
                0xfff0be6f                CPU_UartInitialize
                0xfff0bf45                CPU_UartPutch
                0xfff0bf85                CPU_UartPuts
                0xfff0bfc9                CPU_UartGetch
                0xfff0c006                CPU_UartGetch_t
                0xfff0c07b                CPU_UartRead
                0xfff0c0ff                CPU_UartGets
                0xfff0c151                write
 P              0xfff0c19e        0x0 D:\usr\github\clone\GR-SAKURA-MRUBY-CAR\gcctestb\gcctestb\SimDebug_RX600\reset_program.o
 P              0xfff0c19e       0xb4 D:\usr\github\clone\GR-SAKURA-MRUBY-CAR\gcctestb\gcctestb\SimDebug_RX600\rbcall.o
                0xfff0c19e                mruby_call
 P              0xfff0c252        0x0 D:\usr\github\clone\GR-SAKURA-MRUBY-CAR\gcctestb\gcctestb\SimDebug_RX600\rb_main.o
 P              0xfff0c252      0x118 D:\usr\github\clone\GR-SAKURA-MRUBY-CAR\gcctestb\gcctestb\SimDebug_RX600\mrb_read.o
                0xfff0c252                read_mrb
                0xfff0c28a                mrb_read_ui
 *fill*         0xfff0c36a        0x2 00
 P              0xfff0c36c       0x34 D:\usr\github\clone\GR-SAKURA-MRUBY-CAR\gcctestb\gcctestb\SimDebug_RX600\lowlvl-E1.o
                0xfff0c36c                charput
                0xfff0c383                charget
                0xfff0c39a                open
                0xfff0c39a                isatty
                0xfff0c39a                lseek
                0xfff0c39a                read
                0xfff0c39a                close
                0xfff0c39a                fstat
 P              0xfff0c3a0       0x17 D:\usr\github\clone\GR-SAKURA-MRUBY-CAR\gcctestb\gcctestb\SimDebug_RX600\kernel_cfg.o
                0xfff0c3a0                _kernel_initialize_object
 P              0xfff0c3b7      0x628 D:\usr\github\clone\GR-SAKURA-MRUBY-CAR\gcctestb\gcctestb\SimDebug_RX600\interrupt_handlers.o
                0xfff0c3b7                Excep_SuperVisorInst
                0xfff0c3bf                Excep_UndefinedInst
                0xfff0c3c7                Excep_FloatingPoint
                0xfff0c3cf                NonMaskableInterrupt
                0xfff0c3d7                Dummy
                0xfff0c3df                Excep_BRK
                0xfff0c3e7                Excep_BUSERR
                0xfff0c3ef                Excep_FCUIF_FIFEERR
                0xfff0c3f7                Excep_FCUIF_FRDYI
                0xfff0c3ff                Excep_ICU_SWINT
                0xfff0c407                Excep_CMT0_CMI0
                0xfff0c42f                Excep_CMT1_CMI1
                0xfff0c437                Excep_CMT2_CMI2
                0xfff0c43f                Excep_CMT3_CMI3
                0xfff0c447                Excep_ETHER_EINT
                0xfff0c44f                Excep_USB0_D0FIFO0
                0xfff0c457                Excep_USB0_D1FIFO0
                0xfff0c45f                Excep_USB0_USBI0
                0xfff0c467                Excep_USB1_D0FIFO1
                0xfff0c46f                Excep_USB1_D1FIFO1
                0xfff0c477                Excep_USB1_USBI1
                0xfff0c47f                Excep_RSPI0_SPRI0
                0xfff0c487                Excep_RSPI0_SPTI0
                0xfff0c48f                Excep_RSPI0_SPII0
                0xfff0c497                Excep_RSPI1_SPRI1
                0xfff0c49f                Excep_RSPI1_SPTI1
                0xfff0c4a7                Excep_RSPI1_SPII1
                0xfff0c4af                Excep_RSPI2_SPRI2
                0xfff0c4b7                Excep_RSPI2_SPTI2
                0xfff0c4bf                Excep_RSPI2_SPII2
                0xfff0c4c7                Excep_CAN0_RXF0
                0xfff0c4cf                Excep_CAN0_TXF0
                0xfff0c4d7                Excep_CAN0_RXM0
                0xfff0c4df                Excep_CAN0_TXM0
                0xfff0c4e7                Excep_CAN1_RXF1
                0xfff0c4ef                Excep_CAN1_TXF1
                0xfff0c4f7                Excep_CAN1_RXM1
                0xfff0c4ff                Excep_CAN1_TXM1
                0xfff0c507                Excep_CAN2_RXF2
                0xfff0c50f                Excep_CAN2_TXF2
                0xfff0c517                Excep_CAN2_RXM2
                0xfff0c51f                Excep_CAN2_TXM2
                0xfff0c527                Excep_RTC_CUP
                0xfff0c52f                Excep_IRQ0
                0xfff0c537                Excep_IRQ1
                0xfff0c53f                Excep_IRQ2
                0xfff0c547                Excep_IRQ3
                0xfff0c54f                Excep_IRQ4
                0xfff0c557                Excep_IRQ5
                0xfff0c55f                Excep_IRQ6
                0xfff0c567                Excep_IRQ7
                0xfff0c56f                Excep_IRQ8
                0xfff0c577                Excep_IRQ9
                0xfff0c57f                Excep_IRQ10
                0xfff0c587                Excep_IRQ11
                0xfff0c58f                Excep_IRQ12
                0xfff0c597                Excep_IRQ13
                0xfff0c59f                Excep_IRQ14
                0xfff0c5a7                Excep_IRQ15
                0xfff0c5af                Excep_USB_USBR0
                0xfff0c5b7                Excep_USB_USBR1
                0xfff0c5bf                Excep_RTC_ALM
                0xfff0c5c7                Excep_RTC_SLEEP
                0xfff0c5cf                Excep_ADA0_ADI0
                0xfff0c5d7                Excep_S12AD0_S12ADI0
                0xfff0c5df                Excep_GROUP_E0
                0xfff0c5e7                Excep_GROUP_E1
                0xfff0c5ef                Excep_GROUP_E2
                0xfff0c5f7                Excep_GROUP_E3
                0xfff0c5ff                Excep_GROUP_E4
                0xfff0c607                Excep_GROUP_E5
                0xfff0c60f                Excep_GROUP_E6
                0xfff0c617                Excep_GROUP_L0
                0xfff0c61f                Excep_SCIX_SCIX0
                0xfff0c627                Excep_SCIX_SCIX1
                0xfff0c62f                Excep_SCIX_SCIX2
                0xfff0c637                Excep_SCIX_SCIX3
                0xfff0c63f                Excep_TPU0_TGIA0
                0xfff0c647                Excep_TPU0_TGIB0
                0xfff0c64f                Excep_TPU0_TGIC0
                0xfff0c657                Excep_TPU0_TGID0
                0xfff0c65f                Excep_TPU1_TGIA1
                0xfff0c667                Excep_TPU1_TGIB1
                0xfff0c66f                Excep_TPU2_TGIA2
                0xfff0c677                Excep_TPU2_TGIB2
                0xfff0c67f                Excep_TPU3_TGIA3
                0xfff0c687                Excep_TPU3_TGIB3
                0xfff0c68f                Excep_TPU3_TGIC3
                0xfff0c697                Excep_TPU3_TGID3
                0xfff0c69f                Excep_TPU4_TGIA4
                0xfff0c6a7                Excep_TPU4_TGIB4
                0xfff0c6af                Excep_TPU5_TGIA5
                0xfff0c6b7                Excep_TPU5_TGIB5
                0xfff0c6bf                Excep_TPU6_TGIA6
                0xfff0c6c7                Excep_TPU6_TGIB6
                0xfff0c6cf                Excep_TPU6_TGIC6
                0xfff0c6d7                Excep_TPU6_TGID6
                0xfff0c6df                Excep_TPU6_TGIE6
                0xfff0c6e7                Excep_TPU6_TGIF6
                0xfff0c6ef                Excep_TPU7_TGIA7
                0xfff0c6f7                Excep_TPU7_TGIB7
                0xfff0c6ff                Excep_TPU8_TGIA8
                0xfff0c707                Excep_TPU8_TGIB8
                0xfff0c70f                Excep_TPU9_TGIA9
                0xfff0c717                Excep_TPU9_TGIB9
                0xfff0c71f                Excep_TPU9_TGIC9
                0xfff0c727                Excep_TPU9_TGID9
                0xfff0c72f                Excep_TPU10_TGIA10
                0xfff0c737                Excep_TPU10_TGIB10
                0xfff0c73f                Excep_TPU10_TGIC10
                0xfff0c747                Excep_TPU10_TGID10
                0xfff0c74f                Excep_TPU10_TGIV10
                0xfff0c757                Excep_MTU5_TGIU5
                0xfff0c75f                Excep_MTU5_TGIV5
                0xfff0c767                Excep_MTU5_TGIW5
                0xfff0c76f                Excep_TPU11_TGIA11
                0xfff0c777                Excep_TPU11_TGIB11
                0xfff0c77f                Excep_POE2_OEI1
                0xfff0c787                Excep_POE2_OEI2
                0xfff0c78f                Excep_TMR0_CMIA0
                0xfff0c797                Excep_TMR0_CMIB0
                0xfff0c79f                Excep_TMR0_OVI0
                0xfff0c7a7                Excep_TMR1_CMIA1
                0xfff0c7af                Excep_TMR1_CMIB1
                0xfff0c7b7                Excep_TMR1_OVI1
                0xfff0c7bf                Excep_TMR2_CMIA2
                0xfff0c7c7                Excep_TMR2_CMIB2
                0xfff0c7cf                Excep_TMR2_OVI2
                0xfff0c7d7                Excep_TMR3_CMIA3
                0xfff0c7df                Excep_TMR3_CMIB3
                0xfff0c7e7                Excep_TMR3_OVI3
                0xfff0c7ef                Excep_RIIC0_EEI0
                0xfff0c7f7                Excep_RIIC0_RXI0
                0xfff0c7ff                Excep_RIIC0_TXI0
                0xfff0c807                Excep_RIIC0_TEI0
                0xfff0c80f                Excep_RIIC1_EEI0
                0xfff0c817                Excep_RIIC1_RXI0
                0xfff0c81f                Excep_RIIC1_TXI0
                0xfff0c827                Excep_RIIC1_TEI0
                0xfff0c82f                Excep_RIIC2_EEI0
                0xfff0c837                Excep_RIIC2_RXI0
                0xfff0c83f                Excep_RIIC2_TXI0
                0xfff0c847                Excep_RIIC2_TEI0
                0xfff0c84f                Excep_RIIC3_EEI0
                0xfff0c857                Excep_RIIC3_RXI0
                0xfff0c85f                Excep_RIIC3_TXI0
                0xfff0c867                Excep_RIIC3_TEI0
                0xfff0c86f                Excep_DMACA_DMAC0
                0xfff0c877                Excep_DMACA_DMAC1
                0xfff0c87f                Excep_DMACA_DMAC2
                0xfff0c887                Excep_DMACA_DMAC3
                0xfff0c88f                Excep_EXDMAC_DMAC0
                0xfff0c897                Excep_EXDMAC_DMAC1
                0xfff0c89f                Excep_SCI0_RXI0
                0xfff0c8a7                Excep_SCI0_TXI0
                0xfff0c8af                Excep_SCI0_TEI0
                0xfff0c8b7                Excep_SCI1_RXI1
                0xfff0c8bf                Excep_SCI1_TXI1
                0xfff0c8c7                Excep_SCI1_TEI1
                0xfff0c8cf                Excep_SCI2_RXI2
                0xfff0c8d7                Excep_SCI2_TXI2
                0xfff0c8df                Excep_SCI2_TEI2
                0xfff0c8e7                Excep_SCI3_RXI3
                0xfff0c8ef                Excep_SCI3_TXI3
                0xfff0c8f7                Excep_SCI3_TEI3
                0xfff0c8ff                Excep_SCI4_RXI4
                0xfff0c907                Excep_SCI4_TXI4
                0xfff0c90f                Excep_SCI4_TEI4
                0xfff0c917                Excep_SCI5_RXI5
                0xfff0c91f                Excep_SCI5_TXI5
                0xfff0c927                Excep_SCI5_TEI5
                0xfff0c92f                Excep_SCI6_RXI6
                0xfff0c937                Excep_SCI6_TXI6
                0xfff0c93f                Excep_SCI6_TEI6
                0xfff0c947                Excep_SCI7_RXI7
                0xfff0c94f                Excep_SCI7_TXI7
                0xfff0c957                Excep_SCI7_TEI7
                0xfff0c95f                Excep_SCI8_RXI8
                0xfff0c967                Excep_SCI8_TXI8
                0xfff0c96f                Excep_SCI8_TEI8
                0xfff0c977                Excep_SCI9_RXI9
                0xfff0c97f                Excep_SCI9_TXI9
                0xfff0c987                Excep_SCI9_TEI9
                0xfff0c98f                Excep_SCI10_RXI10
                0xfff0c997                Excep_SCI10_TXI10
                0xfff0c99f                Excep_SCI10_TEI10
                0xfff0c9a7                Excep_SCI11_RXI11
                0xfff0c9af                Excep_SCI11_TXI11
                0xfff0c9b7                Excep_SCI11_TEI11
                0xfff0c9bf                Excep_SCI12_RXI12
                0xfff0c9c7                Excep_SCI12_TXI12
                0xfff0c9cf                Excep_SCI12_TEI12
                0xfff0c9d7                Excep_IEBUS_IEBINT
 P              0xfff0c9df       0x59 D:\usr\github\clone\GR-SAKURA-MRUBY-CAR\gcctestb\gcctestb\SimDebug_RX600\hardware_setup.o
                0xfff0c9df                HardwareSetup
 P              0xfff0ca38       0x6a D:\usr\github\clone\GR-SAKURA-MRUBY-CAR\gcctestb\gcctestb\SimDebug_RX600\gcctestb.o
                0xfff0ca38                main
                0xfff0ca8b                task2
                0xfff0ca97                CMI0
 P              0xfff0caa2      0x39a D:\usr\github\clone\GR-SAKURA-MRUBY-CAR\gcctestb\gcctestb\SimDebug_RX600\cyclic.o
                0xfff0cb19                _kernel_initialize_cyclic
                0xfff0cbb0                sta_cyc
                0xfff0cc8d                stp_cyc
                0xfff0cd29                istp_cyc
                0xfff0cdc5                _kernel_call_cychdr
 P              0xfff0ce3c        0x0 D:\usr\github\clone\GR-SAKURA-MRUBY-CAR\gcctestb\gcctestb\SimDebug_RX600\crt0.o
 P              0xfff0ce3c      0x3b0 D:\usr\github\clone\GR-SAKURA-MRUBY-CAR\gcctestb\gcctestb\SimDebug_RX600\alarm.o
                0xfff0ceb3                _kernel_initialize_alarm
                0xfff0cec7                sta_alm
                0xfff0cf91                ista_alm
                0xfff0d05b                stp_alm
                0xfff0d0f9                istp_alm
                0xfff0d197                _kernel_call_almhdr
 P              0xfff0d1ec      0xb38 D:\usr\github\clone\GR-SAKURA-MRUBY-CAR\gcctestb\gcctestb\gr_mruby\mruby-1.1.0\build\grsakura\lib\libmruby.a(load.o)
                0xfff0d93d                read_irep
                0xfff0dbcf                mrb_read_irep
                0xfff0dbd5                mrb_load_irep_cxt
                0xfff0dc20                mrb_load_irep
                0xfff0dc27                mrb_read_irep_file
                0xfff0dcbd                mrb_load_irep_file_cxt
                0xfff0dd1d                mrb_load_irep_file
 P              0xfff0dd24      0x504 D:\usr\github\clone\GR-SAKURA-MRUBY-CAR\gcctestb\gcctestb\gr_mruby\mruby-1.1.0\build\grsakura\lib\libmruby.a(proc.o)
                0xfff0df3d                mrb_proc_new
                0xfff0df9a                mrb_closure_new
                0xfff0dfd5                mrb_proc_new_cfunc
                0xfff0dff2                mrb_proc_new_cfunc_with_env
                0xfff0e05f                mrb_closure_new_cfunc
                0xfff0e065                mrb_proc_cfunc_env_get
                0xfff0e0f7                mrb_proc_copy
                0xfff0e12b                mrb_proc_cfunc_p
                0xfff0e132                mrb_proc_call_cfunc
                0xfff0e13c                mrb_proc_iseq
                0xfff0e143                mrb_init_proc
 P              0xfff0e228      0x3d4 D:\usr\github\clone\GR-SAKURA-MRUBY-CAR\gcctestb\gcctestb\gr_mruby\mruby-1.1.0\build\grsakura\lib\libmruby.a(state.o)
                0xfff0e235                mrb_default_allocf
                0xfff0e250                mrb_open_core
                0xfff0e2b5                mrb_alloca
                0xfff0e2cc                mrb_open_allocf
                0xfff0e2e9                mrb_open
                0xfff0e2f5                mrb_irep_incref
                0xfff0e2fe                mrb_irep_free
                0xfff0e3c8                mrb_irep_decref
                0xfff0e3d7                mrb_str_pool
                0xfff0e4a0                mrb_free_context
                0xfff0e4d3                mrb_close
                0xfff0e54c                mrb_add_irep
                0xfff0e563                mrb_top_self
                0xfff0e5bb                mrb_state_atexit
 P              0xfff0e5fc     0x3418 D:\usr\github\clone\GR-SAKURA-MRUBY-CAR\gcctestb\gcctestb\gr_mruby\mruby-1.1.0\build\grsakura\lib\libmruby.a(string.o)
                0xfff0e90f                mrb_str_intern
                0xfff0edb1                mrb_str_strlen
                0xfff0ee17                mrb_str_modify
                0xfff0f4c5                mrb_str_resize
                0xfff0f590                mrb_str_buf_new
                0xfff0f5fc                mrb_str_new
                0xfff0f602                mrb_str_new_cstr
                0xfff0f62e                mrb_str_new_static
                0xfff0f678                mrb_gc_free_str
                0xfff0f6c3                mrb_str_to_cstr
                0xfff0f76b                mrb_str_plus
                0xfff0f8aa                mrb_str_cmp
                0xfff0fa6a                mrb_str_equal
                0xfff0fb29                mrb_str_to_str
                0xfff0fbf3                mrb_str_concat
                0xfff0fd4f                mrb_string_value_ptr
                0xfff0fd61                mrb_noregexp
                0xfff10231                mrb_regexp_check
                0xfff1024f                mrb_str_dup
                0xfff103b7                mrb_str_substr
                0xfff1058b                mrb_str_hash
                0xfff105cf                mrb_obj_as_string
                0xfff10606                mrb_ptr_to_str
                0xfff10694                mrb_string_type
                0xfff106ac                mrb_check_string_type
                0xfff109d0                mrb_cstr_to_inum
                0xfff10d24                mrb_string_value_cstr
                0xfff10d6e                mrb_str_to_inum
                0xfff10e5f                mrb_cstr_to_dbl
                0xfff11048                mrb_str_to_dbl
                0xfff110f1                mrb_str_dump
                0xfff1130f                mrb_str_cat
                0xfff114f7                mrb_str_inspect
                0xfff1161a                mrb_str_cat_cstr
                0xfff1163e                mrb_str_cat_str
                0xfff1166a                mrb_str_append
                0xfff11693                mrb_init_string
 P              0xfff11a14      0xb64 D:\usr\github\clone\GR-SAKURA-MRUBY-CAR\gcctestb\gcctestb\gr_mruby\mruby-1.1.0\build\grsakura\lib\libmruby.a(symbol.o)
                0xfff11ca7                kh_alloc_n2s
                0xfff11ce3                kh_init_n2s_size
                0xfff11d35                kh_init_n2s
                0xfff11d3b                kh_destroy_n2s
                0xfff11d58                kh_clear_n2s
                0xfff11d83                kh_get_n2s
                0xfff11e4a                kh_put_n2s
                0xfff120d9                kh_resize_n2s
                0xfff12170                kh_del_n2s
                0xfff12191                kh_copy_n2s
                0xfff121f1                mrb_intern
                0xfff121f6                mrb_intern_static
                0xfff121fb                mrb_intern_cstr
                0xfff12217                mrb_intern_str
                0xfff12238                mrb_check_intern
                0xfff12270                mrb_check_intern_cstr
                0xfff1228b                mrb_check_intern_str
                0xfff122ae                mrb_sym2name_len
                0xfff123f5                mrb_free_symtbl
                0xfff1244b                mrb_init_symtbl
                0xfff12459                mrb_sym2str
                0xfff1247c                mrb_sym2name
                0xfff124d5                mrb_init_symbol
 P              0xfff12578     0x10bc D:\usr\github\clone\GR-SAKURA-MRUBY-CAR\gcctestb\gcctestb\gr_mruby\mruby-1.1.0\build\grsakura\lib\libmruby.a(variable.o)
                0xfff12845                kh_alloc_iv
                0xfff12887                kh_init_iv_size
                0xfff128d9                kh_init_iv
                0xfff128df                kh_destroy_iv
                0xfff128fc                kh_clear_iv
                0xfff12927                kh_get_iv
                0xfff12b28                kh_put_iv
                0xfff12c68                kh_resize_iv
                0xfff12d10                kh_del_iv
                0xfff12d31                kh_copy_iv
                0xfff12da9                mrb_gc_mark_gv
                0xfff12dbb                mrb_gc_free_gv
                0xfff12dc5                mrb_gc_mark_iv
                0xfff12dd7                mrb_gc_mark_iv_size
                0xfff12ddf                mrb_gc_free_iv
                0xfff12de9                mrb_vm_special_get
                0xfff12dee                mrb_vm_special_set
                0xfff12def                mrb_obj_iv_get
                0xfff12e10                mrb_iv_get
                0xfff12e2d                mrb_obj_iv_set
                0xfff12e8d                mrb_obj_iv_ifnone
                0xfff12ee0                mrb_iv_set
                0xfff12f1c                mrb_obj_iv_defined
                0xfff12f2b                mrb_iv_defined
                0xfff12f47                mrb_iv_p
                0xfff12fae                mrb_iv_check
                0xfff12fdc                mrb_iv_copy
                0xfff13013                mrb_obj_iv_inspect
                0xfff130c6                mrb_iv_remove
                0xfff130f8                mrb_vm_iv_get
                0xfff1310a                mrb_vm_iv_set
                0xfff13125                mrb_obj_instance_variables
                0xfff13163                mrb_mod_class_variables
                0xfff131a3                mrb_mod_cv_get
                0xfff13203                mrb_cv_get
                0xfff1320a                mrb_mod_cv_set
                0xfff1329a                mrb_cv_set
                0xfff132a8                mrb_mod_cv_defined
                0xfff132ec                mrb_cv_defined
                0xfff132f2                mrb_vm_cv_get
                0xfff1330f                mrb_vm_cv_set
                0xfff1333f                mrb_const_get
                0xfff13358                mrb_vm_const_get
                0xfff133d8                mrb_const_set
                0xfff13404                mrb_vm_const_set
                0xfff13434                mrb_const_remove
                0xfff13455                mrb_define_const
                0xfff13480                mrb_define_global_const
                0xfff13494                mrb_mod_constants
                0xfff134fb                mrb_gv_get
                0xfff13522                mrb_gv_set
                0xfff13554                mrb_gv_remove
                0xfff13564                mrb_f_global_variables
                0xfff135ce                mrb_const_defined
                0xfff135d5                mrb_const_defined_at
                0xfff135dc                mrb_attr_get
                0xfff135e1                mrb_class_sym
 P              0xfff13634     0x36fc D:\usr\github\clone\GR-SAKURA-MRUBY-CAR\gcctestb\gcctestb\gr_mruby\mruby-1.1.0\build\grsakura\lib\libmruby.a(vm.o)
                0xfff13802                mrb_run
                0xfff138a1                mrb_context_run
                0xfff163ae                mrb_yield_with_class
                0xfff1652a                mrb_yield
                0xfff16551                mrb_yield_argv
                0xfff16620                mrb_obj_instance_eval
                0xfff166b2                mrb_mod_module_eval
                0xfff16709                mrb_funcall_with_block
                0xfff16ae0                mrb_f_send
                0xfff16c2b                mrb_funcall_argv
                0xfff16c4c                mrb_funcall
                0xfff16cc1                mrb_toplevel_run_keep
                0xfff16d26                mrb_toplevel_run
 P              0xfff16d30      0x280 D:\usr\github\clone\GR-SAKURA-MRUBY-CAR\gcctestb\gcctestb\gr_mruby\mruby-1.1.0\build\grsakura\lib\libmruby.a(ssp-thread.o)
                0xfff16e5a                mrb_ssp_thread_call
                0xfff16f50                mrb_mruby_ssp_thread_gem_init
                0xfff16fae                mrb_mruby_ssp_thread_gem_final
 P              0xfff16fb0      0x2c0 D:\usr\github\clone\GR-SAKURA-MRUBY-CAR\gcctestb\gcctestb\gr_mruby\mruby-1.1.0\build\grsakura\lib\libmruby.a(ssp-alarm.o)
                0xfff1712d                mrb_ssp_alarm_call
                0xfff171f6                mrb_mruby_ssp_alarm_gem_init
                0xfff1726d                mrb_mruby_ssp_alarm_gem_final
 P              0xfff17270      0x264 D:\usr\github\clone\GR-SAKURA-MRUBY-CAR\gcctestb\gcctestb\gr_mruby\mruby-1.1.0\build\grsakura\lib\libmruby.a(ssp-cyclic.o)
                0xfff17396                mrb_ssp_cyclic_call
                0xfff1745e                mrb_mruby_ssp_cyclic_gem_init
                0xfff174d1                mrb_mruby_ssp_cyclic_gem_final
 P              0xfff174d4       0x74 D:\usr\github\clone\GR-SAKURA-MRUBY-CAR\gcctestb\gcctestb\gr_mruby\mruby-1.1.0\build\grsakura\lib\libmruby.a(gem_init.o)
                0xfff17508                mrb_init_mrbgems
 P              0xfff17548     0x1694 D:\usr\github\clone\GR-SAKURA-MRUBY-CAR\gcctestb\gcctestb\gr_mruby\mruby-1.1.0\build\grsakura\lib\libmruby.a(array.o)
                0xfff17548                mrb_ary_pop
                0xfff17838                mrb_ary_shift
                0xfff17934                mrb_ary_new_capa
                0xfff17a03                mrb_ary_new
                0xfff17aa6                mrb_ary_new_from_values
                0xfff17c1e                mrb_assoc_new
                0xfff17c4a                mrb_ary_ref
                0xfff17d4f                mrb_ary_decref
                0xfff180a1                mrb_ary_concat
                0xfff180b1                mrb_ary_splice
                0xfff18248                mrb_ary_set
                0xfff183e8                mrb_ary_unshift
                0xfff184b6                mrb_ary_push
                0xfff186f9                mrb_ary_replace
                0xfff18789                mrb_ary_resize
                0xfff187d9                mrb_ary_modify
                0xfff187ec                mrb_ary_clear
                0xfff18831                mrb_ary_splat
                0xfff18889                mrb_check_array_type
                0xfff188a0                mrb_ary_entry
                0xfff188d0                mrb_ary_join
                0xfff18940                mrb_init_array
 P              0xfff18bdc     0x2ad0 D:\usr\github\clone\GR-SAKURA-MRUBY-CAR\gcctestb\gcctestb\gr_mruby\mruby-1.1.0\build\grsakura\lib\libmruby.a(class.o)
                0xfff18f03                kh_alloc_mt
                0xfff18f43                kh_init_mt_size
                0xfff18f95                kh_init_mt
                0xfff18fdc                kh_destroy_mt
                0xfff18ff9                kh_clear_mt
                0xfff19023                kh_get_mt
                0xfff19098                kh_put_mt
                0xfff191b6                kh_resize_mt
                0xfff19258                kh_del_mt
                0xfff19279                kh_copy_mt
                0xfff192e5                mrb_gc_mark_mt
                0xfff1933f                mrb_gc_mark_mt_size
                0xfff19347                mrb_gc_free_mt
                0xfff1934d                mrb_class_outer_module
                0xfff1936c                mrb_class_defined
                0xfff19398                mrb_class_get_under
                0xfff193af                mrb_class_get
                0xfff194e7                mrb_module_get_under
                0xfff194fe                mrb_module_get
                0xfff19506                mrb_define_method_raw
                0xfff1954b                mrb_define_method_id
                0xfff19580                mrb_define_method
                0xfff195a9                mrb_define_method_vm
                0xfff195ef                mrb_get_args
                0xfff1a2cb                mrb_instance_new
                0xfff1a3b5                mrb_include_module
                0xfff1a4af                mrb_singleton_class
                0xfff1a58e                mrb_define_singleton_method
                0xfff1a5c1                mrb_define_class_method
                0xfff1a5c9                mrb_define_module_function
                0xfff1a5f4                mrb_method_search_vm
                0xfff1a63a                mrb_method_search
                0xfff1a6ac                mrb_mod_module_function
                0xfff1a74b                mrb_obj_new
                0xfff1a782                mrb_obj_respond_to
                0xfff1a89e                mrb_respond_to
                0xfff1a9d2                mrb_class_path
                0xfff1ac36                mrb_class_real
                0xfff1ac4b                mrb_class_name
                0xfff1acb0                mrb_class_new
                0xfff1ae57                mrb_define_class_under
                0xfff1ae84                mrb_vm_define_class
                0xfff1af2c                mrb_define_class_id
                0xfff1af6f                mrb_define_class
                0xfff1af89                mrb_module_new
                0xfff1afde                mrb_define_module_under
                0xfff1b007                mrb_vm_define_module
                0xfff1b00d                mrb_define_module
                0xfff1b01f                mrb_define_module_id
                0xfff1b023                mrb_obj_class
                0xfff1b06e                mrb_obj_classname
                0xfff1b080                mrb_alias_method
                0xfff1b0d8                mrb_define_alias
                0xfff1b100                mrb_undef_method
                0xfff1b117                mrb_undef_class_method
                0xfff1b12f                mrb_init_class
 P              0xfff1b6ac     0x861c D:\usr\github\clone\GR-SAKURA-MRUBY-CAR\gcctestb\gcctestb\gr_mruby\mruby-1.1.0\build\grsakura\lib\libmruby.a(codegen.o)
                0xfff23c26                mrb_codedump_all
                0xfff23c2b                mrb_generate_code
 P              0xfff23cc8       0x38 D:\usr\github\clone\GR-SAKURA-MRUBY-CAR\gcctestb\gcctestb\gr_mruby\mruby-1.1.0\build\grsakura\lib\libmruby.a(crc.o)
                0xfff23cc8                calc_crc_16_ccitt
 P              0xfff23d00      0x310 D:\usr\github\clone\GR-SAKURA-MRUBY-CAR\gcctestb\gcctestb\gr_mruby\mruby-1.1.0\build\grsakura\lib\libmruby.a(debug.o)
                0xfff23d00                mrb_debug_get_filename
                0xfff23d73                mrb_debug_get_line
                0xfff23e3e                mrb_debug_info_alloc
                0xfff23e56                mrb_debug_info_append_file
                0xfff23fb6                mrb_debug_info_free
 P              0xfff24010      0xa68 D:\usr\github\clone\GR-SAKURA-MRUBY-CAR\gcctestb\gcctestb\gr_mruby\mruby-1.1.0\build\grsakura\lib\libmruby.a(error.o)
                0xfff24328                mrb_exc_new
                0xfff2434b                mrb_exc_new_str
                0xfff24372                mrb_exc_raise
                0xfff24490                mrb_raise
                0xfff244b4                mrb_vformat
                0xfff245cf                mrb_format
                0xfff245de                mrb_raisef
                0xfff2460a                mrb_name_error
                0xfff2464d                mrb_warn
                0xfff246ab                mrb_bug
                0xfff24704                mrb_make_exception
                0xfff24855                mrb_sys_fail
                0xfff248e0                mrb_no_method_error
                0xfff24949                mrb_init_exception
 P              0xfff24a78      0x26c D:\usr\github\clone\GR-SAKURA-MRUBY-CAR\gcctestb\gcctestb\gr_mruby\mruby-1.1.0\build\grsakura\lib\libmruby.a(etc.o)
                0xfff24a78                mrb_data_object_alloc
                0xfff24a91                mrb_data_check_type
                0xfff24b60                mrb_data_check_get_ptr
                0xfff24b70                mrb_data_get_ptr
                0xfff24b7d                mrb_obj_to_sym
                0xfff24be2                mrb_float_id
                0xfff24c0c                mrb_obj_id
                0xfff24c9f                mrb_regexp_p
 P              0xfff24ce4      0xf30 D:\usr\github\clone\GR-SAKURA-MRUBY-CAR\gcctestb\gcctestb\gr_mruby\mruby-1.1.0\build\grsakura\lib\libmruby.a(gc.o)
                0xfff256b8                mrb_free
                0xfff256c2                mrb_free_heap
                0xfff2570f                mrb_gc_mark
                0xfff2572f                mrb_incremental_gc
                0xfff257dc                mrb_full_gc
                0xfff25847                mrb_realloc_simple
                0xfff2587f                mrb_malloc_simple
                0xfff25887                mrb_realloc
                0xfff25903                mrb_gc_protect
                0xfff2590a                mrb_malloc
                0xfff25912                mrb_calloc
                0xfff259a1                mrb_obj_alloc
                0xfff25a2f                mrb_init_heap
                0xfff25a53                mrb_garbage_collect
                0xfff25a57                mrb_gc_arena_save
                0xfff25a5a                mrb_gc_arena_restore
                0xfff25a9a                mrb_field_write_barrier
                0xfff25ade                mrb_write_barrier
                0xfff25afb                mrb_objspace_each_objects
                0xfff25b33                mrb_init_gc
 P              0xfff25c14     0x1368 D:\usr\github\clone\GR-SAKURA-MRUBY-CAR\gcctestb\gcctestb\gr_mruby\mruby-1.1.0\build\grsakura\lib\libmruby.a(hash.o)
                0xfff25c14                mrb_hash_clear
                0xfff25c4f                mrb_hash_empty_p
                0xfff25d12                mrb_hash_keys
                0xfff25f02                kh_alloc_ht
                0xfff25f47                kh_init_ht_size
                0xfff25f99                kh_init_ht
                0xfff25f9f                kh_destroy_ht
                0xfff25fbc                kh_clear_ht
                0xfff25fe7                kh_get_ht
                0xfff261ec                kh_put_ht
                0xfff2656b                kh_resize_ht
                0xfff26629                kh_del_ht
                0xfff2664a                kh_copy_ht
                0xfff266d9                mrb_gc_mark_hash
                0xfff26751                mrb_gc_mark_hash_size
                0xfff2675b                mrb_gc_free_hash
                0xfff26765                mrb_hash_new_capa
                0xfff26796                mrb_hash_new
                0xfff2679d                mrb_hash_get
                0xfff26868                mrb_hash_fetch
                0xfff268a8                mrb_check_hash_type
                0xfff268bf                mrb_hash_tbl
                0xfff26a3c                mrb_hash_set
                0xfff26b6c                mrb_hash_delete_key
                0xfff26d3b                mrb_init_hash
 P              0xfff26f7c       0xd8 D:\usr\github\clone\GR-SAKURA-MRUBY-CAR\gcctestb\gcctestb\gr_mruby\mruby-1.1.0\build\grsakura\lib\libmruby.a(init.o)
                0xfff26f7c                mrb_init_core
 P              0xfff27054     0x14f4 D:\usr\github\clone\GR-SAKURA-MRUBY-CAR\gcctestb\gcctestb\gr_mruby\mruby-1.1.0\build\grsakura\lib\libmruby.a(kernel.o)
                0xfff27596                mrb_obj_hash
                0xfff276fe                mrb_f_raise
                0xfff2781b                mrb_obj_dup
                0xfff27904                mrb_obj_clone
                0xfff27961                mrb_obj_inspect
                0xfff279b6                mrb_obj_is_instance_of
                0xfff279ff                kh_alloc_st
                0xfff27a3b                kh_init_st_size
                0xfff27a8d                kh_init_st
                0xfff27a93                kh_destroy_st
                0xfff27ab0                kh_clear_st
                0xfff27adb                kh_get_st
                0xfff27b50                kh_put_st
                0xfff27e24                kh_resize_st
                0xfff27eb8                kh_del_st
                0xfff27ed9                kh_copy_st
                0xfff27f39                mrb_class_instance_method_list
                0xfff280f8                mrb_init_kernel
 P              0xfff28548     0x1384 D:\usr\github\clone\GR-SAKURA-MRUBY-CAR\gcctestb\gcctestb\gr_mruby\mruby-1.1.0\build\grsakura\lib\libmruby.a(numeric.o)
                0xfff28e49                mrb_to_flo
                0xfff29168                mrb_num_div
                0xfff29194                mrb_fixnum_mul
                0xfff29251                mrb_flo_to_fixnum
                0xfff292d6                mrb_fixnum_plus
                0xfff2935a                mrb_fixnum_minus
                0xfff293d6                mrb_fixnum_to_str
                0xfff294ba                mrb_init_numeric
 P              0xfff298cc      0x964 D:\usr\github\clone\GR-SAKURA-MRUBY-CAR\gcctestb\gcctestb\gr_mruby\mruby-1.1.0\build\grsakura\lib\libmruby.a(object.o)
                0xfff29997                mrb_obj_eq
                0xfff299db                mrb_obj_equal
                0xfff299e7                mrb_equal
                0xfff29a35                mrb_init_object
                0xfff29c07                mrb_check_type
                0xfff29d1b                mrb_any_to_s
                0xfff29d9e                mrb_obj_is_kind_of
                0xfff29e4a                mrb_inspect
                0xfff29ef7                mrb_check_convert_type
                0xfff29f38                mrb_convert_type
                0xfff29fae                mrb_Float
                0xfff2a01b                mrb_check_to_integer
                0xfff2a0e3                mrb_convert_to_integer
                0xfff2a1cf                mrb_Integer
                0xfff2a1d6                mrb_to_int
                0xfff2a1e0                mrb_eql
 P              0xfff2a230      0x16c D:\usr\github\clone\GR-SAKURA-MRUBY-CAR\gcctestb\gcctestb\gr_mruby\mruby-1.1.0\build\grsakura\lib\libmruby.a(pool.o)
                0xfff2a230                mrb_pool_open
                0xfff2a247                mrb_pool_close
                0xfff2a279                mrb_pool_alloc
                0xfff2a2f6                mrb_pool_can_realloc
                0xfff2a329                mrb_pool_realloc
 P              0xfff2a39c      0x1b8 D:\usr\github\clone\GR-SAKURA-MRUBY-CAR\gcctestb\gcctestb\gr_mruby\mruby-1.1.0\build\grsakura\lib\libmruby.a(print.o)
                0xfff2a3df                mrb_p
                0xfff2a43e                mrb_print_error
                0xfff2a4d8                mrb_show_version
                0xfff2a515                mrb_show_copyright
 P              0xfff2a554      0x8b8 D:\usr\github\clone\GR-SAKURA-MRUBY-CAR\gcctestb\gcctestb\gr_mruby\mruby-1.1.0\build\grsakura\lib\libmruby.a(range.o)
                0xfff2a554                mrb_range_beg
                0xfff2a55d                mrb_range_end
                0xfff2a567                mrb_range_excl
                0xfff2a571                mrb_range_include
                0xfff2a627                mrb_range_eq
                0xfff2aa97                mrb_range_initialize
                0xfff2aaed                mrb_range_new
                0xfff2ab50                mrb_range_beg_len
                0xfff2ab71                mrb_get_values_at
                0xfff2acae                mrb_init_range
 P              0xfff2ae0c       0xb0 D:\usr\github\clone\GR-SAKURA-MRUBY-CAR\gcctestb\gcctestb\gr_mruby\mruby-1.1.0\build\grsakura\lib\libmruby.a(version.o)
                0xfff2ae0c                mrb_init_version
 P              0xfff2aebc     0x8a7c D:\usr\github\clone\GR-SAKURA-MRUBY-CAR\gcctestb\gcctestb\gr_mruby\mruby-1.1.0\build\grsakura\lib\libmruby.a(y.tab.o)
                0xfff2d031                mrb_parser_new
                0xfff2d075                mrb_parser_free
                0xfff2d07b                mrbc_context_new
                0xfff2d084                mrbc_context_free
                0xfff2d09a                mrbc_filename
                0xfff2d0cf                mrbc_partial_hook
                0xfff2d0d4                mrb_parser_set_filename
                0xfff2d1ec                mrb_parser_get_filename
                0xfff2d207                mrb_parser_dump
                0xfff2e247                mrb_parser_parse
                0xfff33866                mrb_parse_nstring
                0xfff3388d                mrb_load_nstring_cxt
                0xfff338a4                mrb_load_string_cxt
                0xfff338c3                mrb_load_string
                0xfff338ca                mrb_load_nstring
                0xfff338d1                mrb_parse_string
                0xfff338f1                mrb_parse_file
                0xfff33915                mrb_load_file_cxt
                0xfff3392c                mrb_load_file
                0xfff33933                yydebug
 P              0xfff33938        0xc D:\usr\github\clone\GR-SAKURA-MRUBY-CAR\gcctestb\gcctestb\gr_mruby\mruby-1.1.0\build\grsakura\lib\libmruby.a(mrblib.o)
                0xfff33938                mrb_init_mrblib
 P              0xfff33944       0x20 D:\usr\github\clone\GR-SAKURA-MRUBY-CAR\gcctestb\gcctestb\gr_mruby\mruby-1.1.0\build\grsakura\lib\libmruby.a(gem_init.o)
                0xfff33944                GENERATED_TMP_mrb_mruby_math_gem_init
                0xfff3395e                GENERATED_TMP_mrb_mruby_math_gem_final
 P              0xfff33964       0x20 D:\usr\github\clone\GR-SAKURA-MRUBY-CAR\gcctestb\gcctestb\gr_mruby\mruby-1.1.0\build\grsakura\lib\libmruby.a(gem_init.o)
                0xfff33964                GENERATED_TMP_mrb_mruby_rx_getc_gem_init
                0xfff3397e                GENERATED_TMP_mrb_mruby_rx_getc_gem_final
 P              0xfff33984       0x20 D:\usr\github\clone\GR-SAKURA-MRUBY-CAR\gcctestb\gcctestb\gr_mruby\mruby-1.1.0\build\grsakura\lib\libmruby.a(gem_init.o)
                0xfff33984                GENERATED_TMP_mrb_mruby_ssp_thread_gem_init