Archive member included because of file (symbol)

D:\usr\GR-SAKURA\mruby\gcctestb\gcctestb\gr_mruby\mruby-1.1.0\build\grsakura\lib\libmruby.a(load.o)
                              D:\usr\GR-SAKURA\mruby\gcctestb\gcctestb\SimDebug_RX600\rbcall.o (mrb_read_irep)
D:\usr\GR-SAKURA\mruby\gcctestb\gcctestb\gr_mruby\mruby-1.1.0\build\grsakura\lib\libmruby.a(proc.o)
                              D:\usr\GR-SAKURA\mruby\gcctestb\gcctestb\SimDebug_RX600\rbcall.o (mrb_proc_new)
D:\usr\GR-SAKURA\mruby\gcctestb\gcctestb\gr_mruby\mruby-1.1.0\build\grsakura\lib\libmruby.a(state.o)
                              D:\usr\GR-SAKURA\mruby\gcctestb\gcctestb\SimDebug_RX600\rbcall.o (mrb_open)
D:\usr\GR-SAKURA\mruby\gcctestb\gcctestb\gr_mruby\mruby-1.1.0\build\grsakura\lib\libmruby.a(string.o)
                              D:\usr\GR-SAKURA\mruby\gcctestb\gcctestb\gr_mruby\mruby-1.1.0\build\grsakura\lib\libmruby.a(load.o) (mrb_str_new)
D:\usr\GR-SAKURA\mruby\gcctestb\gcctestb\gr_mruby\mruby-1.1.0\build\grsakura\lib\libmruby.a(symbol.o)
                              D:\usr\GR-SAKURA\mruby\gcctestb\gcctestb\gr_mruby\mruby-1.1.0\build\grsakura\lib\libmruby.a(load.o) (mrb_intern)
D:\usr\GR-SAKURA\mruby\gcctestb\gcctestb\gr_mruby\mruby-1.1.0\build\grsakura\lib\libmruby.a(variable.o)
                              D:\usr\GR-SAKURA\mruby\gcctestb\gcctestb\gr_mruby\mruby-1.1.0\build\grsakura\lib\libmruby.a(state.o) (mrb_gc_free_gv)
D:\usr\GR-SAKURA\mruby\gcctestb\gcctestb\gr_mruby\mruby-1.1.0\build\grsakura\lib\libmruby.a(vm.o)
                              D:\usr\GR-SAKURA\mruby\gcctestb\gcctestb\SimDebug_RX600\rbcall.o (mrb_run)
D:\usr\GR-SAKURA\mruby\gcctestb\gcctestb\gr_mruby\mruby-1.1.0\build\grsakura\lib\libmruby.a(ssp-thread.o)
                              D:\usr\GR-SAKURA\mruby\gcctestb\gcctestb\SimDebug_RX600\kernel_cfg.o (mrb_ssp_thread_call)
D:\usr\GR-SAKURA\mruby\gcctestb\gcctestb\gr_mruby\mruby-1.1.0\build\grsakura\lib\libmruby.a(ssp-alarm.o)
                              D:\usr\GR-SAKURA\mruby\gcctestb\gcctestb\SimDebug_RX600\kernel_cfg.o (mrb_ssp_alarm_call)
D:\usr\GR-SAKURA\mruby\gcctestb\gcctestb\gr_mruby\mruby-1.1.0\build\grsakura\lib\libmruby.a(ssp-cyclic.o)
                              D:\usr\GR-SAKURA\mruby\gcctestb\gcctestb\SimDebug_RX600\kernel_cfg.o (mrb_ssp_cyclic_call)
D:\usr\GR-SAKURA\mruby\gcctestb\gcctestb\gr_mruby\mruby-1.1.0\build\grsakura\lib\libmruby.a(gem_init.o)
                              D:\usr\GR-SAKURA\mruby\gcctestb\gcctestb\gr_mruby\mruby-1.1.0\build\grsakura\lib\libmruby.a(state.o) (mrb_init_mrbgems)
D:\usr\GR-SAKURA\mruby\gcctestb\gcctestb\gr_mruby\mruby-1.1.0\build\grsakura\lib\libmruby.a(array.o)
                              D:\usr\GR-SAKURA\mruby\gcctestb\gcctestb\gr_mruby\mruby-1.1.0\build\grsakura\lib\libmruby.a(string.o) (mrb_ary_pop)
D:\usr\GR-SAKURA\mruby\gcctestb\gcctestb\gr_mruby\mruby-1.1.0\build\grsakura\lib\libmruby.a(class.o)
                              D:\usr\GR-SAKURA\mruby\gcctestb\gcctestb\gr_mruby\mruby-1.1.0\build\grsakura\lib\libmruby.a(variable.o) (mrb_class_outer_module)
D:\usr\GR-SAKURA\mruby\gcctestb\gcctestb\gr_mruby\mruby-1.1.0\build\grsakura\lib\libmruby.a(codegen.o)
                              D:\usr\GR-SAKURA\mruby\gcctestb\gcctestb\gr_mruby\mruby-1.1.0\build\grsakura\lib\libmruby.a(load.o) (mrb_codedump_all)
D:\usr\GR-SAKURA\mruby\gcctestb\gcctestb\gr_mruby\mruby-1.1.0\build\grsakura\lib\libmruby.a(crc.o)
                              D:\usr\GR-SAKURA\mruby\gcctestb\gcctestb\gr_mruby\mruby-1.1.0\build\grsakura\lib\libmruby.a(load.o) (calc_crc_16_ccitt)
D:\usr\GR-SAKURA\mruby\gcctestb\gcctestb\gr_mruby\mruby-1.1.0\build\grsakura\lib\libmruby.a(debug.o)
                              D:\usr\GR-SAKURA\mruby\gcctestb\gcctestb\gr_mruby\mruby-1.1.0\build\grsakura\lib\libmruby.a(codegen.o) (mrb_debug_get_filename)
D:\usr\GR-SAKURA\mruby\gcctestb\gcctestb\gr_mruby\mruby-1.1.0\build\grsakura\lib\libmruby.a(error.o)
                              D:\usr\GR-SAKURA\mruby\gcctestb\gcctestb\gr_mruby\mruby-1.1.0\build\grsakura\lib\libmruby.a(load.o) (mrb_exc_new_str)
D:\usr\GR-SAKURA\mruby\gcctestb\gcctestb\gr_mruby\mruby-1.1.0\build\grsakura\lib\libmruby.a(etc.o)
                              D:\usr\GR-SAKURA\mruby\gcctestb\gcctestb\gr_mruby\mruby-1.1.0\build\grsakura\lib\libmruby.a(class.o) (mrb_data_get_ptr)
D:\usr\GR-SAKURA\mruby\gcctestb\gcctestb\gr_mruby\mruby-1.1.0\build\grsakura\lib\libmruby.a(gc.o)
                              D:\usr\GR-SAKURA\mruby\gcctestb\gcctestb\gr_mruby\mruby-1.1.0\build\grsakura\lib\libmruby.a(load.o) (mrb_free)
D:\usr\GR-SAKURA\mruby\gcctestb\gcctestb\gr_mruby\mruby-1.1.0\build\grsakura\lib\libmruby.a(hash.o)
                              D:\usr\GR-SAKURA\mruby\gcctestb\gcctestb\gr_mruby\mruby-1.1.0\build\grsakura\lib\libmruby.a(gc.o) (mrb_gc_mark_hash)
D:\usr\GR-SAKURA\mruby\gcctestb\gcctestb\gr_mruby\mruby-1.1.0\build\grsakura\lib\libmruby.a(init.o)
[...]
Memory Configuration

Name             Origin             Length             Attributes
*default*        0x00000000         0xffffffff

Linker script and memory map


.fvectors       0xffffff80       0x80
 *(.fvectors)
 .fvectors      0xffffff80       0x80 D:\usr\GR-SAKURA\mruby\gcctestb\gcctestb\SimDebug_RX600\vector_table.o
                0xffffff80                HardwareVectors

.text           0xfff00000    0x35348
 *(.text)
 .text          0xfff00000        0x0 D:\usr\GR-SAKURA\mruby\gcctestb\gcctestb\SimDebug_RX600\reset_program.o
 .text          0xfff00000       0xa6 D:\usr\GR-SAKURA\mruby\gcctestb\gcctestb\SimDebug_RX600\crt0.o
                0xfff00000                PowerON_Reset
                0xfff0005b                rx_run_preinit_array
                0xfff0006b                rx_run_init_array
                0xfff0007d                rx_run_fini_array
 .text          0xfff000a6        0xf D:\usr\GR-SAKURA\mruby\gcctestb\gcctestb\gr_common\lib\libg.a(lib_a-memchr.o)
                0xfff000a6                memchr
 .text          0xfff000b5        0x7 D:\usr\GR-SAKURA\mruby\gcctestb\gcctestb\gr_common\lib\libg.a(lib_a-memcpy.o)
                0xfff000b5                memcpy
 .text          0xfff000bc       0x17 D:\usr\GR-SAKURA\mruby\gcctestb\gcctestb\gr_common\lib\libg.a(lib_a-memmove.o)
                0xfff000bc                memmove
 .text          0xfff000d3        0x7 D:\usr\GR-SAKURA\mruby\gcctestb\gcctestb\gr_common\lib\libg.a(lib_a-memset.o)
                0xfff000d3                memset
 .text          0xfff000da       0x10 D:\usr\GR-SAKURA\mruby\gcctestb\gcctestb\gr_common\lib\libg.a(lib_a-strlen.o)
                0xfff000da                strlen
 .text          0xfff000ea        0xc D:\usr\GR-SAKURA\mruby\gcctestb\gcctestb\gr_common\lib\libg.a(lib_a-strncmp.o)
                0xfff000ea                strncmp
 .text          0xfff000f6       0x15 D:\usr\GR-SAKURA\mruby\gcctestb\gcctestb\gr_common\lib\libg.a(lib_a-strncpy.o)
                0xfff000f6                strncpy
 .text          0xfff0010b        0xf D:\usr\GR-SAKURA\mruby\gcctestb\gcctestb\gr_common\lib\libg.a(lib_a-strcmp.o)
                0xfff0010b                strcmp
 *(.text.*)
 .text.unlikely
                0xfff0011a       0x1c D:\usr\GR-SAKURA\mruby\gcctestb\gcctestb\gr_mruby\mruby-1.1.0\build\grsakura\lib\libmruby.a(symbol.o)
 .text.unlikely
                0xfff00136       0xaa D:\usr\GR-SAKURA\mruby\gcctestb\gcctestb\gr_mruby\mruby-1.1.0\build\grsakura\lib\libmruby.a(vm.o)
 .text.unlikely
                0xfff001e0       0x20 D:\usr\GR-SAKURA\mruby\gcctestb\gcctestb\gr_mruby\mruby-1.1.0\build\grsakura\lib\libmruby.a(codegen.o)
 .text.unlikely
                0xfff00200       0x2e D:\usr\GR-SAKURA\mruby\gcctestb\gcctestb\gr_mruby\mruby-1.1.0\build\grsakura\lib\libmruby.a(numeric.o)
 *fill*         0xfff0022e        0x2 00
 .text.unlikely
                0xfff00230       0x2c D:\usr\GR-SAKURA\mruby\gcctestb\gcctestb\gr_mruby\mruby-1.1.0\build\grsakura\lib\libmruby.a(object.o)
 .text.unlikely
                0xfff0025c       0x28 D:\usr\GR-SAKURA\mruby\gcctestb\gcctestb\gr_mruby\mruby-1.1.0\build\grsakura\lib\libmruby.a(y.tab.o)
 .text.unlikely
                0xfff00284       0x3c D:\usr\GR-SAKURA\mruby\gcctestb\gcctestb\gr_mruby\mruby-1.1.0\build\grsakura\lib\libmruby.a(math.o)
 .text.asinhf   0xfff002c0       0xd6 D:\usr\GR-SAKURA\mruby\gcctestb\gcctestb\gr_common\lib\libm.a(lib_a-sf_asinh.o)
                0xfff002c0                asinhf
 .text.asinh    0xfff00396        0x4 D:\usr\GR-SAKURA\mruby\gcctestb\gcctestb\gr_common\lib\libm.a(lib_a-sf_asinh.o)
                0xfff00396                asinh
 .text.atanf    0xfff0039a      0x190 D:\usr\GR-SAKURA\mruby\gcctestb\gcctestb\gr_common\lib\libm.a(lib_a-sf_atan.o)
                0xfff0039a                atanf
 .text.atan     0xfff0052a        0x4 D:\usr\GR-SAKURA\mruby\gcctestb\gcctestb\gr_common\lib\libm.a(lib_a-sf_atan.o)
                0xfff0052a                atan
 .text.cbrtf    0xfff0052e       0x82 D:\usr\GR-SAKURA\mruby\gcctestb\gcctestb\gr_common\lib\libm.a(lib_a-sf_cbrt.o)
                0xfff0052e                cbrtf
 .text.cbrt     0xfff005b0        0x4 D:\usr\GR-SAKURA\mruby\gcctestb\gcctestb\gr_common\lib\libm.a(lib_a-sf_cbrt.o)
                0xfff005b0                cbrt
 .text.ceilf    0xfff005b4       0x7c D:\usr\GR-SAKURA\mruby\gcctestb\gcctestb\gr_common\lib\libm.a(lib_a-sf_ceil.o)
                0xfff005b4                ceilf
 .text.ceil     0xfff00630        0x4 D:\usr\GR-SAKURA\mruby\gcctestb\gcctestb\gr_common\lib\libm.a(lib_a-sf_ceil.o)
                0xfff00630                ceil
 .text.cosf     0xfff00634       0x5c D:\usr\GR-SAKURA\mruby\gcctestb\gcctestb\gr_common\lib\libm.a(lib_a-sf_cos.o)
                0xfff00634                cosf
 .text.cos      0xfff00690        0x4 D:\usr\GR-SAKURA\mruby\gcctestb\gcctestb\gr_common\lib\libm.a(lib_a-sf_cos.o)
                0xfff00690                cos
 .text.erff     0xfff00694      0x362 D:\usr\GR-SAKURA\mruby\gcctestb\gcctestb\gr_common\lib\libm.a(lib_a-sf_erf.o)
                0xfff00694                erff
 .text.erfcf    0xfff009f6      0x37e D:\usr\GR-SAKURA\mruby\gcctestb\gcctestb\gr_common\lib\libm.a(lib_a-sf_erf.o)
                0xfff009f6                erfcf
 .text.erf      0xfff00d74        0x4 D:\usr\GR-SAKURA\mruby\gcctestb\gcctestb\gr_common\lib\libm.a(lib_a-sf_erf.o)
                0xfff00d74                erf
 .text.erfc     0xfff00d78        0x4 D:\usr\GR-SAKURA\mruby\gcctestb\gcctestb\gr_common\lib\libm.a(lib_a-sf_erf.o)
                0xfff00d78                erfc
 .text.fabsf    0xfff00d7c        0x7 D:\usr\GR-SAKURA\mruby\gcctestb\gcctestb\gr_common\lib\libm.a(lib_a-sf_fabs.o)
                0xfff00d7c                fabsf
 .text.fabs     0xfff00d83        0x7 D:\usr\GR-SAKURA\mruby\gcctestb\gcctestb\gr_common\lib\libm.a(lib_a-sf_fabs.o)
                0xfff00d83                fabs
 .text.floorf   0xfff00d8a       0x78 D:\usr\GR-SAKURA\mruby\gcctestb\gcctestb\gr_common\lib\libm.a(lib_a-sf_floor.o)
                0xfff00d8a                floorf
 .text.floor    0xfff00e02        0x4 D:\usr\GR-SAKURA\mruby\gcctestb\gcctestb\gr_common\lib\libm.a(lib_a-sf_floor.o)
                0xfff00e02                floor
 .text.__fpclassifyf
                0xfff00e06       0x5c D:\usr\GR-SAKURA\mruby\gcctestb\gcctestb\gr_common\lib\libm.a(lib_a-sf_fpclassify.o)
                0xfff00e06                __fpclassifyf
 .text.frexpf   0xfff00e62       0x4e D:\usr\GR-SAKURA\mruby\gcctestb\gcctestb\gr_common\lib\libm.a(lib_a-sf_frexp.o)
                0xfff00e62                frexpf
 .text.frexp    0xfff00eb0        0x4 D:\usr\GR-SAKURA\mruby\gcctestb\gcctestb\gr_common\lib\libm.a(lib_a-sf_frexp.o)
                0xfff00eb0                frexp
 .text.ldexpf   0xfff00eb4       0x42 D:\usr\GR-SAKURA\mruby\gcctestb\gcctestb\gr_common\lib\libm.a(lib_a-sf_ldexp.o)
                0xfff00eb4                ldexpf
 .text.ldexp    0xfff00ef6        0x4 D:\usr\GR-SAKURA\mruby\gcctestb\gcctestb\gr_common\lib\libm.a(lib_a-sf_ldexp.o)
                0xfff00ef6                ldexp
 .text.log1pf   0xfff00efa      0x226 D:\usr\GR-SAKURA\mruby\gcctestb\gcctestb\gr_common\lib\libm.a(lib_a-sf_log1p.o)
                0xfff00efa                log1pf
 .text.log1p    0xfff01120        0x4 D:\usr\GR-SAKURA\mruby\gcctestb\gcctestb\gr_common\lib\libm.a(lib_a-sf_log1p.o)
                0xfff01120                log1p
 .text.scalbnf  0xfff01124       0xc0 D:\usr\GR-SAKURA\mruby\gcctestb\gcctestb\gr_common\lib\libm.a(lib_a-sf_scalbn.o)
                0xfff01124                scalbnf
 .text.scalbn   0xfff011e4        0x4 D:\usr\GR-SAKURA\mruby\gcctestb\gcctestb\gr_common\lib\libm.a(lib_a-sf_scalbn.o)
                0xfff011e4                scalbn
 .text.sinf     0xfff011e8       0x62 D:\usr\GR-SAKURA\mruby\gcctestb\gcctestb\gr_common\lib\libm.a(lib_a-sf_sin.o)
                0xfff011e8                sinf
 .text.sin      0xfff0124a        0x4 D:\usr\GR-SAKURA\mruby\gcctestb\gcctestb\gr_common\lib\libm.a(lib_a-sf_sin.o)
                0xfff0124a                sin
 .text.tanhf    0xfff0124e       0xbc D:\usr\GR-SAKURA\mruby\gcctestb\gcctestb\gr_common\lib\libm.a(lib_a-sf_tanh.o)
                0xfff0124e                tanhf
 .text.tanh     0xfff0130a        0x4 D:\usr\GR-SAKURA\mruby\gcctestb\gcctestb\gr_common\lib\libm.a(lib_a-sf_tanh.o)
                0xfff0130a                tanh
 .text.tanf     0xfff0130e       0x40 D:\usr\GR-SAKURA\mruby\gcctestb\gcctestb\gr_common\lib\libm.a(lib_a-sf_tan.o)
                0xfff0130e                tanf
 .text.tan      0xfff0134e        0x4 D:\usr\GR-SAKURA\mruby\gcctestb\gcctestb\gr_common\lib\libm.a(lib_a-sf_tan.o)
                0xfff0134e                tan
 .text.__signbitf
                0xfff01352        0x7 D:\usr\GR-SAKURA\mruby\gcctestb\gcctestb\gr_common\lib\libm.a(lib_a-s_signbit.o)
                0xfff01352                __signbitf
 .text.__signbitd
                0xfff01359        0x3 D:\usr\GR-SAKURA\mruby\gcctestb\gcctestb\gr_common\lib\libm.a(lib_a-s_signbit.o)
                0xfff01359                __signbitd
 .text.acoshf   0xfff0135c       0x76 D:\usr\GR-SAKURA\mruby\gcctestb\gcctestb\gr_common\lib\libm.a(lib_a-wf_acosh.o)
                0xfff0135c                acoshf
 .text.acosh    0xfff013d2        0x4 D:\usr\GR-SAKURA\mruby\gcctestb\gcctestb\gr_common\lib\libm.a(lib_a-wf_acosh.o)
                0xfff013d2                acosh
 .text.acosf    0xfff013d6       0x82 D:\usr\GR-SAKURA\mruby\gcctestb\gcctestb\gr_common\lib\libm.a(lib_a-wf_acos.o)
                0xfff013d6                acosf
 .text.acos     0xfff01458        0x4 D:\usr\GR-SAKURA\mruby\gcctestb\gcctestb\gr_common\lib\libm.a(lib_a-wf_acos.o)
                0xfff01458                acos
 .text.asinf    0xfff0145c       0x82 D:\usr\GR-SAKURA\mruby\gcctestb\gcctestb\gr_common\lib\libm.a(lib_a-wf_asin.o)
                0xfff0145c                asinf
 .text.asin     0xfff014de        0x4 D:\usr\GR-SAKURA\mruby\gcctestb\gcctestb\gr_common\lib\libm.a(lib_a-wf_asin.o)
                0xfff014de                asin
 .text.atan2f   0xfff014e2        0x4 D:\usr\GR-SAKURA\mruby\gcctestb\gcctestb\gr_common\lib\libm.a(lib_a-wf_atan2.o)
                0xfff014e2                atan2f
 .text.atan2    0xfff014e6        0x4 D:\usr\GR-SAKURA\mruby\gcctestb\gcctestb\gr_common\lib\libm.a(lib_a-wf_atan2.o)
                0xfff014e6                atan2
 .text.atanhf   0xfff014ea       0xa0 D:\usr\GR-SAKURA\mruby\gcctestb\gcctestb\gr_common\lib\libm.a(lib_a-wf_atanh.o)
                0xfff014ea                atanhf
 .text.atanh    0xfff0158a        0x4 D:\usr\GR-SAKURA\mruby\gcctestb\gcctestb\gr_common\lib\libm.a(lib_a-wf_atanh.o)
                0xfff0158a                atanh
 .text.coshf    0xfff0158e       0x8a D:\usr\GR-SAKURA\mruby\gcctestb\gcctestb\gr_common\lib\libm.a(lib_a-wf_cosh.o)
                0xfff0158e                coshf
 .text.cosh     0xfff01618        0x4 D:\usr\GR-SAKURA\mruby\gcctestb\gcctestb\gr_common\lib\libm.a(lib_a-wf_cosh.o)
                0xfff01618                cosh
 .text.expf     0xfff0161c       0xa6 D:\usr\GR-SAKURA\mruby\gcctestb\gcctestb\gr_common\lib\libm.a(lib_a-wf_exp.o)
                0xfff0161c                expf
 .text.exp      0xfff016c2        0x4 D:\usr\GR-SAKURA\mruby\gcctestb\gcctestb\gr_common\lib\libm.a(lib_a-wf_exp.o)
                0xfff016c2                exp
 .text.fmodf    0xfff016c6       0x8c D:\usr\GR-SAKURA\mruby\gcctestb\gcctestb\gr_common\lib\libm.a(lib_a-wf_fmod.o)
                0xfff016c6                fmodf
 .text.fmod     0xfff01752        0x4 D:\usr\GR-SAKURA\mruby\gcctestb\gcctestb\gr_common\lib\libm.a(lib_a-wf_fmod.o)
                0xfff01752                fmod
 .text.hypotf   0xfff01756       0x8e D:\usr\GR-SAKURA\mruby\gcctestb\gcctestb\gr_common\lib\libm.a(lib_a-wf_hypot.o)
                0xfff01756                hypotf
 .text.hypot    0xfff017e4        0x4 D:\usr\GR-SAKURA\mruby\gcctestb\gcctestb\gr_common\lib\libm.a(lib_a-wf_hypot.o)
                0xfff017e4                hypot
 .text.log10f   0xfff017e8       0xb4 D:\usr\GR-SAKURA\mruby\gcctestb\gcctestb\gr_common\lib\libm.a(lib_a-wf_log10.o)
                0xfff017e8                log10f
 .text.log10    0xfff0189c        0x4 D:\usr\GR-SAKURA\mruby\gcctestb\gcctestb\gr_common\lib\libm.a(lib_a-wf_log10.o)
                0xfff0189c                log10
 .text.logf     0xfff018a0       0xb4 D:\usr\GR-SAKURA\mruby\gcctestb\gcctestb\gr_common\lib\libm.a(lib_a-wf_log.o)
                0xfff018a0                logf
 .text.log      0xfff01954        0x4 D:\usr\GR-SAKURA\mruby\gcctestb\gcctestb\gr_common\lib\libm.a(lib_a-wf_log.o)
                0xfff01954                log
 .text.powf     0xfff01958      0x214 D:\usr\GR-SAKURA\mruby\gcctestb\gcctestb\gr_common\lib\libm.a(lib_a-wf_pow.o)
                0xfff01958                powf
 .text.pow      0xfff01b6c        0x4 D:\usr\GR-SAKURA\mruby\gcctestb\gcctestb\gr_common\lib\libm.a(lib_a-wf_pow.o)
                0xfff01b6c                pow
 .text.sinhf    0xfff01b70       0xa2 D:\usr\GR-SAKURA\mruby\gcctestb\gcctestb\gr_common\lib\libm.a(lib_a-wf_sinh.o)
                0xfff01b70                sinhf
 .text.sinh     0xfff01c12        0x4 D:\usr\GR-SAKURA\mruby\gcctestb\gcctestb\gr_common\lib\libm.a(lib_a-wf_sinh.o)
                0xfff01c12                sinh
 .text.sqrtf    0xfff01c16       0x7e D:\usr\GR-SAKURA\mruby\gcctestb\gcctestb\gr_common\lib\libm.a(lib_a-wf_sqrt.o)
                0xfff01c16                sqrtf
 .text.sqrt     0xfff01c94        0x4 D:\usr\GR-SAKURA\mruby\gcctestb\gcctestb\gr_common\lib\libm.a(lib_a-wf_sqrt.o)
                0xfff01c94                sqrt
 .text.__ieee754_acoshf
                0xfff01c98       0x96 D:\usr\GR-SAKURA\mruby\gcctestb\gcctestb\gr_common\lib\libm.a(lib_a-ef_acosh.o)
                0xfff01c98                __ieee754_acoshf
 .text.__ieee754_acosf
                0xfff01d2e      0x22a D:\usr\GR-SAKURA\mruby\gcctestb\gcctestb\gr_common\lib\libm.a(lib_a-ef_acos.o)
                0xfff01d2e                __ieee754_acosf
 .text.__ieee754_asinf
                0xfff01f58      0x1d4 D:\usr\GR-SAKURA\mruby\gcctestb\gcctestb\gr_common\lib\libm.a(lib_a-ef_asin.o)
                0xfff01f58                __ieee754_asinf
 .text.__ieee754_atan2f
                0xfff0212c      0x14c D:\usr\GR-SAKURA\mruby\gcctestb\gcctestb\gr_common\lib\libm.a(lib_a-ef_atan2.o)
                0xfff0212c                __ieee754_atan2f
 .text.__ieee754_atanhf
                0xfff02278       0x80 D:\usr\GR-SAKURA\mruby\gcctestb\gcctestb\gr_common\lib\libm.a(lib_a-ef_atanh.o)
                0xfff02278                __ieee754_atanhf
 .text.__ieee754_coshf
                0xfff022f8       0xc8 D:\usr\GR-SAKURA\mruby\gcctestb\gcctestb\gr_common\lib\libm.a(lib_a-ef_cosh.o)
                0xfff022f8                __ieee754_coshf
 .text.__ieee754_expf
                0xfff023c0      0x176 D:\usr\GR-SAKURA\mruby\gcctestb\gcctestb\gr_common\lib\libm.a(lib_a-ef_exp.o)
                0xfff023c0                __ieee754_expf
 .text.__ieee754_fmodf
                0xfff02536      0x10e D:\usr\GR-SAKURA\mruby\gcctestb\gcctestb\gr_common\lib\libm.a(lib_a-ef_fmod.o)
                0xfff02536                __ieee754_fmodf
 .text.__ieee754_hypotf
                0xfff02644      0x126 D:\usr\GR-SAKURA\mruby\gcctestb\gcctestb\gr_common\lib\libm.a(lib_a-ef_hypot.o)
                0xfff02644                __ieee754_hypotf
 .text.__ieee754_log10f
                0xfff0276a       0x94 D:\usr\GR-SAKURA\mruby\gcctestb\gcctestb\gr_common\lib\libm.a(lib_a-ef_log10.o)
                0xfff0276a                __ieee754_log10f
 .text.__ieee754_logf
                0xfff027fe      0x1e4 D:\usr\GR-SAKURA\mruby\gcctestb\gcctestb\gr_common\lib\libm.a(lib_a-ef_log.o)
                0xfff027fe                __ieee754_logf
 .text.__ieee754_powf
                0xfff029e2      0x4e8 D:\usr\GR-SAKURA\mruby\gcctestb\gcctestb\gr_common\lib\libm.a(lib_a-ef_pow.o)
                0xfff029e2                __ieee754_powf
 .text.__ieee754_rem_pio2f
                0xfff02eca      0x254 D:\usr\GR-SAKURA\mruby\gcctestb\gcctestb\gr_common\lib\libm.a(lib_a-ef_rem_pio2.o)
                0xfff02eca                __ieee754_rem_pio2f
 .text.__ieee754_sinhf
                0xfff0311e       0xdc D:\usr\GR-SAKURA\mruby\gcctestb\gcctestb\gr_common\lib\libm.a(lib_a-ef_sinh.o)
                0xfff0311e                __ieee754_sinhf
 .text.__ieee754_sqrtf
                0xfff031fa       0xa4 D:\usr\GR-SAKURA\mruby\gcctestb\gcctestb\gr_common\lib\libm.a(lib_a-ef_sqrt.o)
                0xfff031fa                __ieee754_sqrtf
 .text.__kernel_cosf
                0xfff0329e       0xc0 D:\usr\GR-SAKURA\mruby\gcctestb\gcctestb\gr_common\lib\libm.a(lib_a-kf_cos.o)
                0xfff0329e                __kernel_cosf
 .text.__kernel_rem_pio2f
                0xfff0335e      0x4ec D:\usr\GR-SAKURA\mruby\gcctestb\gcctestb\gr_common\lib\libm.a(lib_a-kf_rem_pio2.o)
                0xfff0335e                __kernel_rem_pio2f
 .text.__kernel_sinf
                0xfff0384a       0x8a D:\usr\GR-SAKURA\mruby\gcctestb\gcctestb\gr_common\lib\libm.a(lib_a-kf_sin.o)
                0xfff0384a                __kernel_sinf
 .text.__kernel_tanf
                0xfff038d4      0x18e D:\usr\GR-SAKURA\mruby\gcctestb\gcctestb\gr_common\lib\libm.a(lib_a-kf_tan.o)
                0xfff038d4                __kernel_tanf
 .text.copysignf
                0xfff03a62        0xf D:\usr\GR-SAKURA\mruby\gcctestb\gcctestb\gr_common\lib\libm.a(lib_a-sf_copysign.o)
                0xfff03a62                copysignf
 .text.copysign
                0xfff03a71        0x4 D:\usr\GR-SAKURA\mruby\gcctestb\gcctestb\gr_common\lib\libm.a(lib_a-sf_copysign.o)
                0xfff03a71                copysign
 *fill*         0xfff03a75        0x1 00
 .text.expm1f   0xfff03a76      0x21c D:\usr\GR-SAKURA\mruby\gcctestb\gcctestb\gr_common\lib\libm.a(lib_a-sf_expm1.o)
                0xfff03a76                expm1f
 .text.expm1    0xfff03c92        0x4 D:\usr\GR-SAKURA\mruby\gcctestb\gcctestb\gr_common\lib\libm.a(lib_a-sf_expm1.o)
                0xfff03c92                expm1
 .text.finitef  0xfff03c96       0x10 D:\usr\GR-SAKURA\mruby\gcctestb\gcctestb\gr_common\lib\libm.a(lib_a-sf_finite.o)
                0xfff03c96                finitef
 .text.finite   0xfff03ca6       0x10 D:\usr\GR-SAKURA\mruby\gcctestb\gcctestb\gr_common\lib\libm.a(lib_a-sf_finite.o)
                0xfff03ca6                finite
 .text.nanf     0xfff03cb6        0x7 D:\usr\GR-SAKURA\mruby\gcctestb\gcctestb\gr_common\lib\libm.a(lib_a-sf_nan.o)
                0xfff03cb6                nanf
 .text.nan      0xfff03cbd        0x7 D:\usr\GR-SAKURA\mruby\gcctestb\gcctestb\gr_common\lib\libm.a(lib_a-sf_nan.o)
                0xfff03cbd                nan
 .text.rintf    0xfff03cc4       0xa2 D:\usr\GR-SAKURA\mruby\gcctestb\gcctestb\gr_common\lib\libm.a(lib_a-sf_rint.o)
                0xfff03cc4                rintf
 .text.rint     0xfff03d66        0x4 D:\usr\GR-SAKURA\mruby\gcctestb\gcctestb\gr_common\lib\libm.a(lib_a-sf_rint.o)
                0xfff03d66                rint
 .text.matherr  0xfff03d6a        0x3 D:\usr\GR-SAKURA\mruby\gcctestb\gcctestb\gr_common\lib\libm.a(lib_a-s_matherr.o)
                0xfff03d6a                matherr
 .text.atoi     0xfff03d6d        0x8 D:\usr\GR-SAKURA\mruby\gcctestb\gcctestb\gr_common\lib\libg.a(lib_a-atoi.o)
                0xfff03d6d                atoi
 .text._atoi_r  0xfff03d75        0x8 D:\usr\GR-SAKURA\mruby\gcctestb\gcctestb\gr_common\lib\libg.a(lib_a-atoi.o)
                0xfff03d75                _atoi_r
 .text.__errno  0xfff03d7d        0x9 D:\usr\GR-SAKURA\mruby\gcctestb\gcctestb\gr_common\lib\libg.a(lib_a-errno.o)
                0xfff03d7d                __errno
 .text.exit     0xfff03d86       0x20 D:\usr\GR-SAKURA\mruby\gcctestb\gcctestb\gr_common\lib\libg.a(lib_a-exit.o)
                0xfff03d86                exit
 .text._fgetc_r
                0xfff03da6       0x36 D:\usr\GR-SAKURA\mruby\gcctestb\gcctestb\gr_common\lib\libg.a(lib_a-fgetc.o)
                0xfff03da6                _fgetc_r
 .text.fgetc    0xfff03ddc        0xe D:\usr\GR-SAKURA\mruby\gcctestb\gcctestb\gr_common\lib\libg.a(lib_a-fgetc.o)
                0xfff03ddc                fgetc
 .text.__fp_lock
                0xfff03dea        0x3 D:\usr\GR-SAKURA\mruby\gcctestb\gcctestb\gr_common\lib\libg.a(lib_a-findfp.o)
 .text.__fp_unlock
                0xfff03ded        0x3 D:\usr\GR-SAKURA\mruby\gcctestb\gcctestb\gr_common\lib\libg.a(lib_a-findfp.o)
 .text._cleanup_r
                0xfff03df0        0xa D:\usr\GR-SAKURA\mruby\gcctestb\gcctestb\gr_common\lib\libg.a(lib_a-findfp.o)
                0xfff03df0                _cleanup_r
 .text.std.isra.0
                0xfff03dfa       0x49 D:\usr\GR-SAKURA\mruby\gcctestb\gcctestb\gr_common\lib\libg.a(lib_a-findfp.o)
 *fill*         0xfff03e43        0x1 00
 .text.__sfmoreglue
                0xfff03e44       0x2e D:\usr\GR-SAKURA\mruby\gcctestb\gcctestb\gr_common\lib\libg.a(lib_a-findfp.o)
                0xfff03e44                __sfmoreglue
 .text._cleanup
                0xfff03e72        0xc D:\usr\GR-SAKURA\mruby\gcctestb\gcctestb\gr_common\lib\libg.a(lib_a-findfp.o)
                0xfff03e72                _cleanup
 .text.__sinit  0xfff03e7e       0x46 D:\usr\GR-SAKURA\mruby\gcctestb\gcctestb\gr_common\lib\libg.a(lib_a-findfp.o)
                0xfff03e7e                __sinit
 .text.__sfp    0xfff03ec4       0x8e D:\usr\GR-SAKURA\mruby\gcctestb\gcctestb\gr_common\lib\libg.a(lib_a-findfp.o)
                0xfff03ec4                __sfp
 .text.__sfp_lock_acquire
                0xfff03f52        0x1 D:\usr\GR-SAKURA\mruby\gcctestb\gcctestb\gr_common\lib\libg.a(lib_a-findfp.o)
                0xfff03f52                __sfp_lock_acquire
 .text.__sfp_lock_release
                0xfff03f53        0x1 D:\usr\GR-SAKURA\mruby\gcctestb\gcctestb\gr_common\lib\libg.a(lib_a-findfp.o)
                0xfff03f53                __sfp_lock_release
 .text.__sinit_lock_acquire
                0xfff03f54        0x1 D:\usr\GR-SAKURA\mruby\gcctestb\gcctestb\gr_common\lib\libg.a(lib_a-findfp.o)
                0xfff03f54                __sinit_lock_acquire
 .text.__sinit_lock_release
                0xfff03f55        0x1 D:\usr\GR-SAKURA\mruby\gcctestb\gcctestb\gr_common\lib\libg.a(lib_a-findfp.o)
                0xfff03f55                __sinit_lock_release
 .text.__fp_lock_all
                0xfff03f56       0x12 D:\usr\GR-SAKURA\mruby\gcctestb\gcctestb\gr_common\lib\libg.a(lib_a-findfp.o)
                0xfff03f56                __fp_lock_all
 .text.__fp_unlock_all
                0xfff03f68       0x12 D:\usr\GR-SAKURA\mruby\gcctestb\gcctestb\gr_common\lib\libg.a(lib_a-findfp.o)
                0xfff03f68                __fp_unlock_all
 .text._fprintf_r
                0xfff03f7a        0xf D:\usr\GR-SAKURA\mruby\gcctestb\gcctestb\gr_common\lib\libg.a(lib_a-fprintf.o)
                0xfff03f7a                _fprintf_r
 .text.fprintf  0xfff03f89       0x19 D:\usr\GR-SAKURA\mruby\gcctestb\gcctestb\gr_common\lib\libg.a(lib_a-fprintf.o)
                0xfff03f89                fprintf
 .text._fputc_r
                0xfff03fa2       0x26 D:\usr\GR-SAKURA\mruby\gcctestb\gcctestb\gr_common\lib\libg.a(lib_a-fputc.o)
                0xfff03fa2                _fputc_r
 .text.fputc    0xfff03fc8       0x12 D:\usr\GR-SAKURA\mruby\gcctestb\gcctestb\gr_common\lib\libg.a(lib_a-fputc.o)
                0xfff03fc8                fputc
 .text._fread_r
                0xfff03fda       0xa6 D:\usr\GR-SAKURA\mruby\gcctestb\gcctestb\gr_common\lib\libg.a(lib_a-fread.o)
                0xfff03fda                _fread_r
 .text.fread    0xfff04080       0x1e D:\usr\GR-SAKURA\mruby\gcctestb\gcctestb\gr_common\lib\libg.a(lib_a-fread.o)
                0xfff04080                fread
 .text._fwalk   0xfff0409e       0x44 D:\usr\GR-SAKURA\mruby\gcctestb\gcctestb\gr_common\lib\libg.a(lib_a-fwalk.o)
                0xfff0409e                _fwalk
 .text._fwalk_reent
                0xfff040e2       0x48 D:\usr\GR-SAKURA\mruby\gcctestb\gcctestb\gr_common\lib\libg.a(lib_a-fwalk.o)
                0xfff040e2                _fwalk_reent
 .text._fwrite_r
                0xfff0412a       0x64 D:\usr\GR-SAKURA\mruby\gcctestb\gcctestb\gr_common\lib\libg.a(lib_a-fwrite.o)
                0xfff0412a                _fwrite_r
 .text.fwrite   0xfff0418e       0x1e D:\usr\GR-SAKURA\mruby\gcctestb\gcctestb\gr_common\lib\libg.a(lib_a-fwrite.o)
                0xfff0418e                fwrite
 .text.malloc   0xfff041ac        0xe D:\usr\GR-SAKURA\mruby\gcctestb\gcctestb\gr_common\lib\libg.a(lib_a-malloc.o)
                0xfff041ac                malloc
 .text.free     0xfff041ba        0xe D:\usr\GR-SAKURA\mruby\gcctestb\gcctestb\gr_common\lib\libg.a(lib_a-malloc.o)
                0xfff041ba                free
 .text._malloc_r
                0xfff041c8      0x490 D:\usr\GR-SAKURA\mruby\gcctestb\gcctestb\gr_common\lib\libg.a(lib_a-mallocr.o)
                0xfff041c8                _malloc_r
 .text.memcmp   0xfff04658       0x18 D:\usr\GR-SAKURA\mruby\gcctestb\gcctestb\gr_common\lib\libg.a(lib_a-memcmp.o)
                0xfff04658                memcmp
 .text.__malloc_lock
                0xfff04670        0x1 D:\usr\GR-SAKURA\mruby\gcctestb\gcctestb\gr_common\lib\libg.a(lib_a-mlock.o)
                0xfff04670                __malloc_lock
 .text.__malloc_unlock
                0xfff04671        0x1 D:\usr\GR-SAKURA\mruby\gcctestb\gcctestb\gr_common\lib\libg.a(lib_a-mlock.o)
                0xfff04671                __malloc_unlock
 .text._printf_r
                0xfff04672       0x11 D:\usr\GR-SAKURA\mruby\gcctestb\gcctestb\gr_common\lib\libg.a(lib_a-printf.o)
                0xfff04672                _printf_r
 .text.printf   0xfff04683       0x19 D:\usr\GR-SAKURA\mruby\gcctestb\gcctestb\gr_common\lib\libg.a(lib_a-printf.o)
                0xfff04683                printf
 .text._putchar_r
                0xfff0469c        0x6 D:\usr\GR-SAKURA\mruby\gcctestb\gcctestb\gr_common\lib\libg.a(lib_a-putchar.o)
                0xfff0469c                _putchar_r
 .text.putchar  0xfff046a2       0x10 D:\usr\GR-SAKURA\mruby\gcctestb\gcctestb\gr_common\lib\libg.a(lib_a-putchar.o)
                0xfff046a2                putchar
 .text._putc_r  0xfff046b2       0x58 D:\usr\GR-SAKURA\mruby\gcctestb\gcctestb\gr_common\lib\libg.a(lib_a-putc.o)
                0xfff046b2                _putc_r
 .text.putc     0xfff0470a       0x12 D:\usr\GR-SAKURA\mruby\gcctestb\gcctestb\gr_common\lib\libg.a(lib_a-putc.o)
                0xfff0470a                putc
 .text._puts_r  0xfff0471c       0x66 D:\usr\GR-SAKURA\mruby\gcctestb\gcctestb\gr_common\lib\libg.a(lib_a-puts.o)
                0xfff0471c                _puts_r
 .text.puts     0xfff04782        0xe D:\usr\GR-SAKURA\mruby\gcctestb\gcctestb\gr_common\lib\libg.a(lib_a-puts.o)
                0xfff04782                puts
 .text.realloc  0xfff04790       0x12 D:\usr\GR-SAKURA\mruby\gcctestb\gcctestb\gr_common\lib\libg.a(lib_a-realloc.o)
                0xfff04790                realloc
 .text._realloc_r
                0xfff047a2      0x378 D:\usr\GR-SAKURA\mruby\gcctestb\gcctestb\gr_common\lib\libg.a(lib_a-reallocr.o)
                0xfff047a2                _realloc_r
 .text.lflush   0xfff04b1a        0xf D:\usr\GR-SAKURA\mruby\gcctestb\gcctestb\gr_common\lib\libg.a(lib_a-refill.o)
 *fill*         0xfff04b29        0x1 00
 .text.__srefill_r
                0xfff04b2a      0x118 D:\usr\GR-SAKURA\mruby\gcctestb\gcctestb\gr_common\lib\libg.a(lib_a-refill.o)
                0xfff04b2a                __srefill_r
 .text.__srget_r
                0xfff04c42       0x38 D:\usr\GR-SAKURA\mruby\gcctestb\gcctestb\gr_common\lib\libg.a(lib_a-rget.o)
                0xfff04c42                __srget_r
 .text.__srget  0xfff04c7a        0xe D:\usr\GR-SAKURA\mruby\gcctestb\gcctestb\gr_common\lib\libg.a(lib_a-rget.o)
                0xfff04c7a                __srget
 .text._sbrk_r  0xfff04c88       0x22 D:\usr\GR-SAKURA\mruby\gcctestb\gcctestb\gr_common\lib\libg.a(lib_a-sbrkr.o)
                0xfff04c88                _sbrk_r
 .text._snprintf_r
                0xfff04caa       0x56 D:\usr\GR-SAKURA\mruby\gcctestb\gcctestb\gr_common\lib\libg.a(lib_a-snprintf.o)
                0xfff04caa                _snprintf_r
 .text.snprintf
                0xfff04d00       0x5e D:\usr\GR-SAKURA\mruby\gcctestb\gcctestb\gr_common\lib\libg.a(lib_a-snprintf.o)
                0xfff04d00                snprintf
 .text.__sread  0xfff04d5e       0x26 D:\usr\GR-SAKURA\mruby\gcctestb\gcctestb\gr_common\lib\libg.a(lib_a-stdio.o)
                0xfff04d5e                __sread
 .text.__seofread
                0xfff04d84        0x3 D:\usr\GR-SAKURA\mruby\gcctestb\gcctestb\gr_common\lib\libg.a(lib_a-stdio.o)
                0xfff04d84                __seofread
 *fill*         0xfff04d87        0x1 00
 .text.__swrite
                0xfff04d88       0x36 D:\usr\GR-SAKURA\mruby\gcctestb\gcctestb\gr_common\lib\libg.a(lib_a-stdio.o)
                0xfff04d88                __swrite
 .text.__sseek  0xfff04dbe       0x28 D:\usr\GR-SAKURA\mruby\gcctestb\gcctestb\gr_common\lib\libg.a(lib_a-stdio.o)
                0xfff04dbe                __sseek
 .text.__sclose
                0xfff04de6        0x6 D:\usr\GR-SAKURA\mruby\gcctestb\gcctestb\gr_common\lib\libg.a(lib_a-stdio.o)
                0xfff04de6                __sclose
 .text.strchr   0xfff04dec       0x1a D:\usr\GR-SAKURA\mruby\gcctestb\gcctestb\gr_common\lib\libg.a(lib_a-strchr.o)
                0xfff04dec                strchr
 .text.match    0xfff04e06       0x2c D:\usr\GR-SAKURA\mruby\gcctestb\gcctestb\gr_common\lib\libg.a(lib_a-strtod.o)
 .text._strtod_r
                0xfff04e32      0x8a8 D:\usr\GR-SAKURA\mruby\gcctestb\gcctestb\gr_common\lib\libg.a(lib_a-strtod.o)
                0xfff04e32                _strtod_r
 .text.strtod   0xfff056da       0x12 D:\usr\GR-SAKURA\mruby\gcctestb\gcctestb\gr_common\lib\libg.a(lib_a-strtod.o)
                0xfff056da                strtod
 .text.strtof   0xfff056ec       0x28 D:\usr\GR-SAKURA\mruby\gcctestb\gcctestb\gr_common\lib\libg.a(lib_a-strtod.o)
                0xfff056ec                strtof
 .text._strtol_r
                0xfff05714       0xf6 D:\usr\GR-SAKURA\mruby\gcctestb\gcctestb\gr_common\lib\libg.a(lib_a-strtol.o)
                0xfff05714                _strtol_r
 .text.strtol   0xfff0580a       0x16 D:\usr\GR-SAKURA\mruby\gcctestb\gcctestb\gr_common\lib\libg.a(lib_a-strtol.o)
                0xfff0580a                strtol
 .text._svfprintf_r
                0xfff05820      0xfee D:\usr\GR-SAKURA\mruby\gcctestb\gcctestb\gr_common\lib\libg.a(lib_a-svfprintf.o)
                0xfff05820                _svfprintf_r
 .text._vfprintf_r
                0xfff0680e     0x1152 D:\usr\GR-SAKURA\mruby\gcctestb\gcctestb\gr_common\lib\libg.a(lib_a-vfprintf.o)
                0xfff0680e                _vfprintf_r
 .text.vfprintf
                0xfff07960       0x16 D:\usr\GR-SAKURA\mruby\gcctestb\gcctestb\gr_common\lib\libg.a(lib_a-vfprintf.o)
                0xfff07960                vfprintf
 .text._vsnprintf_r
                0xfff07976       0x50 D:\usr\GR-SAKURA\mruby\gcctestb\gcctestb\gr_common\lib\libg.a(lib_a-vsnprintf.o)
                0xfff07976                _vsnprintf_r
 .text.vsnprintf
                0xfff079c6       0x1e D:\usr\GR-SAKURA\mruby\gcctestb\gcctestb\gr_common\lib\libg.a(lib_a-vsnprintf.o)
                0xfff079c6                vsnprintf
 .text.__swbuf_r
                0xfff079e4       0xaa D:\usr\GR-SAKURA\mruby\gcctestb\gcctestb\gr_common\lib\libg.a(lib_a-wbuf.o)
                0xfff079e4                __swbuf_r
 .text.__swbuf  0xfff07a8e       0x12 D:\usr\GR-SAKURA\mruby\gcctestb\gcctestb\gr_common\lib\libg.a(lib_a-wbuf.o)
                0xfff07a8e                __swbuf
 .text._write_r
                0xfff07aa0       0x26 D:\usr\GR-SAKURA\mruby\gcctestb\gcctestb\gr_common\lib\libg.a(lib_a-writer.o)
                0xfff07aa0                _write_r
 .text.__swsetup_r
                0xfff07ac6       0xce D:\usr\GR-SAKURA\mruby\gcctestb\gcctestb\gr_common\lib\libg.a(lib_a-wsetup.o)
                0xfff07ac6                __swsetup_r
 .text.__call_exitprocs
                0xfff07b94       0xc2 D:\usr\GR-SAKURA\mruby\gcctestb\gcctestb\gr_common\lib\libg.a(lib_a-__call_atexit.o)
                0xfff07b94                __call_exitprocs
 .text._close_r
                0xfff07c56       0x22 D:\usr\GR-SAKURA\mruby\gcctestb\gcctestb\gr_common\lib\libg.a(lib_a-closer.o)
                0xfff07c56                _close_r
 .text.quorem   0xfff07c78      0x11a D:\usr\GR-SAKURA\mruby\gcctestb\gcctestb\gr_common\lib\libg.a(lib_a-dtoa.o)
 .text._dtoa_r  0xfff07d92      0x98c D:\usr\GR-SAKURA\mruby\gcctestb\gcctestb\gr_common\lib\libg.a(lib_a-dtoa.o)
                0xfff07d92                _dtoa_r
 .text._fclose_r
                0xfff0871e       0x8a D:\usr\GR-SAKURA\mruby\gcctestb\gcctestb\gr_common\lib\libg.a(lib_a-fclose.o)
                0xfff0871e                _fclose_r
 .text.fclose   0xfff087a8        0xe D:\usr\GR-SAKURA\mruby\gcctestb\gcctestb\gr_common\lib\libg.a(lib_a-fclose.o)
                0xfff087a8                fclose
 .text.__sflush_r
                0xfff087b6      0x142 D:\usr\GR-SAKURA\mruby\gcctestb\gcctestb\gr_common\lib\libg.a(lib_a-fflush.o)
                0xfff087b6                __sflush_r
 .text._fflush_r
                0xfff088f8       0x2c D:\usr\GR-SAKURA\mruby\gcctestb\gcctestb\gr_common\lib\libg.a(lib_a-fflush.o)
                0xfff088f8                _fflush_r
 .text.fflush   0xfff08924       0x23 D:\usr\GR-SAKURA\mruby\gcctestb\gcctestb\gr_common\lib\libg.a(lib_a-fflush.o)
                0xfff08924                fflush
 *fill*         0xfff08947        0x1 00
 .text._malloc_trim_r
                0xfff08948       0xa4 D:\usr\GR-SAKURA\mruby\gcctestb\gcctestb\gr_common\lib\libg.a(lib_a-freer.o)
                0xfff08948                _malloc_trim_r
 .text._free_r  0xfff089ec      0x19e D:\usr\GR-SAKURA\mruby\gcctestb\gcctestb\gr_common\lib\libg.a(lib_a-freer.o)
                0xfff089ec                _free_r
 .text.__sfvwrite_r
                0xfff08b8a      0x296 D:\usr\GR-SAKURA\mruby\gcctestb\gcctestb\gr_common\lib\libg.a(lib_a-fvwrite.o)
                0xfff08b8a                __sfvwrite_r
 .text.L_shift  0xfff08e20       0x24 D:\usr\GR-SAKURA\mruby\gcctestb\gcctestb\gr_common\lib\libg.a(lib_a-gdtoa-hexnan.o)
 .text.__hexnan
                0xfff08e44      0x120 D:\usr\GR-SAKURA\mruby\gcctestb\gcctestb\gr_common\lib\libg.a(lib_a-gdtoa-hexnan.o)
                0xfff08e44                __hexnan
 .text._setlocale_r
                0xfff08f64       0x4a D:\usr\GR-SAKURA\mruby\gcctestb\gcctestb\gr_common\lib\libg.a(lib_a-locale.o)
                0xfff08f64                _setlocale_r
 .text.__locale_charset
                0xfff08fae        0x7 D:\usr\GR-SAKURA\mruby\gcctestb\gcctestb\gr_common\lib\libg.a(lib_a-locale.o)
                0xfff08fae                __locale_charset
 .text.__locale_mb_cur_max
                0xfff08fb5        0x9 D:\usr\GR-SAKURA\mruby\gcctestb\gcctestb\gr_common\lib\libg.a(lib_a-locale.o)
                0xfff08fb5                __locale_mb_cur_max
 .text.__locale_msgcharset
                0xfff08fbe        0x7 D:\usr\GR-SAKURA\mruby\gcctestb\gcctestb\gr_common\lib\libg.a(lib_a-locale.o)
                0xfff08fbe                __locale_msgcharset
 .text.__locale_cjk_lang
                0xfff08fc5        0x3 D:\usr\GR-SAKURA\mruby\gcctestb\gcctestb\gr_common\lib\libg.a(lib_a-locale.o)
                0xfff08fc5                __locale_cjk_lang
 .text._localeconv_r
                0xfff08fc8        0x7 D:\usr\GR-SAKURA\mruby\gcctestb\gcctestb\gr_common\lib\libg.a(lib_a-locale.o)
                0xfff08fc8                _localeconv_r
 .text.setlocale
                0xfff08fcf       0x12 D:\usr\GR-SAKURA\mruby\gcctestb\gcctestb\gr_common\lib\libg.a(lib_a-locale.o)
                0xfff08fcf                setlocale
 .text.localeconv
                0xfff08fe1        0x7 D:\usr\GR-SAKURA\mruby\gcctestb\gcctestb\gr_common\lib\libg.a(lib_a-locale.o)
                0xfff08fe1                localeconv
 .text._lseek_r
                0xfff08fe8       0x26 D:\usr\GR-SAKURA\mruby\gcctestb\gcctestb\gr_common\lib\libg.a(lib_a-lseekr.o)
                0xfff08fe8                _lseek_r
 .text.__smakebuf_r
                0xfff0900e       0xd6 D:\usr\GR-SAKURA\mruby\gcctestb\gcctestb\gr_common\lib\libg.a(lib_a-makebuf.o)
                0xfff0900e                __smakebuf_r
 .text._Balloc  0xfff090e4       0x54 D:\usr\GR-SAKURA\mruby\gcctestb\gcctestb\gr_common\lib\libg.a(lib_a-mprec.o)
                0xfff090e4                _Balloc
 .text._Bfree   0xfff09138       0x1a D:\usr\GR-SAKURA\mruby\gcctestb\gcctestb\gr_common\lib\libg.a(lib_a-mprec.o)
                0xfff09138                _Bfree
 .text.__multadd
                0xfff09152       0x7c D:\usr\GR-SAKURA\mruby\gcctestb\gcctestb\gr_common\lib\libg.a(lib_a-mprec.o)
                0xfff09152                __multadd
 .text.__s2b    0xfff091ce       0x80 D:\usr\GR-SAKURA\mruby\gcctestb\gcctestb\gr_common\lib\libg.a(lib_a-mprec.o)
                0xfff091ce                __s2b
 .text.__hi0bits
                0xfff0924e       0x4a D:\usr\GR-SAKURA\mruby\gcctestb\gcctestb\gr_common\lib\libg.a(lib_a-mprec.o)
                0xfff0924e                __hi0bits
 .text.__lo0bits
                0xfff09298       0x66 D:\usr\GR-SAKURA\mruby\gcctestb\gcctestb\gr_common\lib\libg.a(lib_a-mprec.o)
                0xfff09298                __lo0bits
 .text.__i2b    0xfff092fe       0x12 D:\usr\GR-SAKURA\mruby\gcctestb\gcctestb\gr_common\lib\libg.a(lib_a-mprec.o)
                0xfff092fe                __i2b
 .text.__multiply
                0xfff09310      0x11a D:\usr\GR-SAKURA\mruby\gcctestb\gcctestb\gr_common\lib\libg.a(lib_a-mprec.o)
                0xfff09310                __multiply
 .text.__pow5mult
                0xfff0942a       0x88 D:\usr\GR-SAKURA\mruby\gcctestb\gcctestb\gr_common\lib\libg.a(lib_a-mprec.o)
                0xfff0942a                __pow5mult
 .text.__lshift
                0xfff094b2       0x9e D:\usr\GR-SAKURA\mruby\gcctestb\gcctestb\gr_common\lib\libg.a(lib_a-mprec.o)
                0xfff094b2                __lshift
 .text.__mcmp   0xfff09550       0x2c D:\usr\GR-SAKURA\mruby\gcctestb\gcctestb\gr_common\lib\libg.a(lib_a-mprec.o)
                0xfff09550                __mcmp
 .text.__mdiff  0xfff0957c       0xd4 D:\usr\GR-SAKURA\mruby\gcctestb\gcctestb\gr_common\lib\libg.a(lib_a-mprec.o)
                0xfff0957c                __mdiff
 .text.__ulp    0xfff09650       0x27 D:\usr\GR-SAKURA\mruby\gcctestb\gcctestb\gr_common\lib\libg.a(lib_a-mprec.o)
                0xfff09650                __ulp
 *fill*         0xfff09677        0x1 00
 .text.__b2d    0xfff09678       0x6a D:\usr\GR-SAKURA\mruby\gcctestb\gcctestb\gr_common\lib\libg.a(lib_a-mprec.o)
                0xfff09678                __b2d
 .text.__d2b    0xfff096e2       0x6a D:\usr\GR-SAKURA\mruby\gcctestb\gcctestb\gr_common\lib\libg.a(lib_a-mprec.o)
                0xfff096e2                __d2b
 .text.__ratio  0xfff0974c       0x42 D:\usr\GR-SAKURA\mruby\gcctestb\gcctestb\gr_common\lib\libg.a(lib_a-mprec.o)
                0xfff0974c                __ratio
 .text._mprec_log10
                0xfff0978e       0x24 D:\usr\GR-SAKURA\mruby\gcctestb\gcctestb\gr_common\lib\libg.a(lib_a-mprec.o)
                0xfff0978e                _mprec_log10
 .text.__copybits
                0xfff097b2       0x32 D:\usr\GR-SAKURA\mruby\gcctestb\gcctestb\gr_common\lib\libg.a(lib_a-mprec.o)
                0xfff097b2                __copybits
 .text.__any_on
                0xfff097e4       0x40 D:\usr\GR-SAKURA\mruby\gcctestb\gcctestb\gr_common\lib\libg.a(lib_a-mprec.o)
                0xfff097e4                __any_on
 .text._read_r  0xfff09824       0x26 D:\usr\GR-SAKURA\mruby\gcctestb\gcctestb\gr_common\lib\libg.a(lib_a-readr.o)
                0xfff09824                _read_r
 .text.cleanup_glue
                0xfff0984a       0x1a D:\usr\GR-SAKURA\mruby\gcctestb\gcctestb\gr_common\lib\libg.a(lib_a-reent.o)
                0xfff0984a                cleanup_glue
 .text._reclaim_reent
                0xfff09864       0xa0 D:\usr\GR-SAKURA\mruby\gcctestb\gcctestb\gr_common\lib\libg.a(lib_a-reent.o)
                0xfff09864                _reclaim_reent
 .text._wrapup_reent
                0xfff09904       0x40 D:\usr\GR-SAKURA\mruby\gcctestb\gcctestb\gr_common\lib\libg.a(lib_a-reent.o)
                0xfff09904                _wrapup_reent
 .text.__ssprint_r
                0xfff09944       0xfe D:\usr\GR-SAKURA\mruby\gcctestb\gcctestb\gr_common\lib\libg.a(lib_a-svfiprintf.o)
                0xfff09944                __ssprint_r
 .text._svfiprintf_r
                0xfff09a42      0x8da D:\usr\GR-SAKURA\mruby\gcctestb\gcctestb\gr_common\lib\libg.a(lib_a-svfiprintf.o)
                0xfff09a42                _svfiprintf_r
 .text.__sprint_r
                0xfff0a31c       0x6c D:\usr\GR-SAKURA\mruby\gcctestb\gcctestb\gr_common\lib\libg.a(lib_a-vfiprintf.o)
                0xfff0a31c                __sprint_r
 .text._vfiprintf_r
                0xfff0a388      0x9e0 D:\usr\GR-SAKURA\mruby\gcctestb\gcctestb\gr_common\lib\libg.a(lib_a-vfiprintf.o)
                0xfff0a388                _vfiprintf_r
 .text.vfiprintf
                0xfff0ad68       0x16 D:\usr\GR-SAKURA\mruby\gcctestb\gcctestb\gr_common\lib\libg.a(lib_a-vfiprintf.o)
                0xfff0ad68                vfiprintf
 .text._calloc_r
                0xfff0ad7e       0x66 D:\usr\GR-SAKURA\mruby\gcctestb\gcctestb\gr_common\lib\libg.a(lib_a-callocr.o)
                0xfff0ad7e                _calloc_r
 .text._fputwc_r
                0xfff0ade4       0xc6 D:\usr\GR-SAKURA\mruby\gcctestb\gcctestb\gr_common\lib\libg.a(lib_a-fputwc.o)
                0xfff0ade4                _fputwc_r
 .text.fputwc   0xfff0aeaa       0x28 D:\usr\GR-SAKURA\mruby\gcctestb\gcctestb\gr_common\lib\libg.a(lib_a-fputwc.o)
                0xfff0aeaa                fputwc
 .text._fstat_r
                0xfff0aed2       0x24 D:\usr\GR-SAKURA\mruby\gcctestb\gcctestb\gr_common\lib\libg.a(lib_a-fstatr.o)
                0xfff0aed2                _fstat_r
 .text.rshift   0xfff0aef6       0x70 D:\usr\GR-SAKURA\mruby\gcctestb\gcctestb\gr_common\lib\libg.a(lib_a-gdtoa-gethex.o)
 .text.htinit.constprop.0
                0xfff0af66       0x1a D:\usr\GR-SAKURA\mruby\gcctestb\gcctestb\gr_common\lib\libg.a(lib_a-gdtoa-gethex.o)
 .text.__hexdig_init
                0xfff0af80       0x2d D:\usr\GR-SAKURA\mruby\gcctestb\gcctestb\gr_common\lib\libg.a(lib_a-gdtoa-gethex.o)
                0xfff0af80                __hexdig_init
 *fill*         0xfff0afad        0x1 00
 .text.__gethex
                0xfff0afae      0x47e D:\usr\GR-SAKURA\mruby\gcctestb\gcctestb\gr_common\lib\libg.a(lib_a-gdtoa-gethex.o)
                0xfff0afae                __gethex
 .text._isatty_r
                0xfff0b42c       0x22 D:\usr\GR-SAKURA\mruby\gcctestb\gcctestb\gr_common\lib\libg.a(lib_a-isattyr.o)
                0xfff0b42c                _isatty_r
 .text._wcrtomb_r
                0xfff0b44e       0x4c D:\usr\GR-SAKURA\mruby\gcctestb\gcctestb\gr_common\lib\libg.a(lib_a-wcrtomb.o)
                0xfff0b44e                _wcrtomb_r
 .text.wcrtomb  0xfff0b49a       0x16 D:\usr\GR-SAKURA\mruby\gcctestb\gcctestb\gr_common\lib\libg.a(lib_a-wcrtomb.o)
                0xfff0b49a                wcrtomb
 .text.__ascii_wctomb
                0xfff0b4b0       0x1c D:\usr\GR-SAKURA\mruby\gcctestb\gcctestb\gr_common\lib\libg.a(lib_a-wctomb_r.o)
                0xfff0b4b0                __ascii_wctomb
 .text._wctomb_r
                0xfff0b4cc       0x29 D:\usr\GR-SAKURA\mruby\gcctestb\gcctestb\gr_common\lib\libg.a(lib_a-wctomb_r.o)
                0xfff0b4cc                _wctomb_r
 *(P)
 P              0xfff0b4f5        0x0 D:\usr\GR-SAKURA\mruby\gcctestb\gcctestb\SimDebug_RX600\vector_table.o
 *fill*         0xfff0b4f5        0x1 00
 P              0xfff0b4f6       0x9c D:\usr\GR-SAKURA\mruby\gcctestb\gcctestb\SimDebug_RX600\time_manage.o
                0xfff0b555                get_tim
 P              0xfff0b592      0x2d0 D:\usr\GR-SAKURA\mruby\gcctestb\gcctestb\SimDebug_RX600\time_event.o
                0xfff0b697                _kernel_initialize_time_event
                0xfff0b6cf                _kernel_time_event_enqueue
                0xfff0b77e                _kernel_time_event_dequeue
                0xfff0b79d                _kernel_signal_time
 P              0xfff0b862      0x156 D:\usr\GR-SAKURA\mruby\gcctestb\gcctestb\SimDebug_RX600\task_manage.o
                0xfff0b8c1                act_tsk
                0xfff0b93d                iact_tsk
 P              0xfff0b9b8      0x2ba D:\usr\GR-SAKURA\mruby\gcctestb\gcctestb\SimDebug_RX600\task.o
                0xfff0ba08                get_ipri_self
                0xfff0ba37                get_ipri
                0xfff0bb34                _kernel_search_schedtsk
                0xfff0bb46                _kernel_test_dormant
                0xfff0bb66                _kernel_initialize_task
                0xfff0bb8f                _kernel_make_active
                0xfff0bbc7                _kernel_run_task
                0xfff0bc50                _kernel_dispatcher
 *fill*         0xfff0bc72        0x2 00
 P              0xfff0bc74       0xc0 D:\usr\GR-SAKURA\mruby\gcctestb\gcctestb\SimDebug_RX600\target_support.o
                0xfff0bc74                hardware_init_hook
                0xfff0bd30                software_init_hook
 P              0xfff0bd34       0x25 D:\usr\GR-SAKURA\mruby\gcctestb\gcctestb\SimDebug_RX600\startup.o
                0xfff0bd34                sta_ker
 P              0xfff0bd59       0x2f D:\usr\GR-SAKURA\mruby\gcctestb\gcctestb\SimDebug_RX600\sbrk.o
                0xfff0bd59                _sbrk
                0xfff0bd59                sbrk
 P              0xfff0bd88      0x352 D:\usr\GR-SAKURA\mruby\gcctestb\gcctestb\SimDebug_RX600\rx63nsci0.o
                0xfff0bdab                CPU_UartInitialize
                0xfff0be81                CPU_UartPutch
                0xfff0bec1                CPU_UartPuts
                0xfff0bf05                CPU_UartGetch
                0xfff0bf42                CPU_UartGetch_t
                0xfff0bfb7                CPU_UartRead
                0xfff0c03b                CPU_UartGets
                0xfff0c08d                write
 P              0xfff0c0da        0x0 D:\usr\GR-SAKURA\mruby\gcctestb\gcctestb\SimDebug_RX600\reset_program.o
 P              0xfff0c0da       0xb4 D:\usr\GR-SAKURA\mruby\gcctestb\gcctestb\SimDebug_RX600\rbcall.o
                0xfff0c0da                mruby_call
 P              0xfff0c18e        0x0 D:\usr\GR-SAKURA\mruby\gcctestb\gcctestb\SimDebug_RX600\rb_main.o
 *fill*         0xfff0c18e        0x2 00
 P              0xfff0c190       0x78 D:\usr\GR-SAKURA\mruby\gcctestb\gcctestb\SimDebug_RX600\prc_support.o
                0xfff0c190                current_psw
                0xfff0c194                _kernel_default_int_handler_entry_c
                0xfff0c198                _kernel_default_int_handler_entry
                0xfff0c1a0                kernel_interrupt
 P              0xfff0c208      0x118 D:\usr\GR-SAKURA\mruby\gcctestb\gcctestb\SimDebug_RX600\mrb_read.o
                0xfff0c208                read_mrb
                0xfff0c240                mrb_read_ui
 P              0xfff0c320       0x34 D:\usr\GR-SAKURA\mruby\gcctestb\gcctestb\SimDebug_RX600\lowlvl-E1.o
                0xfff0c320                charput
                0xfff0c337                charget
                0xfff0c34e                open
                0xfff0c34e                isatty
                0xfff0c34e                lseek
                0xfff0c34e                read
                0xfff0c34e                close
                0xfff0c34e                fstat
 P              0xfff0c354       0x17 D:\usr\GR-SAKURA\mruby\gcctestb\gcctestb\SimDebug_RX600\kernel_cfg.o
                0xfff0c354                _kernel_initialize_object
 P              0xfff0c36b      0x60c D:\usr\GR-SAKURA\mruby\gcctestb\gcctestb\SimDebug_RX600\interrupt_handlers.o
                0xfff0c36b                Excep_SuperVisorInst
                0xfff0c373                Excep_UndefinedInst
                0xfff0c37b                Excep_FloatingPoint
                0xfff0c383                NonMaskableInterrupt
                0xfff0c38b                Dummy
                0xfff0c393                Excep_BRK
                0xfff0c39b                Excep_BUSERR
                0xfff0c3a3                Excep_FCUIF_FIFEERR
                0xfff0c3ab                Excep_FCUIF_FRDYI
                0xfff0c3b3                Excep_ICU_SWINT
                0xfff0c3bb                Excep_CMT0_CMI0
                0xfff0c3c7                Excep_CMT1_CMI1
                0xfff0c3cf                Excep_CMT2_CMI2
                0xfff0c3d7                Excep_CMT3_CMI3
                0xfff0c3df                Excep_ETHER_EINT
                0xfff0c3e7                Excep_USB0_D0FIFO0
                0xfff0c3ef                Excep_USB0_D1FIFO0
                0xfff0c3f7                Excep_USB0_USBI0
                0xfff0c3ff                Excep_USB1_D0FIFO1
                0xfff0c407                Excep_USB1_D1FIFO1
                0xfff0c40f                Excep_USB1_USBI1
                0xfff0c417                Excep_RSPI0_SPRI0
                0xfff0c41f                Excep_RSPI0_SPTI0
                0xfff0c427                Excep_RSPI0_SPII0
                0xfff0c42f                Excep_RSPI1_SPRI1
                0xfff0c437                Excep_RSPI1_SPTI1
                0xfff0c43f                Excep_RSPI1_SPII1
                0xfff0c447                Excep_RSPI2_SPRI2
                0xfff0c44f                Excep_RSPI2_SPTI2
                0xfff0c457                Excep_RSPI2_SPII2
                0xfff0c45f                Excep_CAN0_RXF0
                0xfff0c467                Excep_CAN0_TXF0
                0xfff0c46f                Excep_CAN0_RXM0
                0xfff0c477                Excep_CAN0_TXM0
                0xfff0c47f                Excep_CAN1_RXF1
                0xfff0c487                Excep_CAN1_TXF1
                0xfff0c48f                Excep_CAN1_RXM1
                0xfff0c497                Excep_CAN1_TXM1
                0xfff0c49f                Excep_CAN2_RXF2
                0xfff0c4a7                Excep_CAN2_TXF2
                0xfff0c4af                Excep_CAN2_RXM2
                0xfff0c4b7                Excep_CAN2_TXM2
                0xfff0c4bf                Excep_RTC_CUP
                0xfff0c4c7                Excep_IRQ0
                0xfff0c4cf                Excep_IRQ1
                0xfff0c4d7                Excep_IRQ2
                0xfff0c4df                Excep_IRQ3
                0xfff0c4e7                Excep_IRQ4
                0xfff0c4ef                Excep_IRQ5
                0xfff0c4f7                Excep_IRQ6
                0xfff0c4ff                Excep_IRQ7
                0xfff0c507                Excep_IRQ8
                0xfff0c50f                Excep_IRQ9
                0xfff0c517                Excep_IRQ10
                0xfff0c51f                Excep_IRQ11
                0xfff0c527                Excep_IRQ12
                0xfff0c52f                Excep_IRQ13
                0xfff0c537                Excep_IRQ14
                0xfff0c53f                Excep_IRQ15
                0xfff0c547                Excep_USB_USBR0
                0xfff0c54f                Excep_USB_USBR1
                0xfff0c557                Excep_RTC_ALM
                0xfff0c55f                Excep_RTC_SLEEP
                0xfff0c567                Excep_ADA0_ADI0
                0xfff0c56f                Excep_S12AD0_S12ADI0
                0xfff0c577                Excep_GROUP_E0
                0xfff0c57f                Excep_GROUP_E1
                0xfff0c587                Excep_GROUP_E2
                0xfff0c58f                Excep_GROUP_E3
                0xfff0c597                Excep_GROUP_E4
                0xfff0c59f                Excep_GROUP_E5
                0xfff0c5a7                Excep_GROUP_E6
                0xfff0c5af                Excep_GROUP_L0
                0xfff0c5b7                Excep_SCIX_SCIX0
                0xfff0c5bf                Excep_SCIX_SCIX1
                0xfff0c5c7                Excep_SCIX_SCIX2
                0xfff0c5cf                Excep_SCIX_SCIX3
                0xfff0c5d7                Excep_TPU0_TGIA0
                0xfff0c5df                Excep_TPU0_TGIB0
                0xfff0c5e7                Excep_TPU0_TGIC0
                0xfff0c5ef                Excep_TPU0_TGID0
                0xfff0c5f7                Excep_TPU1_TGIA1
                0xfff0c5ff                Excep_TPU1_TGIB1
                0xfff0c607                Excep_TPU2_TGIA2
                0xfff0c60f                Excep_TPU2_TGIB2
                0xfff0c617                Excep_TPU3_TGIA3
                0xfff0c61f                Excep_TPU3_TGIB3
                0xfff0c627                Excep_TPU3_TGIC3
                0xfff0c62f                Excep_TPU3_TGID3
                0xfff0c637                Excep_TPU4_TGIA4
                0xfff0c63f                Excep_TPU4_TGIB4
                0xfff0c647                Excep_TPU5_TGIA5
                0xfff0c64f                Excep_TPU5_TGIB5
                0xfff0c657                Excep_TPU6_TGIA6
                0xfff0c65f                Excep_TPU6_TGIB6
                0xfff0c667                Excep_TPU6_TGIC6
                0xfff0c66f                Excep_TPU6_TGID6
                0xfff0c677                Excep_TPU6_TGIE6
                0xfff0c67f                Excep_TPU6_TGIF6
                0xfff0c687                Excep_TPU7_TGIA7
                0xfff0c68f                Excep_TPU7_TGIB7
                0xfff0c697                Excep_TPU8_TGIA8
                0xfff0c69f                Excep_TPU8_TGIB8
                0xfff0c6a7                Excep_TPU9_TGIA9
                0xfff0c6af                Excep_TPU9_TGIB9
                0xfff0c6b7                Excep_TPU9_TGIC9
                0xfff0c6bf                Excep_TPU9_TGID9
                0xfff0c6c7                Excep_TPU10_TGIA10
                0xfff0c6cf                Excep_TPU10_TGIB10
                0xfff0c6d7                Excep_TPU10_TGIC10
                0xfff0c6df                Excep_TPU10_TGID10
                0xfff0c6e7                Excep_TPU10_TGIV10
                0xfff0c6ef                Excep_MTU5_TGIU5
                0xfff0c6f7                Excep_MTU5_TGIV5
                0xfff0c6ff                Excep_MTU5_TGIW5
                0xfff0c707                Excep_TPU11_TGIA11
                0xfff0c70f                Excep_TPU11_TGIB11
                0xfff0c717                Excep_POE2_OEI1
                0xfff0c71f                Excep_POE2_OEI2
                0xfff0c727                Excep_TMR0_CMIA0
                0xfff0c72f                Excep_TMR0_CMIB0
                0xfff0c737                Excep_TMR0_OVI0
                0xfff0c73f                Excep_TMR1_CMIA1
                0xfff0c747                Excep_TMR1_CMIB1
                0xfff0c74f                Excep_TMR1_OVI1
                0xfff0c757                Excep_TMR2_CMIA2
                0xfff0c75f                Excep_TMR2_CMIB2
                0xfff0c767                Excep_TMR2_OVI2
                0xfff0c76f                Excep_TMR3_CMIA3
                0xfff0c777                Excep_TMR3_CMIB3
                0xfff0c77f                Excep_TMR3_OVI3
                0xfff0c787                Excep_RIIC0_EEI0
                0xfff0c78f                Excep_RIIC0_RXI0
                0xfff0c797                Excep_RIIC0_TXI0
                0xfff0c79f                Excep_RIIC0_TEI0
                0xfff0c7a7                Excep_RIIC1_EEI0
                0xfff0c7af                Excep_RIIC1_RXI0
                0xfff0c7b7                Excep_RIIC1_TXI0
                0xfff0c7bf                Excep_RIIC1_TEI0
                0xfff0c7c7                Excep_RIIC2_EEI0
                0xfff0c7cf                Excep_RIIC2_RXI0
                0xfff0c7d7                Excep_RIIC2_TXI0
                0xfff0c7df                Excep_RIIC2_TEI0
                0xfff0c7e7                Excep_RIIC3_EEI0
                0xfff0c7ef                Excep_RIIC3_RXI0
                0xfff0c7f7                Excep_RIIC3_TXI0
                0xfff0c7ff                Excep_RIIC3_TEI0
                0xfff0c807                Excep_DMACA_DMAC0
                0xfff0c80f                Excep_DMACA_DMAC1
                0xfff0c817                Excep_DMACA_DMAC2
                0xfff0c81f                Excep_DMACA_DMAC3
                0xfff0c827                Excep_EXDMAC_DMAC0
                0xfff0c82f                Excep_EXDMAC_DMAC1
                0xfff0c837                Excep_SCI0_RXI0
                0xfff0c83f                Excep_SCI0_TXI0
                0xfff0c847                Excep_SCI0_TEI0
                0xfff0c84f                Excep_SCI1_RXI1
                0xfff0c857                Excep_SCI1_TXI1
                0xfff0c85f                Excep_SCI1_TEI1
                0xfff0c867                Excep_SCI2_RXI2
                0xfff0c86f                Excep_SCI2_TXI2
                0xfff0c877                Excep_SCI2_TEI2
                0xfff0c87f                Excep_SCI3_RXI3
                0xfff0c887                Excep_SCI3_TXI3
                0xfff0c88f                Excep_SCI3_TEI3
                0xfff0c897                Excep_SCI4_RXI4
                0xfff0c89f                Excep_SCI4_TXI4
                0xfff0c8a7                Excep_SCI4_TEI4
                0xfff0c8af                Excep_SCI5_RXI5
                0xfff0c8b7                Excep_SCI5_TXI5
                0xfff0c8bf                Excep_SCI5_TEI5
                0xfff0c8c7                Excep_SCI6_RXI6
                0xfff0c8cf                Excep_SCI6_TXI6
                0xfff0c8d7                Excep_SCI6_TEI6
                0xfff0c8df                Excep_SCI7_RXI7
                0xfff0c8e7                Excep_SCI7_TXI7
                0xfff0c8ef                Excep_SCI7_TEI7
                0xfff0c8f7                Excep_SCI8_RXI8
                0xfff0c8ff                Excep_SCI8_TXI8
                0xfff0c907                Excep_SCI8_TEI8
                0xfff0c90f                Excep_SCI9_RXI9
                0xfff0c917                Excep_SCI9_TXI9
                0xfff0c91f                Excep_SCI9_TEI9
                0xfff0c927                Excep_SCI10_RXI10
                0xfff0c92f                Excep_SCI10_TXI10
                0xfff0c937                Excep_SCI10_TEI10
                0xfff0c93f                Excep_SCI11_RXI11
                0xfff0c947                Excep_SCI11_TXI11
                0xfff0c94f                Excep_SCI11_TEI11
                0xfff0c957                Excep_SCI12_RXI12
                0xfff0c95f                Excep_SCI12_TXI12
                0xfff0c967                Excep_SCI12_TEI12
                0xfff0c96f                Excep_IEBUS_IEBINT
 P              0xfff0c977       0x59 D:\usr\GR-SAKURA\mruby\gcctestb\gcctestb\SimDebug_RX600\hardware_setup.o
                0xfff0c977                HardwareSetup
 P              0xfff0c9d0       0x6a D:\usr\GR-SAKURA\mruby\gcctestb\gcctestb\SimDebug_RX600\gcctestb.o
                0xfff0c9d0                main
                0xfff0ca23                task2
                0xfff0ca2f                CMI0
 P              0xfff0ca3a      0x382 D:\usr\GR-SAKURA\mruby\gcctestb\gcctestb\SimDebug_RX600\cyclic.o
                0xfff0ca99                _kernel_initialize_cyclic
                0xfff0cb30                sta_cyc
                0xfff0cc0d                stp_cyc
                0xfff0cca9                istp_cyc
                0xfff0cd45                _kernel_call_cychdr
 P              0xfff0cdbc        0x0 D:\usr\GR-SAKURA\mruby\gcctestb\gcctestb\SimDebug_RX600\crt0.o
 P              0xfff0cdbc      0x398 D:\usr\GR-SAKURA\mruby\gcctestb\gcctestb\SimDebug_RX600\alarm.o
                0xfff0ce1b                _kernel_initialize_alarm
                0xfff0ce2f                sta_alm
                0xfff0cef9                ista_alm
                0xfff0cfc3                stp_alm
                0xfff0d061                istp_alm
                0xfff0d0ff                _kernel_call_almhdr
 P              0xfff0d154      0xb38 D:\usr\GR-SAKURA\mruby\gcctestb\gcctestb\gr_mruby\mruby-1.1.0\build\grsakura\lib\libmruby.a(load.o)
                0xfff0d8a5                read_irep
                0xfff0db37                mrb_read_irep
                0xfff0db3d                mrb_load_irep_cxt
                0xfff0db88                mrb_load_irep
                0xfff0db8f                mrb_read_irep_file
                0xfff0dc25                mrb_load_irep_file_cxt
                0xfff0dc85                mrb_load_irep_file
 P              0xfff0dc8c      0x504 D:\usr\GR-SAKURA\mruby\gcctestb\gcctestb\gr_mruby\mruby-1.1.0\build\grsakura\lib\libmruby.a(proc.o)
                0xfff0dea5                mrb_proc_new
                0xfff0df02                mrb_closure_new
                0xfff0df3d                mrb_proc_new_cfunc
                0xfff0df5a                mrb_proc_new_cfunc_with_env
                0xfff0dfc7                mrb_closure_new_cfunc
                0xfff0dfcd                mrb_proc_cfunc_env_get
                0xfff0e05f                mrb_proc_copy
                0xfff0e093                mrb_proc_cfunc_p
                0xfff0e09a                mrb_proc_call_cfunc
                0xfff0e0a4                mrb_proc_iseq
                0xfff0e0ab                mrb_init_proc
 P              0xfff0e190      0x3d4 D:\usr\GR-SAKURA\mruby\gcctestb\gcctestb\gr_mruby\mruby-1.1.0\build\grsakura\lib\libmruby.a(state.o)
                0xfff0e19d                mrb_default_allocf
                0xfff0e1b8                mrb_open_core
                0xfff0e21d                mrb_alloca
                0xfff0e234                mrb_open_allocf
                0xfff0e251                mrb_open
                0xfff0e25d                mrb_irep_incref
                0xfff0e266                mrb_irep_free
                0xfff0e330                mrb_irep_decref
                0xfff0e33f                mrb_str_pool
                0xfff0e408                mrb_free_context
                0xfff0e43b                mrb_close
                0xfff0e4b4                mrb_add_irep
                0xfff0e4cb                mrb_top_self
                0xfff0e523                mrb_state_atexit
 P              0xfff0e564     0x3418 D:\usr\GR-SAKURA\mruby\gcctestb\gcctestb\gr_mruby\mruby-1.1.0\build\grsakura\lib\libmruby.a(string.o)
                0xfff0e877                mrb_str_intern
                0xfff0ed19                mrb_str_strlen
                0xfff0ed7f                mrb_str_modify
                0xfff0f42d                mrb_str_resize
                0xfff0f4f8                mrb_str_buf_new
                0xfff0f564                mrb_str_new
                0xfff0f56a                mrb_str_new_cstr
                0xfff0f596                mrb_str_new_static
                0xfff0f5e0                mrb_gc_free_str
                0xfff0f62b                mrb_str_to_cstr
                0xfff0f6d3                mrb_str_plus
                0xfff0f812                mrb_str_cmp
                0xfff0f9d2                mrb_str_equal
                0xfff0fa91                mrb_str_to_str
                0xfff0fb5b                mrb_str_concat
                0xfff0fcb7                mrb_string_value_ptr
                0xfff0fcc9                mrb_noregexp
                0xfff10199                mrb_regexp_check
                0xfff101b7                mrb_str_dup
                0xfff1031f                mrb_str_substr
                0xfff104f3                mrb_str_hash
                0xfff10537                mrb_obj_as_string
                0xfff1056e                mrb_ptr_to_str
                0xfff105fc                mrb_string_type
                0xfff10614                mrb_check_string_type
                0xfff10938                mrb_cstr_to_inum
                0xfff10c8c                mrb_string_value_cstr
                0xfff10cd6                mrb_str_to_inum
                0xfff10dc7                mrb_cstr_to_dbl
                0xfff10fb0                mrb_str_to_dbl
                0xfff11059                mrb_str_dump
                0xfff11277                mrb_str_cat
                0xfff1145f                mrb_str_inspect
                0xfff11582                mrb_str_cat_cstr
                0xfff115a6                mrb_str_cat_str
                0xfff115d2                mrb_str_append
                0xfff115fb                mrb_init_string
 P              0xfff1197c      0xb64 D:\usr\GR-SAKURA\mruby\gcctestb\gcctestb\gr_mruby\mruby-1.1.0\build\grsakura\lib\libmruby.a(symbol.o)
                0xfff11c0f                kh_alloc_n2s
                0xfff11c4b                kh_init_n2s_size
                0xfff11c9d                kh_init_n2s
                0xfff11ca3                kh_destroy_n2s
                0xfff11cc0                kh_clear_n2s
                0xfff11ceb                kh_get_n2s
                0xfff11db2                kh_put_n2s
                0xfff12041                kh_resize_n2s
                0xfff120d8                kh_del_n2s
                0xfff120f9                kh_copy_n2s
                0xfff12159                mrb_intern
                0xfff1215e                mrb_intern_static
                0xfff12163                mrb_intern_cstr
                0xfff1217f                mrb_intern_str
                0xfff121a0                mrb_check_intern
                0xfff121d8                mrb_check_intern_cstr
                0xfff121f3                mrb_check_intern_str
                0xfff12216                mrb_sym2name_len
                0xfff1235d                mrb_free_symtbl
                0xfff123b3                mrb_init_symtbl
                0xfff123c1                mrb_sym2str
                0xfff123e4                mrb_sym2name
                0xfff1243d                mrb_init_symbol
 P              0xfff124e0     0x10bc D:\usr\GR-SAKURA\mruby\gcctestb\gcctestb\gr_mruby\mruby-1.1.0\build\grsakura\lib\libmruby.a(variable.o)
                0xfff127ad                kh_alloc_iv
                0xfff127ef                kh_init_iv_size
                0xfff12841                kh_init_iv
                0xfff12847                kh_destroy_iv
                0xfff12864                kh_clear_iv
                0xfff1288f                kh_get_iv
                0xfff12a90                kh_put_iv
                0xfff12bd0                kh_resize_iv
                0xfff12c78                kh_del_iv
                0xfff12c99                kh_copy_iv
                0xfff12d11                mrb_gc_mark_gv
                0xfff12d23                mrb_gc_free_gv
                0xfff12d2d                mrb_gc_mark_iv
                0xfff12d3f                mrb_gc_mark_iv_size
                0xfff12d47                mrb_gc_free_iv
                0xfff12d51                mrb_vm_special_get
                0xfff12d56                mrb_vm_special_set
                0xfff12d57                mrb_obj_iv_get
                0xfff12d78                mrb_iv_get
                0xfff12d95                mrb_obj_iv_set
                0xfff12df5                mrb_obj_iv_ifnone
                0xfff12e48                mrb_iv_set
                0xfff12e84                mrb_obj_iv_defined
                0xfff12e93                mrb_iv_defined
                0xfff12eaf                mrb_iv_p
                0xfff12f16                mrb_iv_check
                0xfff12f44                mrb_iv_copy
                0xfff12f7b                mrb_obj_iv_inspect
                0xfff1302e                mrb_iv_remove
                0xfff13060                mrb_vm_iv_get
                0xfff13072                mrb_vm_iv_set
                0xfff1308d                mrb_obj_instance_variables
                0xfff130cb                mrb_mod_class_variables
                0xfff1310b                mrb_mod_cv_get
                0xfff1316b                mrb_cv_get
                0xfff13172                mrb_mod_cv_set
                0xfff13202                mrb_cv_set
                0xfff13210                mrb_mod_cv_defined
                0xfff13254                mrb_cv_defined
                0xfff1325a                mrb_vm_cv_get
                0xfff13277                mrb_vm_cv_set
                0xfff132a7                mrb_const_get
                0xfff132c0                mrb_vm_const_get
                0xfff13340                mrb_const_set
                0xfff1336c                mrb_vm_const_set
                0xfff1339c                mrb_const_remove
                0xfff133bd                mrb_define_const
                0xfff133e8                mrb_define_global_const
                0xfff133fc                mrb_mod_constants
                0xfff13463                mrb_gv_get
                0xfff1348a                mrb_gv_set
                0xfff134bc                mrb_gv_remove
                0xfff134cc                mrb_f_global_variables
                0xfff13536                mrb_const_defined
                0xfff1353d                mrb_const_defined_at
                0xfff13544                mrb_attr_get
                0xfff13549                mrb_class_sym
 P              0xfff1359c     0x36fc D:\usr\GR-SAKURA\mruby\gcctestb\gcctestb\gr_mruby\mruby-1.1.0\build\grsakura\lib\libmruby.a(vm.o)
                0xfff1376a                mrb_run
                0xfff13809                mrb_context_run
                0xfff16316                mrb_yield_with_class
                0xfff16492                mrb_yield
                0xfff164b9                mrb_yield_argv
                0xfff16588                mrb_obj_instance_eval
                0xfff1661a                mrb_mod_module_eval
                0xfff16671                mrb_funcall_with_block
                0xfff16a48                mrb_f_send
                0xfff16b93                mrb_funcall_argv
                0xfff16bb4                mrb_funcall
                0xfff16c29                mrb_toplevel_run_keep
                0xfff16c8e                mrb_toplevel_run
 P              0xfff16c98      0x280 D:\usr\GR-SAKURA\mruby\gcctestb\gcctestb\gr_mruby\mruby-1.1.0\build\grsakura\lib\libmruby.a(ssp-thread.o)
                0xfff16dc2                mrb_ssp_thread_call
                0xfff16eb8                mrb_mruby_ssp_thread_gem_init
                0xfff16f16                mrb_mruby_ssp_thread_gem_final
 P              0xfff16f18      0x2c0 D:\usr\GR-SAKURA\mruby\gcctestb\gcctestb\gr_mruby\mruby-1.1.0\build\grsakura\lib\libmruby.a(ssp-alarm.o)
                0xfff17095                mrb_ssp_alarm_call
                0xfff1715e                mrb_mruby_ssp_alarm_gem_init
                0xfff171d5                mrb_mruby_ssp_alarm_gem_final
 P              0xfff171d8      0x264 D:\usr\GR-SAKURA\mruby\gcctestb\gcctestb\gr_mruby\mruby-1.1.0\build\grsakura\lib\libmruby.a(ssp-cyclic.o)
                0xfff172fe                mrb_ssp_cyclic_call
                0xfff173c6                mrb_mruby_ssp_cyclic_gem_init
                0xfff17439                mrb_mruby_ssp_cyclic_gem_final
 P              0xfff1743c       0x74 D:\usr\GR-SAKURA\mruby\gcctestb\gcctestb\gr_mruby\mruby-1.1.0\build\grsakura\lib\libmruby.a(gem_init.o)
                0xfff17470                mrb_init_mrbgems
 P              0xfff174b0     0x1694 D:\usr\GR-SAKURA\mruby\gcctestb\gcctestb\gr_mruby\mruby-1.1.0\build\grsakura\lib\libmruby.a(array.o)
                0xfff174b0                mrb_ary_pop
                0xfff177a0                mrb_ary_shift
                0xfff1789c                mrb_ary_new_capa
                0xfff1796b                mrb_ary_new
                0xfff17a0e                mrb_ary_new_from_values
                0xfff17b86                mrb_assoc_new
                0xfff17bb2                mrb_ary_ref
                0xfff17cb7                mrb_ary_decref
                0xfff18009                mrb_ary_concat
                0xfff18019                mrb_ary_splice
                0xfff181b0                mrb_ary_set
                0xfff18350                mrb_ary_unshift
                0xfff1841e                mrb_ary_push
                0xfff18661                mrb_ary_replace
                0xfff186f1                mrb_ary_resize
                0xfff18741                mrb_ary_modify
                0xfff18754                mrb_ary_clear
                0xfff18799                mrb_ary_splat
                0xfff187f1                mrb_check_array_type
                0xfff18808                mrb_ary_entry
                0xfff18838                mrb_ary_join
                0xfff188a8                mrb_init_array
 P              0xfff18b44     0x2ad0 D:\usr\GR-SAKURA\mruby\gcctestb\gcctestb\gr_mruby\mruby-1.1.0\build\grsakura\lib\libmruby.a(class.o)
                0xfff18e6b                kh_alloc_mt
                0xfff18eab                kh_init_mt_size
                0xfff18efd                kh_init_mt
                0xfff18f44                kh_destroy_mt
                0xfff18f61                kh_clear_mt
                0xfff18f8b                kh_get_mt
                0xfff19000                kh_put_mt
                0xfff1911e                kh_resize_mt
                0xfff191c0                kh_del_mt
                0xfff191e1                kh_copy_mt
                0xfff1924d                mrb_gc_mark_mt
                0xfff192a7                mrb_gc_mark_mt_size
                0xfff192af                mrb_gc_free_mt
                0xfff192b5                mrb_class_outer_module
                0xfff192d4                mrb_class_defined
                0xfff19300                mrb_class_get_under
                0xfff19317                mrb_class_get
                0xfff1944f                mrb_module_get_under
                0xfff19466                mrb_module_get
                0xfff1946e                mrb_define_method_raw
                0xfff194b3                mrb_define_method_id
                0xfff194e8                mrb_define_method
                0xfff19511                mrb_define_method_vm
                0xfff19557                mrb_get_args
                0xfff1a233                mrb_instance_new
                0xfff1a31d                mrb_include_module
                0xfff1a417                mrb_singleton_class
                0xfff1a4f6                mrb_define_singleton_method
                0xfff1a529                mrb_define_class_method
                0xfff1a531                mrb_define_module_function
                0xfff1a55c                mrb_method_search_vm
                0xfff1a5a2                mrb_method_search
                0xfff1a614                mrb_mod_module_function
                0xfff1a6b3                mrb_obj_new
                0xfff1a6ea                mrb_obj_respond_to
                0xfff1a806                mrb_respond_to
                0xfff1a93a                mrb_class_path
                0xfff1ab9e                mrb_class_real
                0xfff1abb3                mrb_class_name
                0xfff1ac18                mrb_class_new
                0xfff1adbf                mrb_define_class_under
                0xfff1adec                mrb_vm_define_class
                0xfff1ae94                mrb_define_class_id
                0xfff1aed7                mrb_define_class
                0xfff1aef1                mrb_module_new
                0xfff1af46                mrb_define_module_under
                0xfff1af6f                mrb_vm_define_module
                0xfff1af75                mrb_define_module
                0xfff1af87                mrb_define_module_id
                0xfff1af8b                mrb_obj_class
                0xfff1afd6                mrb_obj_classname
                0xfff1afe8                mrb_alias_method
                0xfff1b040                mrb_define_alias
                0xfff1b068                mrb_undef_method
                0xfff1b07f                mrb_undef_class_method
                0xfff1b097                mrb_init_class
 P              0xfff1b614     0x861c D:\usr\GR-SAKURA\mruby\gcctestb\gcctestb\gr_mruby\mruby-1.1.0\build\grsakura\lib\libmruby.a(codegen.o)
                0xfff23b8e                mrb_codedump_all
                0xfff23b93                mrb_generate_code
 P              0xfff23c30       0x38 D:\usr\GR-SAKURA\mruby\gcctestb\gcctestb\gr_mruby\mruby-1.1.0\build\grsakura\lib\libmruby.a(crc.o)
                0xfff23c30                calc_crc_16_ccitt
 P              0xfff23c68      0x310 D:\usr\GR-SAKURA\mruby\gcctestb\gcctestb\gr_mruby\mruby-1.1.0\build\grsakura\lib\libmruby.a(debug.o)
                0xfff23c68                mrb_debug_get_filename
                0xfff23cdb                mrb_debug_get_line
                0xfff23da6                mrb_debug_info_alloc
                0xfff23dbe                mrb_debug_info_append_file
                0xfff23f1e                mrb_debug_info_free
 P              0xfff23f78      0xa68 D:\usr\GR-SAKURA\mruby\gcctestb\gcctestb\gr_mruby\mruby-1.1.0\build\grsakura\lib\libmruby.a(error.o)
                0xfff24290                mrb_exc_new
                0xfff242b3                mrb_exc_new_str
                0xfff242da                mrb_exc_raise
                0xfff243f8                mrb_raise
                0xfff2441c                mrb_vformat
                0xfff24537                mrb_format
                0xfff24546                mrb_raisef
                0xfff24572                mrb_name_error
                0xfff245b5                mrb_warn
                0xfff24613                mrb_bug
                0xfff2466c                mrb_make_exception
                0xfff247bd                mrb_sys_fail
                0xfff24848                mrb_no_method_error
                0xfff248b1                mrb_init_exception
 P              0xfff249e0      0x26c D:\usr\GR-SAKURA\mruby\gcctestb\gcctestb\gr_mruby\mruby-1.1.0\build\grsakura\lib\libmruby.a(etc.o)
                0xfff249e0                mrb_data_object_alloc
                0xfff249f9                mrb_data_check_type
                0xfff24ac8                mrb_data_check_get_ptr
                0xfff24ad8                mrb_data_get_ptr
                0xfff24ae5                mrb_obj_to_sym
                0xfff24b4a                mrb_float_id
                0xfff24b74                mrb_obj_id
                0xfff24c07                mrb_regexp_p
 P              0xfff24c4c      0xf30 D:\usr\GR-SAKURA\mruby\gcctestb\gcctestb\gr_mruby\mruby-1.1.0\build\grsakura\lib\libmruby.a(gc.o)
                0xfff25620                mrb_free
                0xfff2562a                mrb_free_heap
                0xfff25677                mrb_gc_mark
                0xfff25697                mrb_incremental_gc
                0xfff25744                mrb_full_gc
                0xfff257af                mrb_realloc_simple
                0xfff257e7                mrb_malloc_simple
                0xfff257ef                mrb_realloc
                0xfff2586b                mrb_gc_protect
                0xfff25872                mrb_malloc
                0xfff2587a                mrb_calloc
                0xfff25909                mrb_obj_alloc
                0xfff25997                mrb_init_heap
                0xfff259bb                mrb_garbage_collect
                0xfff259bf                mrb_gc_arena_save
                0xfff259c2                mrb_gc_arena_restore
                0xfff25a02                mrb_field_write_barrier
                0xfff25a46                mrb_write_barrier
                0xfff25a63                mrb_objspace_each_objects
                0xfff25a9b                mrb_init_gc
 P              0xfff25b7c     0x1368 D:\usr\GR-SAKURA\mruby\gcctestb\gcctestb\gr_mruby\mruby-1.1.0\build\grsakura\lib\libmruby.a(hash.o)
                0xfff25b7c                mrb_hash_clear
                0xfff25bb7                mrb_hash_empty_p
                0xfff25c7a                mrb_hash_keys
                0xfff25e6a                kh_alloc_ht
                0xfff25eaf                kh_init_ht_size
                0xfff25f01                kh_init_ht
                0xfff25f07                kh_destroy_ht
                0xfff25f24                kh_clear_ht
                0xfff25f4f                kh_get_ht
                0xfff26154                kh_put_ht
                0xfff264d3                kh_resize_ht
                0xfff26591                kh_del_ht
                0xfff265b2                kh_copy_ht
                0xfff26641                mrb_gc_mark_hash
                0xfff266b9                mrb_gc_mark_hash_size
                0xfff266c3                mrb_gc_free_hash
                0xfff266cd                mrb_hash_new_capa
                0xfff266fe                mrb_hash_new
                0xfff26705                mrb_hash_get
                0xfff267d0                mrb_hash_fetch
                0xfff26810                mrb_check_hash_type
                0xfff26827                mrb_hash_tbl
                0xfff269a4                mrb_hash_set
                0xfff26ad4                mrb_hash_delete_key
                0xfff26ca3                mrb_init_hash
 P              0xfff26ee4       0xd8 D:\usr\GR-SAKURA\mruby\gcctestb\gcctestb\gr_mruby\mruby-1.1.0\build\grsakura\lib\libmruby.a(init.o)
                0xfff26ee4                mrb_init_core
 P              0xfff26fbc     0x14f4 D:\usr\GR-SAKURA\mruby\gcctestb\gcctestb\gr_mruby\mruby-1.1.0\build\grsakura\lib\libmruby.a(kernel.o)
                0xfff274fe                mrb_obj_hash
                0xfff27666                mrb_f_raise
                0xfff27783                mrb_obj_dup
                0xfff2786c                mrb_obj_clone
                0xfff278c9                mrb_obj_inspect
                0xfff2791e                mrb_obj_is_instance_of
                0xfff27967                kh_alloc_st
                0xfff279a3                kh_init_st_size
                0xfff279f5                kh_init_st
                0xfff279fb                kh_destroy_st
                0xfff27a18                kh_clear_st
                0xfff27a43                kh_get_st
                0xfff27ab8                kh_put_st
                0xfff27d8c                kh_resize_st
                0xfff27e20                kh_del_st
                0xfff27e41                kh_copy_st
                0xfff27ea1                mrb_class_instance_method_list
                0xfff28060                mrb_init_kernel
 P              0xfff284b0     0x1384 D:\usr\GR-SAKURA\mruby\gcctestb\gcctestb\gr_mruby\mruby-1.1.0\build\grsakura\lib\libmruby.a(numeric.o)
                0xfff28db1                mrb_to_flo
                0xfff290d0                mrb_num_div
                0xfff290fc                mrb_fixnum_mul
                0xfff291b9                mrb_flo_to_fixnum
                0xfff2923e                mrb_fixnum_plus
                0xfff292c2                mrb_fixnum_minus
                0xfff2933e                mrb_fixnum_to_str
                0xfff29422                mrb_init_numeric
 P              0xfff29834      0x964 D:\usr\GR-SAKURA\mruby\gcctestb\gcctestb\gr_mruby\mruby-1.1.0\build\grsakura\lib\libmruby.a(object.o)
                0xfff298ff                mrb_obj_eq
                0xfff29943                mrb_obj_equal
                0xfff2994f                mrb_equal
                0xfff2999d                mrb_init_object
                0xfff29b6f                mrb_check_type
                0xfff29c83                mrb_any_to_s
                0xfff29d06                mrb_obj_is_kind_of
                0xfff29db2                mrb_inspect
                0xfff29e5f                mrb_check_convert_type
                0xfff29ea0                mrb_convert_type
                0xfff29f16                mrb_Float
                0xfff29f83                mrb_check_to_integer
                0xfff2a04b                mrb_convert_to_integer
                0xfff2a137                mrb_Integer
                0xfff2a13e                mrb_to_int
                0xfff2a148                mrb_eql
 P              0xfff2a198      0x16c D:\usr\GR-SAKURA\mruby\gcctestb\gcctestb\gr_mruby\mruby-1.1.0\build\grsakura\lib\libmruby.a(pool.o)
                0xfff2a198                mrb_pool_open
                0xfff2a1af                mrb_pool_close
                0xfff2a1e1                mrb_pool_alloc
                0xfff2a25e                mrb_pool_can_realloc
                0xfff2a291                mrb_pool_realloc
 P              0xfff2a304      0x1b8 D:\usr\GR-SAKURA\mruby\gcctestb\gcctestb\gr_mruby\mruby-1.1.0\build\grsakura\lib\libmruby.a(print.o)
                0xfff2a347                mrb_p
                0xfff2a3a6                mrb_print_error
                0xfff2a440                mrb_show_version
                0xfff2a47d                mrb_show_copyright
 P              0xfff2a4bc      0x8b8 D:\usr\GR-SAKURA\mruby\gcctestb\gcctestb\gr_mruby\mruby-1.1.0\build\grsakura\lib\libmruby.a(range.o)
                0xfff2a4bc                mrb_range_beg
                0xfff2a4c5                mrb_range_end
                0xfff2a4cf                mrb_range_excl
                0xfff2a4d9                mrb_range_include
                0xfff2a58f                mrb_range_eq
                0xfff2a9ff                mrb_range_initialize
                0xfff2aa55                mrb_range_new
                0xfff2aab8                mrb_range_beg_len
                0xfff2aad9                mrb_get_values_at
                0xfff2ac16                mrb_init_range
 P              0xfff2ad74       0xb0 D:\usr\GR-SAKURA\mruby\gcctestb\gcctestb\gr_mruby\mruby-1.1.0\build\grsakura\lib\libmruby.a(version.o)
                0xfff2ad74                mrb_init_version
 P              0xfff2ae24     0x8a7c D:\usr\GR-SAKURA\mruby\gcctestb\gcctestb\gr_mruby\mruby-1.1.0\build\grsakura\lib\libmruby.a(y.tab.o)
                0xfff2cf99                mrb_parser_new
                0xfff2cfdd                mrb_parser_free
                0xfff2cfe3                mrbc_context_new
                0xfff2cfec                mrbc_context_free
                0xfff2d002                mrbc_filename
                0xfff2d037                mrbc_partial_hook
                0xfff2d03c                mrb_parser_set_filename
                0xfff2d154                mrb_parser_get_filename
                0xfff2d16f                mrb_parser_dump
                0xfff2e1af                mrb_parser_parse
                0xfff337ce                mrb_parse_nstring
                0xfff337f5                mrb_load_nstring_cxt
                0xfff3380c                mrb_load_string_cxt
                0xfff3382b                mrb_load_string
                0xfff33832                mrb_load_nstring
                0xfff33839                mrb_parse_string
                0xfff33859                mrb_parse_file
                0xfff3387d                mrb_load_file_cxt
                0xfff33894                mrb_load_file
                0xfff3389b                yydebug
 P              0xfff338a0        0xc D:\usr\GR-SAKURA\mruby\gcctestb\gcctestb\gr_mruby\mruby-1.1.0\build\grsakura\lib\libmruby.a(mrblib.o)
                0xfff338a0                mrb_init_mrblib
 P              0xfff338ac       0x20 D:\usr\GR-SAKURA\mruby\gcctestb\gcctestb\gr_mruby\mruby-1.1.0\build\grsakura\lib\libmruby.a(gem_init.o)
                0xfff338ac                GENERATED_TMP_mrb_mruby_math_gem_init
                0xfff338c6                GENERATED_TMP_mrb_mruby_math_gem_final
 P              0xfff338cc       0x20 D:\usr\GR-SAKURA\mruby\gcctestb\gcctestb\gr_mruby\mruby-1.1.0\build\grsakura\lib\libmruby.a(gem_init.o)
                0xfff338cc                GENERATED_TMP_mrb_mruby_rx_getc_gem_init
                0xfff338e6                GENERATED_TMP_mrb_mruby_rx_getc_gem_final
 P              0xfff338ec       0x20 D:\usr\GR-SAKURA\mruby\gcctestb\gcctestb\gr_mruby\mruby-1.1.0\build\grsakura\lib\libmruby.a(gem_init.o)
                0xfff338ec                GENERATED_TMP_mrb_mruby_ssp_thread_gem_init
                0xfff33906                GENERATED_TMP_mrb_mruby_ssp_thread_gem_final
 P              0xfff3390c       0x20 D:\usr\GR-SAKURA\mruby\gcctestb\gcctestb\gr_mruby\mruby-1.1.0\build\grsakura\lib\libmruby.a(gem_init.o)
                0xfff3390c                GENERATED_TMP_mrb_mruby_ssp_alarm_gem_init
                0xfff33926                GENERATED_TMP_mrb_mruby_ssp_alarm_gem_final
 P              0xfff3392c       0x20 D:\usr\GR-SAKURA\mruby\gcctestb\gcctestb\gr_mruby\mruby-1.1.0\build\grsakura\lib\libmruby.a(gem_init.o)
                0xfff3392c                GENERATED_TMP_mrb_mruby_ssp_cyclic_gem_init
                0xfff33946                GENERATED_TMP_mrb_mruby_ssp_cyclic_gem_final
 P              0xfff3394c       0x20 D:\usr\GR-SAKURA\mruby\gcctestb\gcctestb\gr_mruby\mruby-1.1.0\build\grsakura\lib\libmruby.a(gem_init.o)
                0xfff3394c                GENERATED_TMP_mrb_mruby_rx_gpio_gem_init
                0xfff33966                GENERATED_TMP_mrb_mruby_rx_gpio_gem_final
 P              0xfff3396c       0x20 D:\usr\GR-SAKURA\mruby\gcctestb\gcctestb\gr_mruby\mruby-1.1.0\build\grsakura\lib\libmruby.a(gem_init.o)
                0xfff3396c                GENERATED_TMP_mrb_mruby_rx_rcservo_gem_init
                0xfff33986                GENERATED_TMP_mrb_mruby_rx_rcservo_gem_final
 P              0xfff3398c       0x3c D:\usr\GR-SAKURA\mruby\gcctestb\gcctestb\gr_mruby\mruby-1.1.0\build\grsakura\lib\libmruby.a(gem_init.o)
                0xfff3398c                GENERATED_TMP_mrb_mruby_print_gem_init
                0xfff339c2                GENERATED_TMP_mrb_mruby_print_gem_final
 P              0xfff339c8      0x380 D:\usr\GR-SAKURA\mruby\gcctestb\gcctestb\gr_mruby\mruby-1.1.0\build\grsakura\lib\libmruby.a(backtrace.o)
                0xfff33c9c                mrb_print_backtrace
                0xfff33ce1                mrb_exc_backtrace
                0xfff33d05                mrb_get_backtrace
 P              0xfff33d48        0xc D:\usr\GR-SAKURA\mruby\gcctestb\gcctestb\gr_mruby\mruby-1.1.0\build\grsakura\lib\libmruby.a(compar.o)
                0xfff33d48                mrb_init_comparable
 P              0xfff33d54        0xc D:\usr\GR-SAKURA\mruby\gcctestb\gcctestb\gr_mruby\mruby-1.1.0\build\grsakura\lib\libmruby.a(enum.o)
                0xfff33d54                mrb_init_enumerable
 P              0xfff33d60      0x6d0 D:\usr\GR-SAKURA\mruby\gcctestb\gcctestb\gr_mruby\mruby-1.1.0\build\grsakura\lib\libmruby.a(math.o)
                0xfff34191                mrb_mruby_math_gem_init
                0xfff3442c                mrb_mruby_math_gem_final
 P              0xfff34430       0x3c D:\usr\GR-SAKURA\mruby\gcctestb\gcctestb\gr_mruby\mruby-1.1.0\build\grsakura\lib\libmruby.a(rx_getc.o)
                0xfff34430                mrb_rx_getc
                0xfff34452                mrb_mruby_rx_getc_gem_init
                0xfff3446b                mrb_mruby_rx_getc_gem_final
 P              0xfff3446c      0x4e4 D:\usr\GR-SAKURA\mruby\gcctestb\gcctestb\gr_mruby\mruby-1.1.0\build\grsakura\lib\libmruby.a(rx-gpio.o)
                0xfff346aa                mrb_mruby_rx_gpio_gem_init
                0xfff3494e                mrb_mruby_rx_gpio_gem_final
 P              0xfff34950      0x18c D:\usr\GR-SAKURA\mruby\gcctestb\gcctestb\gr_mruby\mruby-1.1.0\build\grsakura\lib\libmruby.a(rx-rcservo.o)
                0xfff34a7b                mrb_mruby_rx_rcservo_gem_init
                0xfff34ad9                mrb_mruby_rx_rcservo_gem_final
 P              0xfff34adc       0x74 D:\usr\GR-SAKURA\mruby\gcctestb\gcctestb\gr_mruby\mruby-1.1.0\build\grsakura\lib\libmruby.a(print.o)
                0xfff34adc                mrb_printstr
                0xfff34b33                mrb_mruby_print_gem_init
                0xfff34b4e                mrb_mruby_print_gem_final
 P              0xfff34b50        0xd D:\usr\GR-SAKURA\mruby\gcctestb\gcctestb\gr_common\lib\libsim.a(abort.o)
                0xfff34b50                abort
 P              0xfff34b5d        0xe D:\usr\GR-SAKURA\mruby\gcctestb\gcctestb\gr_common\lib\libsim.a(exit.o)
                0xfff34b5d                _exit
 P              0xfff34b6b        0x0 D:\usr\GR-SAKURA\mruby\gcctestb\gcctestb\gr_common\lib\libm.a(lib_a-sf_asinh.o)
 P              0xfff34b6b        0x0 D:\usr\GR-SAKURA\mruby\gcctestb\gcctestb\gr_common\lib\libm.a(lib_a-sf_atan.o)
 P              0xfff34b6b        0x0 D:\usr\GR-SAKURA\mruby\gcctestb\gcctestb\gr_common\lib\libm.a(lib_a-sf_cbrt.o)
 P              0xfff34b6b        0x0 D:\usr\GR-SAKURA\mruby\gcctestb\gcctestb\gr_common\lib\libm.a(lib_a-sf_ceil.o)
 P              0xfff34b6b        0x0 D:\usr\GR-SAKURA\mruby\gcctestb\gcctestb\gr_common\lib\libm.a(lib_a-sf_cos.o)